Archive member included to satisfy reference by file (symbol)

/home/yusaku/Atollic/TrueSTUDIO/ARMTools/bin/../lib/gcc/arm-atollic-eabi/6.3.1/../../../../arm-atollic-eabi/lib/armv7-m/libc.a(lib_a-init.o)
                              startup/startup_stm32f103xb.o (__libc_init_array)
/home/yusaku/Atollic/TrueSTUDIO/ARMTools/bin/../lib/gcc/arm-atollic-eabi/6.3.1/../../../../arm-atollic-eabi/lib/armv7-m/libc.a(lib_a-memcpy-stub.o)
                              Src/conf.o (memcpy)
/home/yusaku/Atollic/TrueSTUDIO/ARMTools/bin/../lib/gcc/arm-atollic-eabi/6.3.1/../../../../arm-atollic-eabi/lib/armv7-m/libc.a(lib_a-memset.o)
                              Src/main.o (memset)
/home/yusaku/Atollic/TrueSTUDIO/ARMTools/bin/../lib/gcc/arm-atollic-eabi/6.3.1/../../../../arm-atollic-eabi/lib/armv7-m/libc.a(lib_a-sprintf.o)
                              Src/motor_ctrl.o (sprintf)
/home/yusaku/Atollic/TrueSTUDIO/ARMTools/bin/../lib/gcc/arm-atollic-eabi/6.3.1/../../../../arm-atollic-eabi/lib/armv7-m/libc.a(lib_a-sscanf.o)
                              Src/uart_com.o (sscanf)
/home/yusaku/Atollic/TrueSTUDIO/ARMTools/bin/../lib/gcc/arm-atollic-eabi/6.3.1/../../../../arm-atollic-eabi/lib/armv7-m/libc.a(lib_a-stdio.o)
                              /home/yusaku/Atollic/TrueSTUDIO/ARMTools/bin/../lib/gcc/arm-atollic-eabi/6.3.1/../../../../arm-atollic-eabi/lib/armv7-m/libc.a(lib_a-sscanf.o) (__seofread)
/home/yusaku/Atollic/TrueSTUDIO/ARMTools/bin/../lib/gcc/arm-atollic-eabi/6.3.1/../../../../arm-atollic-eabi/lib/armv7-m/libc.a(lib_a-strcmp.o)
                              Src/uart_com.o (strcmp)
/home/yusaku/Atollic/TrueSTUDIO/ARMTools/bin/../lib/gcc/arm-atollic-eabi/6.3.1/../../../../arm-atollic-eabi/lib/armv7-m/libc.a(lib_a-strlen.o)
                              /home/yusaku/Atollic/TrueSTUDIO/ARMTools/bin/../lib/gcc/arm-atollic-eabi/6.3.1/../../../../arm-atollic-eabi/lib/armv7-m/libc.a(lib_a-sscanf.o) (strlen)
/home/yusaku/Atollic/TrueSTUDIO/ARMTools/bin/../lib/gcc/arm-atollic-eabi/6.3.1/../../../../arm-atollic-eabi/lib/armv7-m/libc.a(lib_a-svfprintf.o)
                              /home/yusaku/Atollic/TrueSTUDIO/ARMTools/bin/../lib/gcc/arm-atollic-eabi/6.3.1/../../../../arm-atollic-eabi/lib/armv7-m/libc.a(lib_a-sprintf.o) (_svfprintf_r)
/home/yusaku/Atollic/TrueSTUDIO/ARMTools/bin/../lib/gcc/arm-atollic-eabi/6.3.1/../../../../arm-atollic-eabi/lib/armv7-m/libc.a(lib_a-svfscanf.o)
                              /home/yusaku/Atollic/TrueSTUDIO/ARMTools/bin/../lib/gcc/arm-atollic-eabi/6.3.1/../../../../arm-atollic-eabi/lib/armv7-m/libc.a(lib_a-sscanf.o) (__ssvfscanf_r)
/home/yusaku/Atollic/TrueSTUDIO/ARMTools/bin/../lib/gcc/arm-atollic-eabi/6.3.1/../../../../arm-atollic-eabi/lib/armv7-m/libc.a(lib_a-writer.o)
                              /home/yusaku/Atollic/TrueSTUDIO/ARMTools/bin/../lib/gcc/arm-atollic-eabi/6.3.1/../../../../arm-atollic-eabi/lib/armv7-m/libc.a(lib_a-stdio.o) (_write_r)
/home/yusaku/Atollic/TrueSTUDIO/ARMTools/bin/../lib/gcc/arm-atollic-eabi/6.3.1/../../../../arm-atollic-eabi/lib/armv7-m/libc.a(lib_a-closer.o)
                              /home/yusaku/Atollic/TrueSTUDIO/ARMTools/bin/../lib/gcc/arm-atollic-eabi/6.3.1/../../../../arm-atollic-eabi/lib/armv7-m/libc.a(lib_a-stdio.o) (_close_r)
/home/yusaku/Atollic/TrueSTUDIO/ARMTools/bin/../lib/gcc/arm-atollic-eabi/6.3.1/../../../../arm-atollic-eabi/lib/armv7-m/libc.a(lib_a-dtoa.o)
                              /home/yusaku/Atollic/TrueSTUDIO/ARMTools/bin/../lib/gcc/arm-atollic-eabi/6.3.1/../../../../arm-atollic-eabi/lib/armv7-m/libc.a(lib_a-svfprintf.o) (_dtoa_r)
/home/yusaku/Atollic/TrueSTUDIO/ARMTools/bin/../lib/gcc/arm-atollic-eabi/6.3.1/../../../../arm-atollic-eabi/lib/armv7-m/libc.a(lib_a-impure.o)
                              /home/yusaku/Atollic/TrueSTUDIO/ARMTools/bin/../lib/gcc/arm-atollic-eabi/6.3.1/../../../../arm-atollic-eabi/lib/armv7-m/libc.a(lib_a-sprintf.o) (_impure_ptr)
/home/yusaku/Atollic/TrueSTUDIO/ARMTools/bin/../lib/gcc/arm-atollic-eabi/6.3.1/../../../../arm-atollic-eabi/lib/armv7-m/libc.a(lib_a-iswspace.o)
                              /home/yusaku/Atollic/TrueSTUDIO/ARMTools/bin/../lib/gcc/arm-atollic-eabi/6.3.1/../../../../arm-atollic-eabi/lib/armv7-m/libc.a(lib_a-svfscanf.o) (iswspace)
/home/yusaku/Atollic/TrueSTUDIO/ARMTools/bin/../lib/gcc/arm-atollic-eabi/6.3.1/../../../../arm-atollic-eabi/lib/armv7-m/libc.a(lib_a-locale.o)
                              /home/yusaku/Atollic/TrueSTUDIO/ARMTools/bin/../lib/gcc/arm-atollic-eabi/6.3.1/../../../../arm-atollic-eabi/lib/armv7-m/libc.a(lib_a-svfscanf.o) (__locale_mb_cur_max)
/home/yusaku/Atollic/TrueSTUDIO/ARMTools/bin/../lib/gcc/arm-atollic-eabi/6.3.1/../../../../arm-atollic-eabi/lib/armv7-m/libc.a(lib_a-localeconv.o)
                              /home/yusaku/Atollic/TrueSTUDIO/ARMTools/bin/../lib/gcc/arm-atollic-eabi/6.3.1/../../../../arm-atollic-eabi/lib/armv7-m/libc.a(lib_a-svfprintf.o) (_localeconv_r)
[...]
Memory Configuration

Name             Origin             Length             Attributes
FLASH            0x0000000008000000 0x000000000000fc00 xr
DATA             0x000000000800fc00 0x0000000000000400 r
RAM              0x0000000020000000 0x0000000000005000 xrw
*default*        0x0000000000000000 0xffffffffffffffff

Linker script and memory map

LOAD /home/yusaku/Atollic/TrueSTUDIO/ARMTools/bin/../lib/gcc/arm-atollic-eabi/6.3.1/armv7-m/crti.o
LOAD /home/yusaku/Atollic/TrueSTUDIO/ARMTools/bin/../lib/gcc/arm-atollic-eabi/6.3.1/armv7-m/crtbegin.o
LOAD Drivers/STM32F1xx_HAL_Driver/Src/stm32f1xx_hal.o
LOAD Drivers/STM32F1xx_HAL_Driver/Src/stm32f1xx_hal_can.o
LOAD Drivers/STM32F1xx_HAL_Driver/Src/stm32f1xx_hal_cortex.o
LOAD Drivers/STM32F1xx_HAL_Driver/Src/stm32f1xx_hal_dma.o
LOAD Drivers/STM32F1xx_HAL_Driver/Src/stm32f1xx_hal_flash.o
LOAD Drivers/STM32F1xx_HAL_Driver/Src/stm32f1xx_hal_flash_ex.o
LOAD Drivers/STM32F1xx_HAL_Driver/Src/stm32f1xx_hal_gpio.o
LOAD Drivers/STM32F1xx_HAL_Driver/Src/stm32f1xx_hal_gpio_ex.o
LOAD Drivers/STM32F1xx_HAL_Driver/Src/stm32f1xx_hal_pwr.o
LOAD Drivers/STM32F1xx_HAL_Driver/Src/stm32f1xx_hal_rcc.o
LOAD Drivers/STM32F1xx_HAL_Driver/Src/stm32f1xx_hal_rcc_ex.o
LOAD Drivers/STM32F1xx_HAL_Driver/Src/stm32f1xx_hal_tim.o
LOAD Drivers/STM32F1xx_HAL_Driver/Src/stm32f1xx_hal_tim_ex.o
LOAD Drivers/STM32F1xx_HAL_Driver/Src/stm32f1xx_hal_uart.o
LOAD Drivers/STM32F1xx_HAL_Driver/Src/stm32f1xx_ll_crc.o
LOAD Drivers/STM32F1xx_HAL_Driver/Src/stm32f1xx_ll_dma.o
LOAD Drivers/STM32F1xx_HAL_Driver/Src/stm32f1xx_ll_exti.o
LOAD Drivers/STM32F1xx_HAL_Driver/Src/stm32f1xx_ll_gpio.o
LOAD Drivers/STM32F1xx_HAL_Driver/Src/stm32f1xx_ll_rcc.o
LOAD Drivers/STM32F1xx_HAL_Driver/Src/stm32f1xx_ll_tim.o
LOAD Drivers/STM32F1xx_HAL_Driver/Src/stm32f1xx_ll_usart.o
LOAD Drivers/STM32F1xx_HAL_Driver/Src/stm32f1xx_ll_utils.o
LOAD Src/SerialClass.o
LOAD Src/can.o
LOAD Src/conf.o
LOAD Src/led.o
LOAD Src/main.o
LOAD Src/motor_ctrl.o
LOAD Src/stm32f1xx_hal_msp.o
LOAD Src/stm32f1xx_it.o
LOAD Src/system_stm32f1xx.o
LOAD Src/uart_com.o
LOAD startup/startup_stm32f103xb.o
                0x0000000000001000                malloc_getpagesize_P = 0x1000
START GROUP
LOAD /home/yusaku/Atollic/TrueSTUDIO/ARMTools/bin/../lib/gcc/arm-atollic-eabi/6.3.1/../../../../arm-atollic-eabi/lib/armv7-m/libstdc++_nano.a
LOAD /home/yusaku/Atollic/TrueSTUDIO/ARMTools/bin/../lib/gcc/arm-atollic-eabi/6.3.1/../../../../arm-atollic-eabi/lib/armv7-m/libsupc++_nano.a
END GROUP
LOAD /home/yusaku/Atollic/TrueSTUDIO/ARMTools/bin/../lib/gcc/arm-atollic-eabi/6.3.1/../../../../arm-atollic-eabi/lib/armv7-m/libstdc++_nano.a
LOAD /home/yusaku/Atollic/TrueSTUDIO/ARMTools/bin/../lib/gcc/arm-atollic-eabi/6.3.1/../../../../arm-atollic-eabi/lib/armv7-m/libm.a
LOAD /home/yusaku/Atollic/TrueSTUDIO/ARMTools/bin/../lib/gcc/arm-atollic-eabi/6.3.1/../../../../arm-atollic-eabi/lib/armv7-m/libc.a
START GROUP
LOAD /home/yusaku/Atollic/TrueSTUDIO/ARMTools/bin/../lib/gcc/arm-atollic-eabi/6.3.1/armv7-m/libgcc.a
LOAD /home/yusaku/Atollic/TrueSTUDIO/ARMTools/bin/../lib/gcc/arm-atollic-eabi/6.3.1/../../../../arm-atollic-eabi/lib/armv7-m/libc.a
END GROUP
START GROUP
LOAD /home/yusaku/Atollic/TrueSTUDIO/ARMTools/bin/../lib/gcc/arm-atollic-eabi/6.3.1/armv7-m/libgcc.a
LOAD /home/yusaku/Atollic/TrueSTUDIO/ARMTools/bin/../lib/gcc/arm-atollic-eabi/6.3.1/../../../../arm-atollic-eabi/lib/armv7-m/libc.a
LOAD /home/yusaku/Atollic/TrueSTUDIO/ARMTools/bin/../lib/gcc/arm-atollic-eabi/6.3.1/../../../../arm-atollic-eabi/lib/armv7-m/libnosys.a
END GROUP
START GROUP
LOAD /home/yusaku/Atollic/TrueSTUDIO/ARMTools/bin/../lib/gcc/arm-atollic-eabi/6.3.1/armv7-m/libgcc.a
LOAD /home/yusaku/Atollic/TrueSTUDIO/ARMTools/bin/../lib/gcc/arm-atollic-eabi/6.3.1/../../../../arm-atollic-eabi/lib/armv7-m/libc.a
LOAD /home/yusaku/Atollic/TrueSTUDIO/ARMTools/bin/../lib/gcc/arm-atollic-eabi/6.3.1/../../../../arm-atollic-eabi/lib/armv7-m/libnosys.a
END GROUP
LOAD /home/yusaku/Atollic/TrueSTUDIO/ARMTools/bin/../lib/gcc/arm-atollic-eabi/6.3.1/armv7-m/crtend.o
LOAD /home/yusaku/Atollic/TrueSTUDIO/ARMTools/bin/../lib/gcc/arm-atollic-eabi/6.3.1/armv7-m/crtn.o
                0x0000000020005000                _estack = 0x20005000
                0x0000000000000200                _Min_Heap_Size = 0x200
                0x0000000000000400                _Min_Stack_Size = 0x400

.isr_vector     0x0000000008000000      0x10c
                0x0000000008000000                . = ALIGN (0x4)
 *(.isr_vector)
 .isr_vector    0x0000000008000000      0x10c startup/startup_stm32f103xb.o
                0x0000000008000000                g_pfnVectors
                0x000000000800010c                . = ALIGN (0x4)

.text           0x0000000008000110     0xaca8
                0x0000000008000110                . = ALIGN (0x4)
 *(.text)
 .text          0x0000000008000110       0x40 /home/yusaku/Atollic/TrueSTUDIO/ARMTools/bin/../lib/gcc/arm-atollic-eabi/6.3.1/armv7-m/crtbegin.o
 .text          0x0000000008000150       0x14 /home/yusaku/Atollic/TrueSTUDIO/ARMTools/bin/../lib/gcc/arm-atollic-eabi/6.3.1/../../../../arm-atollic-eabi/lib/armv7-m/libc.a(lib_a-strcmp.o)
                0x0000000008000150                strcmp
 .text          0x0000000008000164       0x10 /home/yusaku/Atollic/TrueSTUDIO/ARMTools/bin/../lib/gcc/arm-atollic-eabi/6.3.1/../../../../arm-atollic-eabi/lib/armv7-m/libc.a(lib_a-strlen.o)
                0x0000000008000164                strlen
 .text          0x0000000008000174      0x370 /home/yusaku/Atollic/TrueSTUDIO/ARMTools/bin/../lib/gcc/arm-atollic-eabi/6.3.1/armv7-m/libgcc.a(_arm_addsubdf3.o)
                0x0000000008000174                __aeabi_drsub
                0x000000000800017c                __aeabi_dsub
                0x000000000800017c                __subdf3
                0x0000000008000180                __adddf3
                0x0000000008000180                __aeabi_dadd
                0x00000000080003f8                __aeabi_ui2d
                0x00000000080003f8                __floatunsidf
                0x0000000008000418                __floatsidf
                0x0000000008000418                __aeabi_i2d
                0x000000000800043c                __extendsfdf2
                0x000000000800043c                __aeabi_f2d
                0x0000000008000478                __aeabi_ul2d
                0x0000000008000478                __floatundidf
                0x0000000008000488                __floatdidf
                0x0000000008000488                __aeabi_l2d
 .text          0x00000000080004e4      0x424 /home/yusaku/Atollic/TrueSTUDIO/ARMTools/bin/../lib/gcc/arm-atollic-eabi/6.3.1/armv7-m/libgcc.a(_arm_muldivdf3.o)
                0x00000000080004e4                __aeabi_dmul
                0x00000000080004e4                __muldf3
                0x0000000008000738                __aeabi_ddiv
                0x0000000008000738                __divdf3
 .text          0x0000000008000908      0x110 /home/yusaku/Atollic/TrueSTUDIO/ARMTools/bin/../lib/gcc/arm-atollic-eabi/6.3.1/armv7-m/libgcc.a(_arm_cmpdf2.o)
                0x0000000008000908                __gtdf2
                0x0000000008000908                __gedf2
                0x0000000008000910                __ltdf2
                0x0000000008000910                __ledf2
                0x0000000008000918                __cmpdf2
                0x0000000008000918                __eqdf2
                0x0000000008000918                __nedf2
                0x0000000008000994                __aeabi_cdrcmple
                0x00000000080009a4                __aeabi_cdcmple
                0x00000000080009a4                __aeabi_cdcmpeq
                0x00000000080009b4                __aeabi_dcmpeq
                0x00000000080009c8                __aeabi_dcmplt
                0x00000000080009dc                __aeabi_dcmple
                0x00000000080009f0                __aeabi_dcmpge
                0x0000000008000a04                __aeabi_dcmpgt
 .text          0x0000000008000a18       0x2c /home/yusaku/Atollic/TrueSTUDIO/ARMTools/bin/../lib/gcc/arm-atollic-eabi/6.3.1/armv7-m/libgcc.a(_arm_unorddf2.o)
                0x0000000008000a18                __aeabi_dcmpun
                0x0000000008000a18                __unorddf2
 .text          0x0000000008000a44       0x50 /home/yusaku/Atollic/TrueSTUDIO/ARMTools/bin/../lib/gcc/arm-atollic-eabi/6.3.1/armv7-m/libgcc.a(_arm_fixdfsi.o)
                0x0000000008000a44                __fixdfsi
                0x0000000008000a44                __aeabi_d2iz
 .text          0x0000000008000a94       0x40 /home/yusaku/Atollic/TrueSTUDIO/ARMTools/bin/../lib/gcc/arm-atollic-eabi/6.3.1/armv7-m/libgcc.a(_arm_fixunsdfsi.o)
                0x0000000008000a94                __fixunsdfsi
                0x0000000008000a94                __aeabi_d2uiz
 .text          0x0000000008000ad4       0xa0 /home/yusaku/Atollic/TrueSTUDIO/ARMTools/bin/../lib/gcc/arm-atollic-eabi/6.3.1/armv7-m/libgcc.a(_arm_truncdfsf2.o)
                0x0000000008000ad4                __aeabi_d2f
                0x0000000008000ad4                __truncdfsf2
 .text          0x0000000008000b74       0x30 /home/yusaku/Atollic/TrueSTUDIO/ARMTools/bin/../lib/gcc/arm-atollic-eabi/6.3.1/armv7-m/libgcc.a(_aeabi_uldivmod.o)
                0x0000000008000b74                __aeabi_uldivmod
 .text          0x0000000008000ba4      0x2dc /home/yusaku/Atollic/TrueSTUDIO/ARMTools/bin/../lib/gcc/arm-atollic-eabi/6.3.1/armv7-m/libgcc.a(_udivmoddi4.o)
                0x0000000008000ba4                __udivmoddi4
 .text          0x0000000008000e80      0x9dc /home/yusaku/Atollic/TrueSTUDIO/ARMTools/bin/../lib/gcc/arm-atollic-eabi/6.3.1/armv7-m/libgcc.a(unwind-arm.o)
                0x0000000008001144                _Unwind_GetCFA
                0x0000000008001148                __gnu_Unwind_RaiseException
                0x00000000080011a8                __gnu_Unwind_ForcedUnwind
                0x00000000080011bc                __gnu_Unwind_Resume
                0x0000000008001200                __gnu_Unwind_Resume_or_Rethrow
                0x0000000008001214                _Unwind_Complete
                0x0000000008001218                _Unwind_DeleteException
                0x0000000008001224                _Unwind_VRS_Get
                0x0000000008001270                _Unwind_VRS_Set
                0x00000000080012c0                __gnu_Unwind_Backtrace
                0x0000000008001604                __aeabi_unwind_cpp_pr0
                0x0000000008001608                __aeabi_unwind_cpp_pr1
                0x000000000800160c                __aeabi_unwind_cpp_pr2
                0x0000000008001610                _Unwind_VRS_Pop
 .text          0x000000000800185c      0x1ac /home/yusaku/Atollic/TrueSTUDIO/ARMTools/bin/../lib/gcc/arm-atollic-eabi/6.3.1/armv7-m/libgcc.a(libunwind.o)
                0x000000000800185c                __restore_core_regs
                0x000000000800185c                restore_core_regs
                0x0000000008001874                __gnu_Unwind_Restore_VFP
                0x000000000800187c                __gnu_Unwind_Save_VFP
                0x0000000008001884                __gnu_Unwind_Restore_VFP_D
                0x000000000800188c                __gnu_Unwind_Save_VFP_D
                0x0000000008001894                __gnu_Unwind_Restore_VFP_D_16_to_31
                0x000000000800189c                __gnu_Unwind_Save_VFP_D_16_to_31
                0x00000000080018a4                __gnu_Unwind_Restore_WMMXD
                0x00000000080018e8                __gnu_Unwind_Save_WMMXD
                0x000000000800192c                __gnu_Unwind_Restore_WMMXC
                0x0000000008001940                __gnu_Unwind_Save_WMMXC
                0x0000000008001954                ___Unwind_RaiseException
                0x0000000008001954                _Unwind_RaiseException
                0x0000000008001978                ___Unwind_Resume
                0x0000000008001978                _Unwind_Resume
                0x000000000800199c                _Unwind_Resume_or_Rethrow
                0x000000000800199c                ___Unwind_Resume_or_Rethrow
                0x00000000080019c0                ___Unwind_ForcedUnwind
                0x00000000080019c0                _Unwind_ForcedUnwind
                0x00000000080019e4                _Unwind_Backtrace
                0x00000000080019e4                ___Unwind_Backtrace
 .text          0x0000000008001a08      0x384 /home/yusaku/Atollic/TrueSTUDIO/ARMTools/bin/../lib/gcc/arm-atollic-eabi/6.3.1/armv7-m/libgcc.a(pr-support.o)
                0x0000000008001a60                __gnu_unwind_execute
                0x0000000008001d30                __gnu_unwind_frame
                0x0000000008001d5c                _Unwind_GetRegionStart
                0x0000000008001d68                _Unwind_GetLanguageSpecificData
                0x0000000008001d7c                _Unwind_GetTextRelBase
                0x0000000008001d84                _Unwind_GetDataRelBase
 .text          0x0000000008001d8c        0x4 /home/yusaku/Atollic/TrueSTUDIO/ARMTools/bin/../lib/gcc/arm-atollic-eabi/6.3.1/armv7-m/libgcc.a(_dvmd_tls.o)
                0x0000000008001d8c                __aeabi_ldiv0
                0x0000000008001d8c                __aeabi_idiv0
 *(.text*)
 .text.HAL_InitTick
                0x0000000008001d90       0x4c Drivers/STM32F1xx_HAL_Driver/Src/stm32f1xx_hal.o
                0x0000000008001d90                HAL_InitTick
 .text.HAL_Init
                0x0000000008001ddc       0x24 Drivers/STM32F1xx_HAL_Driver/Src/stm32f1xx_hal.o
                0x0000000008001ddc                HAL_Init
 .text.HAL_IncTick
                0x0000000008001e00       0x18 Drivers/STM32F1xx_HAL_Driver/Src/stm32f1xx_hal.o
                0x0000000008001e00                HAL_IncTick
 .text.HAL_GetTick
                0x0000000008001e18        0xc Drivers/STM32F1xx_HAL_Driver/Src/stm32f1xx_hal.o
                0x0000000008001e18                HAL_GetTick
 .text.HAL_Delay
                0x0000000008001e24       0x28 Drivers/STM32F1xx_HAL_Driver/Src/stm32f1xx_hal.o
                0x0000000008001e24                HAL_Delay
 .text.HAL_CAN_Init
                0x0000000008001e4c      0x14c Drivers/STM32F1xx_HAL_Driver/Src/stm32f1xx_hal_can.o
                0x0000000008001e4c                HAL_CAN_Init
 .text.HAL_CAN_ConfigFilter
                0x0000000008001f98       0xfc Drivers/STM32F1xx_HAL_Driver/Src/stm32f1xx_hal_can.o
                0x0000000008001f98                HAL_CAN_ConfigFilter
 .text.HAL_CAN_Start
                0x0000000008002094       0x5c Drivers/STM32F1xx_HAL_Driver/Src/stm32f1xx_hal_can.o
                0x0000000008002094                HAL_CAN_Start
 .text.HAL_CAN_GetRxMessage
                0x00000000080020f0      0x134 Drivers/STM32F1xx_HAL_Driver/Src/stm32f1xx_hal_can.o
                0x00000000080020f0                HAL_CAN_GetRxMessage
 .text.HAL_CAN_ActivateNotification
                0x0000000008002224       0x24 Drivers/STM32F1xx_HAL_Driver/Src/stm32f1xx_hal_can.o
                0x0000000008002224                HAL_CAN_ActivateNotification
 .text.HAL_CAN_TxMailbox0CompleteCallback
                0x0000000008002248        0x2 Drivers/STM32F1xx_HAL_Driver/Src/stm32f1xx_hal_can.o
                0x0000000008002248                HAL_CAN_TxMailbox0CompleteCallback
 .text.HAL_CAN_TxMailbox1CompleteCallback
                0x000000000800224a        0x2 Drivers/STM32F1xx_HAL_Driver/Src/stm32f1xx_hal_can.o
                0x000000000800224a                HAL_CAN_TxMailbox1CompleteCallback
 .text.HAL_CAN_TxMailbox2CompleteCallback
                0x000000000800224c        0x2 Drivers/STM32F1xx_HAL_Driver/Src/stm32f1xx_hal_can.o
                0x000000000800224c                HAL_CAN_TxMailbox2CompleteCallback
 .text.HAL_CAN_TxMailbox0AbortCallback
                0x000000000800224e        0x2 Drivers/STM32F1xx_HAL_Driver/Src/stm32f1xx_hal_can.o
                0x000000000800224e                HAL_CAN_TxMailbox0AbortCallback
 .text.HAL_CAN_TxMailbox1AbortCallback
                0x0000000008002250        0x2 Drivers/STM32F1xx_HAL_Driver/Src/stm32f1xx_hal_can.o
                0x0000000008002250                HAL_CAN_TxMailbox1AbortCallback
 .text.HAL_CAN_TxMailbox2AbortCallback
                0x0000000008002252        0x2 Drivers/STM32F1xx_HAL_Driver/Src/stm32f1xx_hal_can.o
                0x0000000008002252                HAL_CAN_TxMailbox2AbortCallback
 .text.HAL_CAN_RxFifo0FullCallback
                0x0000000008002254        0x2 Drivers/STM32F1xx_HAL_Driver/Src/stm32f1xx_hal_can.o
                0x0000000008002254                HAL_CAN_RxFifo0FullCallback
 .text.HAL_CAN_RxFifo1MsgPendingCallback
                0x0000000008002256        0x2 Drivers/STM32F1xx_HAL_Driver/Src/stm32f1xx_hal_can.o
                0x0000000008002256                HAL_CAN_RxFifo1MsgPendingCallback
 .text.HAL_CAN_RxFifo1FullCallback
                0x0000000008002258        0x2 Drivers/STM32F1xx_HAL_Driver/Src/stm32f1xx_hal_can.o
                0x0000000008002258                HAL_CAN_RxFifo1FullCallback
 .text.HAL_CAN_SleepCallback
                0x000000000800225a        0x2 Drivers/STM32F1xx_HAL_Driver/Src/stm32f1xx_hal_can.o
                0x000000000800225a                HAL_CAN_SleepCallback
 .text.HAL_CAN_WakeUpFromRxMsgCallback
                0x000000000800225c        0x2 Drivers/STM32F1xx_HAL_Driver/Src/stm32f1xx_hal_can.o
                0x000000000800225c                HAL_CAN_WakeUpFromRxMsgCallback
 .text.HAL_CAN_ErrorCallback
                0x000000000800225e        0x2 Drivers/STM32F1xx_HAL_Driver/Src/stm32f1xx_hal_can.o
                0x000000000800225e                HAL_CAN_ErrorCallback
 .text.HAL_CAN_IRQHandler
                0x0000000008002260      0x258 Drivers/STM32F1xx_HAL_Driver/Src/stm32f1xx_hal_can.o
                0x0000000008002260                HAL_CAN_IRQHandler
 .text.HAL_NVIC_SetPriorityGrouping
                0x00000000080024b8       0x24 Drivers/STM32F1xx_HAL_Driver/Src/stm32f1xx_hal_cortex.o
                0x00000000080024b8                HAL_NVIC_SetPriorityGrouping
 .text.HAL_NVIC_SetPriority
                0x00000000080024dc       0x64 Drivers/STM32F1xx_HAL_Driver/Src/stm32f1xx_hal_cortex.o
                0x00000000080024dc                HAL_NVIC_SetPriority
 .text.HAL_NVIC_EnableIRQ
                0x0000000008002540       0x18 Drivers/STM32F1xx_HAL_Driver/Src/stm32f1xx_hal_cortex.o
                0x0000000008002540                HAL_NVIC_EnableIRQ
 .text.HAL_SYSTICK_Config
                0x0000000008002558       0x2c Drivers/STM32F1xx_HAL_Driver/Src/stm32f1xx_hal_cortex.o
                0x0000000008002558                HAL_SYSTICK_Config
 .text.HAL_SYSTICK_Callback
                0x0000000008002584        0x2 Drivers/STM32F1xx_HAL_Driver/Src/stm32f1xx_hal_cortex.o
                0x0000000008002584                HAL_SYSTICK_Callback
 .text.HAL_SYSTICK_IRQHandler
                0x0000000008002586        0x8 Drivers/STM32F1xx_HAL_Driver/Src/stm32f1xx_hal_cortex.o
                0x0000000008002586                HAL_SYSTICK_IRQHandler
 .text.DMA_SetConfig
                0x000000000800258e       0x2c Drivers/STM32F1xx_HAL_Driver/Src/stm32f1xx_hal_dma.o
 *fill*         0x00000000080025ba        0x2 
 .text.HAL_DMA_Init
                0x00000000080025bc       0x6c Drivers/STM32F1xx_HAL_Driver/Src/stm32f1xx_hal_dma.o
                0x00000000080025bc                HAL_DMA_Init
 .text.HAL_DMA_Start_IT
                0x0000000008002628       0x74 Drivers/STM32F1xx_HAL_Driver/Src/stm32f1xx_hal_dma.o
                0x0000000008002628                HAL_DMA_Start_IT
 .text.HAL_DMA_Abort_IT
                0x000000000800269c       0x98 Drivers/STM32F1xx_HAL_Driver/Src/stm32f1xx_hal_dma.o
                0x000000000800269c                HAL_DMA_Abort_IT
 .text.HAL_DMA_IRQHandler
                0x0000000008002734      0x144 Drivers/STM32F1xx_HAL_Driver/Src/stm32f1xx_hal_dma.o
                0x0000000008002734                HAL_DMA_IRQHandler
 .text.FLASH_Program_HalfWord
                0x0000000008002878       0x1c Drivers/STM32F1xx_HAL_Driver/Src/stm32f1xx_hal_flash.o
 .text.FLASH_SetErrorCode
                0x0000000008002894       0x74 Drivers/STM32F1xx_HAL_Driver/Src/stm32f1xx_hal_flash.o
 .text.HAL_FLASH_Unlock
                0x0000000008002908       0x34 Drivers/STM32F1xx_HAL_Driver/Src/stm32f1xx_hal_flash.o
                0x0000000008002908                HAL_FLASH_Unlock
 .text.HAL_FLASH_Lock
                0x000000000800293c       0x14 Drivers/STM32F1xx_HAL_Driver/Src/stm32f1xx_hal_flash.o
                0x000000000800293c                HAL_FLASH_Lock
 .text.FLASH_WaitForLastOperation
                0x0000000008002950       0x6c Drivers/STM32F1xx_HAL_Driver/Src/stm32f1xx_hal_flash.o
                0x0000000008002950                FLASH_WaitForLastOperation
 .text.HAL_FLASH_Program
                0x00000000080029bc       0x9c Drivers/STM32F1xx_HAL_Driver/Src/stm32f1xx_hal_flash.o
                0x00000000080029bc                HAL_FLASH_Program
 .text.FLASH_MassErase
                0x0000000008002a58       0x24 Drivers/STM32F1xx_HAL_Driver/Src/stm32f1xx_hal_flash_ex.o
 .text.FLASH_PageErase
                0x0000000008002a7c       0x24 Drivers/STM32F1xx_HAL_Driver/Src/stm32f1xx_hal_flash_ex.o
                0x0000000008002a7c                FLASH_PageErase
 .text.HAL_FLASHEx_Erase
                0x0000000008002aa0       0xa4 Drivers/STM32F1xx_HAL_Driver/Src/stm32f1xx_hal_flash_ex.o
                0x0000000008002aa0                HAL_FLASHEx_Erase
 .text.HAL_GPIO_Init
                0x0000000008002b44      0x1ec Drivers/STM32F1xx_HAL_Driver/Src/stm32f1xx_hal_gpio.o
                0x0000000008002b44                HAL_GPIO_Init
 .text.HAL_RCC_GetHCLKFreq
                0x0000000008002d30        0xc Drivers/STM32F1xx_HAL_Driver/Src/stm32f1xx_hal_rcc.o
                0x0000000008002d30                HAL_RCC_GetHCLKFreq
 .text.HAL_RCC_GetPCLK1Freq
                0x0000000008002d3c       0x20 Drivers/STM32F1xx_HAL_Driver/Src/stm32f1xx_hal_rcc.o
                0x0000000008002d3c                HAL_RCC_GetPCLK1Freq
 .text.HAL_RCC_GetPCLK2Freq
                0x0000000008002d5c       0x20 Drivers/STM32F1xx_HAL_Driver/Src/stm32f1xx_hal_rcc.o
                0x0000000008002d5c                HAL_RCC_GetPCLK2Freq
 .text.UART_EndTxTransfer
                0x0000000008002d7c       0x12 Drivers/STM32F1xx_HAL_Driver/Src/stm32f1xx_hal_uart.o
 .text.UART_EndRxTransfer
                0x0000000008002d8e       0x1c Drivers/STM32F1xx_HAL_Driver/Src/stm32f1xx_hal_uart.o
 .text.UART_Transmit_IT
                0x0000000008002daa       0x6a Drivers/STM32F1xx_HAL_Driver/Src/stm32f1xx_hal_uart.o
 .text.UART_SetConfig
                0x0000000008002e14      0x1b0 Drivers/STM32F1xx_HAL_Driver/Src/stm32f1xx_hal_uart.o
 .text.HAL_UART_Init
                0x0000000008002fc4       0x5e Drivers/STM32F1xx_HAL_Driver/Src/stm32f1xx_hal_uart.o
                0x0000000008002fc4                HAL_UART_Init
 *fill*         0x0000000008003022        0x2 
 .text.HAL_UART_Transmit_DMA
                0x0000000008003024       0x8c Drivers/STM32F1xx_HAL_Driver/Src/stm32f1xx_hal_uart.o
                0x0000000008003024                HAL_UART_Transmit_DMA
 .text.HAL_UART_Receive_DMA
                0x00000000080030b0       0xa8 Drivers/STM32F1xx_HAL_Driver/Src/stm32f1xx_hal_uart.o
                0x00000000080030b0                HAL_UART_Receive_DMA
 .text.UART_DMATransmitCplt
                0x0000000008003158       0x30 Drivers/STM32F1xx_HAL_Driver/Src/stm32f1xx_hal_uart.o
 .text.UART_EndTransmit_IT
                0x0000000008003188       0x1a Drivers/STM32F1xx_HAL_Driver/Src/stm32f1xx_hal_uart.o
 .text.HAL_UART_TxHalfCpltCallback
                0x00000000080031a2        0x2 Drivers/STM32F1xx_HAL_Driver/Src/stm32f1xx_hal_uart.o
                0x00000000080031a2                HAL_UART_TxHalfCpltCallback
 .text.UART_DMATxHalfCplt
                0x00000000080031a4        0xa Drivers/STM32F1xx_HAL_Driver/Src/stm32f1xx_hal_uart.o
 .text.HAL_UART_RxCpltCallback
                0x00000000080031ae        0x2 Drivers/STM32F1xx_HAL_Driver/Src/stm32f1xx_hal_uart.o
                0x00000000080031ae                HAL_UART_RxCpltCallback
 .text.UART_DMAReceiveCplt
                0x00000000080031b0       0x3e Drivers/STM32F1xx_HAL_Driver/Src/stm32f1xx_hal_uart.o
 .text.UART_Receive_IT
                0x00000000080031ee       0x9e Drivers/STM32F1xx_HAL_Driver/Src/stm32f1xx_hal_uart.o
 .text.HAL_UART_RxHalfCpltCallback
                0x000000000800328c        0x2 Drivers/STM32F1xx_HAL_Driver/Src/stm32f1xx_hal_uart.o
                0x000000000800328c                HAL_UART_RxHalfCpltCallback
 .text.UART_DMARxHalfCplt
                0x000000000800328e        0xa Drivers/STM32F1xx_HAL_Driver/Src/stm32f1xx_hal_uart.o
 .text.HAL_UART_ErrorCallback
                0x0000000008003298        0x2 Drivers/STM32F1xx_HAL_Driver/Src/stm32f1xx_hal_uart.o
                0x0000000008003298                HAL_UART_ErrorCallback
 .text.UART_DMAError
                0x000000000800329a       0x58 Drivers/STM32F1xx_HAL_Driver/Src/stm32f1xx_hal_uart.o
 *fill*         0x00000000080032f2        0x2 
 .text.HAL_UART_IRQHandler
                0x00000000080032f4      0x120 Drivers/STM32F1xx_HAL_Driver/Src/stm32f1xx_hal_uart.o
                0x00000000080032f4                HAL_UART_IRQHandler
 .text.UART_DMAAbortOnError
                0x0000000008003414       0x10 Drivers/STM32F1xx_HAL_Driver/Src/stm32f1xx_hal_uart.o
 .text.LL_GPIO_Init
                0x0000000008003424       0xf4 Drivers/STM32F1xx_HAL_Driver/Src/stm32f1xx_ll_gpio.o
                0x0000000008003424                LL_GPIO_Init
 .text.OC1Config
                0x0000000008003518       0x6c Drivers/STM32F1xx_HAL_Driver/Src/stm32f1xx_ll_tim.o
 .text.OC2Config
                0x0000000008003584       0x74 Drivers/STM32F1xx_HAL_Driver/Src/stm32f1xx_ll_tim.o
 .text.OC3Config
                0x00000000080035f8       0x70 Drivers/STM32F1xx_HAL_Driver/Src/stm32f1xx_ll_tim.o
 .text.OC4Config
                0x0000000008003668       0x54 Drivers/STM32F1xx_HAL_Driver/Src/stm32f1xx_ll_tim.o
 .text.LL_TIM_Init
                0x00000000080036bc       0x74 Drivers/STM32F1xx_HAL_Driver/Src/stm32f1xx_ll_tim.o
                0x00000000080036bc                LL_TIM_Init
 .text.LL_TIM_OC_Init
                0x0000000008003730       0x3c Drivers/STM32F1xx_HAL_Driver/Src/stm32f1xx_ll_tim.o
                0x0000000008003730                LL_TIM_OC_Init
 .text.LL_TIM_BDTR_Init
                0x000000000800376c       0x3a Drivers/STM32F1xx_HAL_Driver/Src/stm32f1xx_ll_tim.o
                0x000000000800376c                LL_TIM_BDTR_Init
 *fill*         0x00000000080037a6        0x2 
 .text.LL_Init1msTick
                0x00000000080037a8       0x20 Drivers/STM32F1xx_HAL_Driver/Src/stm32f1xx_ll_utils.o
                0x00000000080037a8                LL_Init1msTick
 .text.LL_SetSystemCoreClock
                0x00000000080037c8        0xc Drivers/STM32F1xx_HAL_Driver/Src/stm32f1xx_ll_utils.o
                0x00000000080037c8                LL_SetSystemCoreClock
 .text._Z41__static_initialization_and_destruction_0ii
                0x00000000080037d4       0x34 Src/SerialClass.o
 .text.HAL_UART_TxCpltCallback
                0x0000000008003808       0x20 Src/SerialClass.o
                0x0000000008003808                HAL_UART_TxCpltCallback
 .text._GLOBAL__sub_I_serial
                0x0000000008003828        0xe Src/SerialClass.o
 .text._Z10can_unpackItEvRA8_KhRT_
                0x0000000008003836       0x2c Src/can.o
 .text._Z10can_unpackIdEvRA8_KhRT_
                0x0000000008003862       0x24 Src/can.o
 *fill*         0x0000000008003886        0x2 
 .text.can_init
                0x0000000008003888       0x24 Src/can.o
                0x0000000008003888                can_init
 .text.can_set_filter
                0x00000000080038ac       0x68 Src/can.o
                0x00000000080038ac                can_set_filter
 .text.can_enable
                0x0000000008003914       0x70 Src/can.o
                0x0000000008003914                can_enable
 .text.can_set_bitrate
                0x0000000008003984       0x6c Src/can.o
                0x0000000008003984                can_set_bitrate
 .text.can_rx   0x00000000080039f0       0x1c Src/can.o
                0x00000000080039f0                can_rx
 .text.HAL_CAN_RxFifo0MsgPendingCallback
                0x0000000008003a0c       0xf8 Src/can.o
                0x0000000008003a0c                HAL_CAN_RxFifo0MsgPendingCallback
 .text._Z11_eraseFlashv
                0x0000000008003b04       0x28 Src/conf.o
                0x0000000008003b04                _eraseFlash()
 .text._Z10writeFlashmPtm
                0x0000000008003b2c       0x2a Src/conf.o
                0x0000000008003b2c                writeFlash(unsigned long, unsigned short*, unsigned long)
 .text._Z9loadFlashmPhm
                0x0000000008003b56        0xe Src/conf.o
                0x0000000008003b56                loadFlash(unsigned long, unsigned char*, unsigned long)
 .text._Z8readConfv
                0x0000000008003b64       0x18 Src/conf.o
                0x0000000008003b64                readConf()
 .text._Z9writeConfv
                0x0000000008003b7c       0x18 Src/conf.o
                0x0000000008003b7c                writeConf()
 .text.led_on   0x0000000008003b94       0x44 Src/led.o
                0x0000000008003b94                led_on
 .text.led_process
                0x0000000008003bd8       0xc4 Src/led.o
                0x0000000008003bd8                led_process
 .text._ZL11MX_CRC_Initv
                0x0000000008003c9c       0x20 Src/main.o
 .text._ZL12MX_GPIO_Initv
                0x0000000008003cbc       0xc8 Src/main.o
 .text._ZL11MX_CAN_Initv
                0x0000000008003d84       0x30 Src/main.o
 .text._ZL12MX_TIM2_Initv
                0x0000000008003db4       0xc4 Src/main.o
 .text._ZL12MX_TIM3_Initv
                0x0000000008003e78       0xb8 Src/main.o
 .text._ZL12MX_TIM1_Initv
                0x0000000008003f30      0x110 Src/main.o
 .text._ZL11MX_DMA_Initv
                0x0000000008004040       0x44 Src/main.o
 .text._ZL19MX_USART1_UART_Initv
                0x0000000008004084       0x2c Src/main.o
 .text._ZN11SerialClass5writeEPKhi
                0x00000000080040b0       0x62 Src/main.o
                0x00000000080040b0                SerialClass::write(unsigned char const*, int)
 *fill*         0x0000000008004112        0x2 
 .text._Z18SystemClock_Configv
                0x0000000008004114       0xa8 Src/main.o
                0x0000000008004114                SystemClock_Config()
 .text.main     0x00000000080041bc      0x114 Src/main.o
                0x00000000080041bc                main
 .text.Error_Handler
                0x00000000080042d0        0x2 Src/main.o
                0x00000000080042d0                Error_Handler
 *fill*         0x00000000080042d2        0x2 
 .text._ZN9MotorCtrl7ControlEv
                0x00000000080042d4      0x26c Src/motor_ctrl.o
                0x00000000080042d4                MotorCtrl::Control()
 .text._ZN9MotorCtrl9SetTargetEd
                0x0000000008004540       0x5a Src/motor_ctrl.o
                0x0000000008004540                MotorCtrl::SetTarget(double)
 *fill*         0x000000000800459a        0x2 
 .text._ZN9MotorCtrl10ReadConfigEv
                0x000000000800459c       0x90 Src/motor_ctrl.o
                0x000000000800459c                MotorCtrl::ReadConfig()
 .text._ZN9MotorCtrl11WriteConfigEv
                0x000000000800462c       0x58 Src/motor_ctrl.o
                0x000000000800462c                MotorCtrl::WriteConfig()
 .text.HAL_MspInit
                0x0000000008004684       0xa0 Src/stm32f1xx_hal_msp.o
                0x0000000008004684                HAL_MspInit
 .text.HAL_CAN_MspInit
                0x0000000008004724       0x9c Src/stm32f1xx_hal_msp.o
                0x0000000008004724                HAL_CAN_MspInit
 .text.HAL_UART_MspInit
                0x00000000080047c0       0xec Src/stm32f1xx_hal_msp.o
                0x00000000080047c0                HAL_UART_MspInit
 .text.NMI_Handler
                0x00000000080048ac        0x2 Src/stm32f1xx_it.o
                0x00000000080048ac                NMI_Handler
 .text.HardFault_Handler
                0x00000000080048ae        0x2 Src/stm32f1xx_it.o
                0x00000000080048ae                HardFault_Handler
 .text.MemManage_Handler
                0x00000000080048b0        0x2 Src/stm32f1xx_it.o
                0x00000000080048b0                MemManage_Handler
 .text.BusFault_Handler
                0x00000000080048b2        0x2 Src/stm32f1xx_it.o
                0x00000000080048b2                BusFault_Handler
 .text.UsageFault_Handler
                0x00000000080048b4        0x2 Src/stm32f1xx_it.o
                0x00000000080048b4                UsageFault_Handler
 .text.SVC_Handler
                0x00000000080048b6        0x2 Src/stm32f1xx_it.o
                0x00000000080048b6                SVC_Handler
 .text.DebugMon_Handler
                0x00000000080048b8        0x2 Src/stm32f1xx_it.o
                0x00000000080048b8                DebugMon_Handler
 .text.PendSV_Handler
                0x00000000080048ba        0x2 Src/stm32f1xx_it.o
                0x00000000080048ba                PendSV_Handler
 .text.SysTick_Handler
                0x00000000080048bc        0xc Src/stm32f1xx_it.o
                0x00000000080048bc                SysTick_Handler
 .text.USB_LP_CAN1_RX0_IRQHandler
                0x00000000080048c8       0x10 Src/stm32f1xx_it.o
                0x00000000080048c8                USB_LP_CAN1_RX0_IRQHandler
 .text.TIM1_UP_IRQHandler
                0x00000000080048d8       0x18 Src/stm32f1xx_it.o
                0x00000000080048d8                TIM1_UP_IRQHandler
 .text.TIM3_IRQHandler
                0x00000000080048f0       0x28 Src/stm32f1xx_it.o
                0x00000000080048f0                TIM3_IRQHandler
 .text.DMA1_Channel4_IRQHandler
                0x0000000008004918       0x10 Src/stm32f1xx_it.o
                0x0000000008004918                DMA1_Channel4_IRQHandler
 .text.DMA1_Channel5_IRQHandler
                0x0000000008004928       0x10 Src/stm32f1xx_it.o
                0x0000000008004928                DMA1_Channel5_IRQHandler
 .text.USART1_IRQHandler
                0x0000000008004938       0x10 Src/stm32f1xx_it.o
                0x0000000008004938                USART1_IRQHandler
 .text.SystemInit
                0x0000000008004948       0x4c Src/system_stm32f1xx.o
                0x0000000008004948                SystemInit
 .text._Z11uart_promptv
                0x0000000008004994       0x80 Src/uart_com.o
                0x0000000008004994                uart_prompt()
 .text._Z15uart_dump_valuePKcS0_d
                0x0000000008004a14       0xe4 Src/uart_com.o
                0x0000000008004a14                uart_dump_value(char const*, char const*, double)
 .text._Z18uart_invalid_valuePKcd
                0x0000000008004af8       0x84 Src/uart_com.o
                0x0000000008004af8                uart_invalid_value(char const*, double)
 .text._Z20uart_valid_value_setPKcS0_d
                0x0000000008004b7c       0x88 Src/uart_com.o
                0x0000000008004b7c                uart_valid_value_set(char const*, char const*, double)
 *fill*         0x0000000008004c04        0x4 
 .text._Z12uart_processv
                0x0000000008004c08      0xa58 Src/uart_com.o
                0x0000000008004c08                uart_process()
 .text.Reset_Handler
                0x0000000008005660       0x48 startup/startup_stm32f103xb.o
                0x0000000008005660                Reset_Handler
 .text.Default_Handler
                0x00000000080056a8        0x2 startup/startup_stm32f103xb.o
                0x00000000080056a8                RTC_Alarm_IRQHandler
                0x00000000080056a8                EXTI2_IRQHandler
                0x00000000080056a8                TIM1_CC_IRQHandler
                0x00000000080056a8                PVD_IRQHandler
                0x00000000080056a8                EXTI3_IRQHandler
                0x00000000080056a8                EXTI0_IRQHandler
                0x00000000080056a8                I2C2_EV_IRQHandler
                0x00000000080056a8                ADC1_2_IRQHandler
                0x00000000080056a8                SPI1_IRQHandler
                0x00000000080056a8                TAMPER_IRQHandler
                0x00000000080056a8                USART3_IRQHandler
                0x00000000080056a8                RTC_IRQHandler
                0x00000000080056a8                DMA1_Channel7_IRQHandler
                0x00000000080056a8                CAN1_RX1_IRQHandler
                0x00000000080056a8                TIM4_IRQHandler
                0x00000000080056a8                I2C1_EV_IRQHandler
                0x00000000080056a8                DMA1_Channel6_IRQHandler
                0x00000000080056a8                RCC_IRQHandler
                0x00000000080056a8                TIM1_TRG_COM_IRQHandler
                0x00000000080056a8                DMA1_Channel1_IRQHandler
                0x00000000080056a8                Default_Handler
                0x00000000080056a8                EXTI15_10_IRQHandler
                0x00000000080056a8                EXTI9_5_IRQHandler
                0x00000000080056a8                SPI2_IRQHandler
                0x00000000080056a8                EXTI4_IRQHandler
                0x00000000080056a8                USB_HP_CAN1_TX_IRQHandler
                0x00000000080056a8                DMA1_Channel3_IRQHandler
                0x00000000080056a8                WWDG_IRQHandler
                0x00000000080056a8                TIM2_IRQHandler
                0x00000000080056a8                TIM1_BRK_IRQHandler
                0x00000000080056a8                EXTI1_IRQHandler
                0x00000000080056a8                USART2_IRQHandler
                0x00000000080056a8                I2C2_ER_IRQHandler
                0x00000000080056a8                DMA1_Channel2_IRQHandler
                0x00000000080056a8                CAN1_SCE_IRQHandler
                0x00000000080056a8                FLASH_IRQHandler
                0x00000000080056a8                I2C1_ER_IRQHandler
                0x00000000080056a8                USBWakeUp_IRQHandler
 *fill*         0x00000000080056aa        0x2 
 .text.__libc_init_array
                0x00000000080056ac       0x48 /home/yusaku/Atollic/TrueSTUDIO/ARMTools/bin/../lib/gcc/arm-atollic-eabi/6.3.1/../../../../arm-atollic-eabi/lib/armv7-m/libc.a(lib_a-init.o)
                0x00000000080056ac                __libc_init_array
 .text.memcpy   0x00000000080056f4       0x16 /home/yusaku/Atollic/TrueSTUDIO/ARMTools/bin/../lib/gcc/arm-atollic-eabi/6.3.1/../../../../arm-atollic-eabi/lib/armv7-m/libc.a(lib_a-memcpy-stub.o)
                0x00000000080056f4                memcpy
 .text.memset   0x000000000800570a       0x10 /home/yusaku/Atollic/TrueSTUDIO/ARMTools/bin/../lib/gcc/arm-atollic-eabi/6.3.1/../../../../arm-atollic-eabi/lib/armv7-m/libc.a(lib_a-memset.o)
                0x000000000800570a                memset
 *fill*         0x000000000800571a        0x2 
 .text.sprintf  0x000000000800571c       0x48 /home/yusaku/Atollic/TrueSTUDIO/ARMTools/bin/../lib/gcc/arm-atollic-eabi/6.3.1/../../../../arm-atollic-eabi/lib/armv7-m/libc.a(lib_a-sprintf.o)
                0x000000000800571c                sprintf
 .text.sscanf   0x0000000008005764       0x54 /home/yusaku/Atollic/TrueSTUDIO/ARMTools/bin/../lib/gcc/arm-atollic-eabi/6.3.1/../../../../arm-atollic-eabi/lib/armv7-m/libc.a(lib_a-sscanf.o)
                0x0000000008005764                sscanf
 .text.__seofread
                0x00000000080057b8        0x4 /home/yusaku/Atollic/TrueSTUDIO/ARMTools/bin/../lib/gcc/arm-atollic-eabi/6.3.1/../../../../arm-atollic-eabi/lib/armv7-m/libc.a(lib_a-stdio.o)
                0x00000000080057b8                __seofread
 .text._svfprintf_r
                0x00000000080057bc      0xfa0 /home/yusaku/Atollic/TrueSTUDIO/ARMTools/bin/../lib/gcc/arm-atollic-eabi/6.3.1/../../../../arm-atollic-eabi/lib/armv7-m/libc.a(lib_a-svfprintf.o)
                0x00000000080057bc                _svfprintf_r
 .text.__ssvfscanf_r
                0x000000000800675c      0xadc /home/yusaku/Atollic/TrueSTUDIO/ARMTools/bin/../lib/gcc/arm-atollic-eabi/6.3.1/../../../../arm-atollic-eabi/lib/armv7-m/libc.a(lib_a-svfscanf.o)
                0x000000000800675c                __ssvfscanf_r
 .text.quorem   0x0000000008007238      0x118 /home/yusaku/Atollic/TrueSTUDIO/ARMTools/bin/../lib/gcc/arm-atollic-eabi/6.3.1/../../../../arm-atollic-eabi/lib/armv7-m/libc.a(lib_a-dtoa.o)
 .text._dtoa_r  0x0000000008007350      0xba8 /home/yusaku/Atollic/TrueSTUDIO/ARMTools/bin/../lib/gcc/arm-atollic-eabi/6.3.1/../../../../arm-atollic-eabi/lib/armv7-m/libc.a(lib_a-dtoa.o)
                0x0000000008007350                _dtoa_r
 .text.iswspace
                0x0000000008007ef8       0x1a /home/yusaku/Atollic/TrueSTUDIO/ARMTools/bin/../lib/gcc/arm-atollic-eabi/6.3.1/../../../../arm-atollic-eabi/lib/armv7-m/libc.a(lib_a-iswspace.o)
                0x0000000008007ef8                iswspace
 *fill*         0x0000000008007f12        0x2 
 .text.__locale_mb_cur_max
                0x0000000008007f14       0x1c /home/yusaku/Atollic/TrueSTUDIO/ARMTools/bin/../lib/gcc/arm-atollic-eabi/6.3.1/../../../../arm-atollic-eabi/lib/armv7-m/libc.a(lib_a-locale.o)
                0x0000000008007f14                __locale_mb_cur_max
 .text.__locale_ctype_ptr_l
                0x0000000008007f30        0x6 /home/yusaku/Atollic/TrueSTUDIO/ARMTools/bin/../lib/gcc/arm-atollic-eabi/6.3.1/../../../../arm-atollic-eabi/lib/armv7-m/libc.a(lib_a-locale.o)
                0x0000000008007f30                __locale_ctype_ptr_l
 *fill*         0x0000000008007f36        0x2 
 .text.__locale_ctype_ptr
                0x0000000008007f38       0x1c /home/yusaku/Atollic/TrueSTUDIO/ARMTools/bin/../lib/gcc/arm-atollic-eabi/6.3.1/../../../../arm-atollic-eabi/lib/armv7-m/libc.a(lib_a-locale.o)
                0x0000000008007f38                __locale_ctype_ptr
 .text.__localeconv_l
                0x0000000008007f54        0x4 /home/yusaku/Atollic/TrueSTUDIO/ARMTools/bin/../lib/gcc/arm-atollic-eabi/6.3.1/../../../../arm-atollic-eabi/lib/armv7-m/libc.a(lib_a-localeconv.o)
                0x0000000008007f54                __localeconv_l
 .text._localeconv_r
                0x0000000008007f58       0x1c /home/yusaku/Atollic/TrueSTUDIO/ARMTools/bin/../lib/gcc/arm-atollic-eabi/6.3.1/../../../../arm-atollic-eabi/lib/armv7-m/libc.a(lib_a-localeconv.o)
                0x0000000008007f58                _localeconv_r
 .text.malloc   0x0000000008007f74       0x10 /home/yusaku/Atollic/TrueSTUDIO/ARMTools/bin/../lib/gcc/arm-atollic-eabi/6.3.1/../../../../arm-atollic-eabi/lib/armv7-m/libc.a(lib_a-malloc.o)
                0x0000000008007f74                malloc
 .text._malloc_r
                0x0000000008007f84      0x418 /home/yusaku/Atollic/TrueSTUDIO/ARMTools/bin/../lib/gcc/arm-atollic-eabi/6.3.1/../../../../arm-atollic-eabi/lib/armv7-m/libc.a(lib_a-mallocr.o)
                0x0000000008007f84                _malloc_r
 .text._mbrtowc_r
                0x000000000800839c       0x58 /home/yusaku/Atollic/TrueSTUDIO/ARMTools/bin/../lib/gcc/arm-atollic-eabi/6.3.1/../../../../arm-atollic-eabi/lib/armv7-m/libc.a(lib_a-mbrtowc.o)
                0x000000000800839c                _mbrtowc_r
 .text.__ascii_mbtowc
                0x00000000080083f4       0x24 /home/yusaku/Atollic/TrueSTUDIO/ARMTools/bin/../lib/gcc/arm-atollic-eabi/6.3.1/../../../../arm-atollic-eabi/lib/armv7-m/libc.a(lib_a-mbtowc_r.o)
                0x00000000080083f4                __ascii_mbtowc
 .text.memchr   0x0000000008008418       0x1c /home/yusaku/Atollic/TrueSTUDIO/ARMTools/bin/../lib/gcc/arm-atollic-eabi/6.3.1/../../../../arm-atollic-eabi/lib/armv7-m/libc.a(lib_a-memchr-stub.o)
                0x0000000008008418                memchr
 .text.__malloc_lock
                0x0000000008008434        0xc /home/yusaku/Atollic/TrueSTUDIO/ARMTools/bin/../lib/gcc/arm-atollic-eabi/6.3.1/../../../../arm-atollic-eabi/lib/armv7-m/libc.a(lib_a-mlock.o)
                0x0000000008008434                __malloc_lock
 .text.__malloc_unlock
                0x0000000008008440        0xc /home/yusaku/Atollic/TrueSTUDIO/ARMTools/bin/../lib/gcc/arm-atollic-eabi/6.3.1/../../../../arm-atollic-eabi/lib/armv7-m/libc.a(lib_a-mlock.o)
                0x0000000008008440                __malloc_unlock
 .text._Balloc  0x000000000800844c       0x68 /home/yusaku/Atollic/TrueSTUDIO/ARMTools/bin/../lib/gcc/arm-atollic-eabi/6.3.1/../../../../arm-atollic-eabi/lib/armv7-m/libc.a(lib_a-mprec.o)
                0x000000000800844c                _Balloc
 .text._Bfree   0x00000000080084b4       0x2e /home/yusaku/Atollic/TrueSTUDIO/ARMTools/bin/../lib/gcc/arm-atollic-eabi/6.3.1/../../../../arm-atollic-eabi/lib/armv7-m/libc.a(lib_a-mprec.o)
                0x00000000080084b4                _Bfree
 .text.__multadd
                0x00000000080084e2       0x76 /home/yusaku/Atollic/TrueSTUDIO/ARMTools/bin/../lib/gcc/arm-atollic-eabi/6.3.1/../../../../arm-atollic-eabi/lib/armv7-m/libc.a(lib_a-mprec.o)
                0x00000000080084e2                __multadd
 .text.__s2b    0x0000000008008558       0x7c /home/yusaku/Atollic/TrueSTUDIO/ARMTools/bin/../lib/gcc/arm-atollic-eabi/6.3.1/../../../../arm-atollic-eabi/lib/armv7-m/libc.a(lib_a-mprec.o)
                0x0000000008008558                __s2b
 .text.__hi0bits
                0x00000000080085d4       0x3e /home/yusaku/Atollic/TrueSTUDIO/ARMTools/bin/../lib/gcc/arm-atollic-eabi/6.3.1/../../../../arm-atollic-eabi/lib/armv7-m/libc.a(lib_a-mprec.o)
                0x00000000080085d4                __hi0bits
 .text.__lo0bits
                0x0000000008008612       0x5e /home/yusaku/Atollic/TrueSTUDIO/ARMTools/bin/../lib/gcc/arm-atollic-eabi/6.3.1/../../../../arm-atollic-eabi/lib/armv7-m/libc.a(lib_a-mprec.o)
                0x0000000008008612                __lo0bits
 .text.__i2b    0x0000000008008670       0x12 /home/yusaku/Atollic/TrueSTUDIO/ARMTools/bin/../lib/gcc/arm-atollic-eabi/6.3.1/../../../../arm-atollic-eabi/lib/armv7-m/libc.a(lib_a-mprec.o)
                0x0000000008008670                __i2b
 .text.__multiply
                0x0000000008008682      0x118 /home/yusaku/Atollic/TrueSTUDIO/ARMTools/bin/../lib/gcc/arm-atollic-eabi/6.3.1/../../../../arm-atollic-eabi/lib/armv7-m/libc.a(lib_a-mprec.o)
                0x0000000008008682                __multiply
 *fill*         0x000000000800879a        0x2 
 .text.__pow5mult
                0x000000000800879c       0x9c /home/yusaku/Atollic/TrueSTUDIO/ARMTools/bin/../lib/gcc/arm-atollic-eabi/6.3.1/../../../../arm-atollic-eabi/lib/armv7-m/libc.a(lib_a-mprec.o)
                0x000000000800879c                __pow5mult
 .text.__lshift
                0x0000000008008838       0xa2 /home/yusaku/Atollic/TrueSTUDIO/ARMTools/bin/../lib/gcc/arm-atollic-eabi/6.3.1/../../../../arm-atollic-eabi/lib/armv7-m/libc.a(lib_a-mprec.o)
                0x0000000008008838                __lshift
 .text.__mcmp   0x00000000080088da       0x34 /home/yusaku/Atollic/TrueSTUDIO/ARMTools/bin/../lib/gcc/arm-atollic-eabi/6.3.1/../../../../arm-atollic-eabi/lib/armv7-m/libc.a(lib_a-mprec.o)
                0x00000000080088da                __mcmp
 .text.__mdiff  0x000000000800890e       0xbe /home/yusaku/Atollic/TrueSTUDIO/ARMTools/bin/../lib/gcc/arm-atollic-eabi/6.3.1/../../../../arm-atollic-eabi/lib/armv7-m/libc.a(lib_a-mprec.o)
                0x000000000800890e                __mdiff
 .text.__ulp    0x00000000080089cc       0x48 /home/yusaku/Atollic/TrueSTUDIO/ARMTools/bin/../lib/gcc/arm-atollic-eabi/6.3.1/../../../../arm-atollic-eabi/lib/armv7-m/libc.a(lib_a-mprec.o)
                0x00000000080089cc                __ulp
 .text.__b2d    0x0000000008008a14       0xa4 /home/yusaku/Atollic/TrueSTUDIO/ARMTools/bin/../lib/gcc/arm-atollic-eabi/6.3.1/../../../../arm-atollic-eabi/lib/armv7-m/libc.a(lib_a-mprec.o)
                0x0000000008008a14                __b2d
 .text.__d2b    0x0000000008008ab8       0x9e /home/yusaku/Atollic/TrueSTUDIO/ARMTools/bin/../lib/gcc/arm-atollic-eabi/6.3.1/../../../../arm-atollic-eabi/lib/armv7-m/libc.a(lib_a-mprec.o)
                0x0000000008008ab8                __d2b
 .text.__ratio  0x0000000008008b56       0x50 /home/yusaku/Atollic/TrueSTUDIO/ARMTools/bin/../lib/gcc/arm-atollic-eabi/6.3.1/../../../../arm-atollic-eabi/lib/armv7-m/libc.a(lib_a-mprec.o)
                0x0000000008008b56                __ratio
 .text.__copybits
                0x0000000008008ba6       0x34 /home/yusaku/Atollic/TrueSTUDIO/ARMTools/bin/../lib/gcc/arm-atollic-eabi/6.3.1/../../../../arm-atollic-eabi/lib/armv7-m/libc.a(lib_a-mprec.o)
                0x0000000008008ba6                __copybits
 .text.__any_on
                0x0000000008008bda       0x42 /home/yusaku/Atollic/TrueSTUDIO/ARMTools/bin/../lib/gcc/arm-atollic-eabi/6.3.1/../../../../arm-atollic-eabi/lib/armv7-m/libc.a(lib_a-mprec.o)
                0x0000000008008bda                __any_on
 .text._sbrk_r  0x0000000008008c1c       0x20 /home/yusaku/Atollic/TrueSTUDIO/ARMTools/bin/../lib/gcc/arm-atollic-eabi/6.3.1/../../../../arm-atollic-eabi/lib/armv7-m/libc.a(lib_a-sbrkr.o)
                0x0000000008008c1c                _sbrk_r
 .text.__sccl   0x0000000008008c3c       0x5e /home/yusaku/Atollic/TrueSTUDIO/ARMTools/bin/../lib/gcc/arm-atollic-eabi/6.3.1/../../../../arm-atollic-eabi/lib/armv7-m/libc.a(lib_a-sccl.o)
                0x0000000008008c3c                __sccl
 *fill*         0x0000000008008c9a        0x2 
 .text.nanf     0x0000000008008c9c        0x8 /home/yusaku/Atollic/TrueSTUDIO/ARMTools/bin/../lib/gcc/arm-atollic-eabi/6.3.1/../../../../arm-atollic-eabi/lib/armv7-m/libc.a(lib_a-sf_nan.o)
                0x0000000008008c9c                nanf
 .text.unlikely.sulp
                0x0000000008008ca4       0x42 /home/yusaku/Atollic/TrueSTUDIO/ARMTools/bin/../lib/gcc/arm-atollic-eabi/6.3.1/../../../../arm-atollic-eabi/lib/armv7-m/libc.a(lib_a-strtod.o)
 *fill*         0x0000000008008ce6        0x2 
 .text._strtod_l
                0x0000000008008ce8      0xbf0 /home/yusaku/Atollic/TrueSTUDIO/ARMTools/bin/../lib/gcc/arm-atollic-eabi/6.3.1/../../../../arm-atollic-eabi/lib/armv7-m/libc.a(lib_a-strtod.o)
                0x0000000008008ce8                _strtod_l
 .text._strtod_r
                0x00000000080098d8       0x20 /home/yusaku/Atollic/TrueSTUDIO/ARMTools/bin/../lib/gcc/arm-atollic-eabi/6.3.1/../../../../arm-atollic-eabi/lib/armv7-m/libc.a(lib_a-strtod.o)
                0x00000000080098d8                _strtod_r
 .text._strtol_l.isra.0
                0x00000000080098f8      0x100 /home/yusaku/Atollic/TrueSTUDIO/ARMTools/bin/../lib/gcc/arm-atollic-eabi/6.3.1/../../../../arm-atollic-eabi/lib/armv7-m/libc.a(lib_a-strtol.o)
 .text._strtol_r
                0x00000000080099f8       0x24 /home/yusaku/Atollic/TrueSTUDIO/ARMTools/bin/../lib/gcc/arm-atollic-eabi/6.3.1/../../../../arm-atollic-eabi/lib/armv7-m/libc.a(lib_a-strtol.o)
                0x00000000080099f8                _strtol_r
 .text._strtoll_l.isra.0
                0x0000000008009a1c      0x148 /home/yusaku/Atollic/TrueSTUDIO/ARMTools/bin/../lib/gcc/arm-atollic-eabi/6.3.1/../../../../arm-atollic-eabi/lib/armv7-m/libc.a(lib_a-strtoll.o)
 .text._strtoll_r
                0x0000000008009b64       0x24 /home/yusaku/Atollic/TrueSTUDIO/ARMTools/bin/../lib/gcc/arm-atollic-eabi/6.3.1/../../../../arm-atollic-eabi/lib/armv7-m/libc.a(lib_a-strtoll.o)
                0x0000000008009b64                _strtoll_r
 .text._strtoul_l.isra.0
                0x0000000008009b88       0xfa /home/yusaku/Atollic/TrueSTUDIO/ARMTools/bin/../lib/gcc/arm-atollic-eabi/6.3.1/../../../../arm-atollic-eabi/lib/armv7-m/libc.a(lib_a-strtoul.o)
 *fill*         0x0000000008009c82        0x2 
 .text._strtoul_r
                0x0000000008009c84       0x24 /home/yusaku/Atollic/TrueSTUDIO/ARMTools/bin/../lib/gcc/arm-atollic-eabi/6.3.1/../../../../arm-atollic-eabi/lib/armv7-m/libc.a(lib_a-strtoul.o)
                0x0000000008009c84                _strtoul_r
 .text._strtoull_l.isra.0
                0x0000000008009ca8      0x140 /home/yusaku/Atollic/TrueSTUDIO/ARMTools/bin/../lib/gcc/arm-atollic-eabi/6.3.1/../../../../arm-atollic-eabi/lib/armv7-m/libc.a(lib_a-strtoull.o)
 .text._strtoull_r
                0x0000000008009de8       0x24 /home/yusaku/Atollic/TrueSTUDIO/ARMTools/bin/../lib/gcc/arm-atollic-eabi/6.3.1/../../../../arm-atollic-eabi/lib/armv7-m/libc.a(lib_a-strtoull.o)
                0x0000000008009de8                _strtoull_r
 .text.__ssprint_r
                0x0000000008009e0c       0xf4 /home/yusaku/Atollic/TrueSTUDIO/ARMTools/bin/../lib/gcc/arm-atollic-eabi/6.3.1/../../../../arm-atollic-eabi/lib/armv7-m/libc.a(lib_a-svfiprintf.o)
                0x0000000008009e0c                __ssprint_r
 .text._sungetc_r
                0x0000000008009f00       0x7a /home/yusaku/Atollic/TrueSTUDIO/ARMTools/bin/../lib/gcc/arm-atollic-eabi/6.3.1/../../../../arm-atollic-eabi/lib/armv7-m/libc.a(lib_a-svfiscanf.o)
                0x0000000008009f00                _sungetc_r
 .text.__ssrefill_r
                0x0000000008009f7a       0x3a /home/yusaku/Atollic/TrueSTUDIO/ARMTools/bin/../lib/gcc/arm-atollic-eabi/6.3.1/../../../../arm-atollic-eabi/lib/armv7-m/libc.a(lib_a-svfiscanf.o)
                0x0000000008009f7a                __ssrefill_r
 .text._sfread_r
                0x0000000008009fb4       0x6e /home/yusaku/Atollic/TrueSTUDIO/ARMTools/bin/../lib/gcc/arm-atollic-eabi/6.3.1/../../../../arm-atollic-eabi/lib/armv7-m/libc.a(lib_a-svfiscanf.o)
                0x0000000008009fb4                _sfread_r
 .text.__submore
                0x000000000800a022       0x72 /home/yusaku/Atollic/TrueSTUDIO/ARMTools/bin/../lib/gcc/arm-atollic-eabi/6.3.1/../../../../arm-atollic-eabi/lib/armv7-m/libc.a(lib_a-ungetc.o)
                0x000000000800a022                __submore
 .text.__ascii_wctomb
                0x000000000800a094       0x1a /home/yusaku/Atollic/TrueSTUDIO/ARMTools/bin/../lib/gcc/arm-atollic-eabi/6.3.1/../../../../arm-atollic-eabi/lib/armv7-m/libc.a(lib_a-wctomb_r.o)
                0x000000000800a094                __ascii_wctomb
 .text._calloc_r
                0x000000000800a0ae       0x5a /home/yusaku/Atollic/TrueSTUDIO/ARMTools/bin/../lib/gcc/arm-atollic-eabi/6.3.1/../../../../arm-atollic-eabi/lib/armv7-m/libc.a(lib_a-callocr.o)
                0x000000000800a0ae                _calloc_r
 .text._malloc_trim_r
                0x000000000800a108       0xac /home/yusaku/Atollic/TrueSTUDIO/ARMTools/bin/../lib/gcc/arm-atollic-eabi/6.3.1/../../../../arm-atollic-eabi/lib/armv7-m/libc.a(lib_a-freer.o)
                0x000000000800a108                _malloc_trim_r
 .text._free_r  0x000000000800a1b4      0x178 /home/yusaku/Atollic/TrueSTUDIO/ARMTools/bin/../lib/gcc/arm-atollic-eabi/6.3.1/../../../../arm-atollic-eabi/lib/armv7-m/libc.a(lib_a-freer.o)
                0x000000000800a1b4                _free_r
 .text.rshift   0x000000000800a32c       0x6a /home/yusaku/Atollic/TrueSTUDIO/ARMTools/bin/../lib/gcc/arm-atollic-eabi/6.3.1/../../../../arm-atollic-eabi/lib/armv7-m/libc.a(lib_a-gdtoa-gethex.o)
 .text.__hexdig_fun
                0x000000000800a396       0x2a /home/yusaku/Atollic/TrueSTUDIO/ARMTools/bin/../lib/gcc/arm-atollic-eabi/6.3.1/../../../../arm-atollic-eabi/lib/armv7-m/libc.a(lib_a-gdtoa-gethex.o)
                0x000000000800a396                __hexdig_fun
 .text.__gethex
                0x000000000800a3c0      0x43e /home/yusaku/Atollic/TrueSTUDIO/ARMTools/bin/../lib/gcc/arm-atollic-eabi/6.3.1/../../../../arm-atollic-eabi/lib/armv7-m/libc.a(lib_a-gdtoa-gethex.o)
                0x000000000800a3c0                __gethex
 .text.L_shift  0x000000000800a7fe       0x24 /home/yusaku/Atollic/TrueSTUDIO/ARMTools/bin/../lib/gcc/arm-atollic-eabi/6.3.1/../../../../arm-atollic-eabi/lib/armv7-m/libc.a(lib_a-gdtoa-hexnan.o)
 .text.__match  0x000000000800a822       0x26 /home/yusaku/Atollic/TrueSTUDIO/ARMTools/bin/../lib/gcc/arm-atollic-eabi/6.3.1/../../../../arm-atollic-eabi/lib/armv7-m/libc.a(lib_a-gdtoa-hexnan.o)
                0x000000000800a822                __match
 .text.__hexnan
                0x000000000800a848      0x120 /home/yusaku/Atollic/TrueSTUDIO/ARMTools/bin/../lib/gcc/arm-atollic-eabi/6.3.1/../../../../arm-atollic-eabi/lib/armv7-m/libc.a(lib_a-gdtoa-hexnan.o)
                0x000000000800a848                __hexnan
 .text.__retarget_lock_acquire_recursive
                0x000000000800a968        0x2 /home/yusaku/Atollic/TrueSTUDIO/ARMTools/bin/../lib/gcc/arm-atollic-eabi/6.3.1/../../../../arm-atollic-eabi/lib/armv7-m/libc.a(lib_a-lock.o)
                0x000000000800a968                __retarget_lock_acquire_recursive
 .text.__retarget_lock_release_recursive
                0x000000000800a96a        0x2 /home/yusaku/Atollic/TrueSTUDIO/ARMTools/bin/../lib/gcc/arm-atollic-eabi/6.3.1/../../../../arm-atollic-eabi/lib/armv7-m/libc.a(lib_a-lock.o)
                0x000000000800a96a                __retarget_lock_release_recursive
 .text.memmove  0x000000000800a96c       0x34 /home/yusaku/Atollic/TrueSTUDIO/ARMTools/bin/../lib/gcc/arm-atollic-eabi/6.3.1/../../../../arm-atollic-eabi/lib/armv7-m/libc.a(lib_a-memmove.o)
                0x000000000800a96c                memmove
 .text._realloc_r
                0x000000000800a9a0      0x304 /home/yusaku/Atollic/TrueSTUDIO/ARMTools/bin/../lib/gcc/arm-atollic-eabi/6.3.1/../../../../arm-atollic-eabi/lib/armv7-m/libc.a(lib_a-reallocr.o)
                0x000000000800a9a0                _realloc_r
 .text.strncmp  0x000000000800aca4       0x24 /home/yusaku/Atollic/TrueSTUDIO/ARMTools/bin/../lib/gcc/arm-atollic-eabi/6.3.1/../../../../arm-atollic-eabi/lib/armv7-m/libc.a(lib_a-strncmp.o)
                0x000000000800aca4                strncmp
 .text.abort    0x000000000800acc8        0xe /home/yusaku/Atollic/TrueSTUDIO/ARMTools/bin/../lib/gcc/arm-atollic-eabi/6.3.1/../../../../arm-atollic-eabi/lib/armv7-m/libc.a(lib_a-abort.o)
                0x000000000800acc8                abort
 .text._raise_r
                0x000000000800acd6       0x50 /home/yusaku/Atollic/TrueSTUDIO/ARMTools/bin/../lib/gcc/arm-atollic-eabi/6.3.1/../../../../arm-atollic-eabi/lib/armv7-m/libc.a(lib_a-signal.o)
                0x000000000800acd6                _raise_r
 *fill*         0x000000000800ad26        0x2 
 .text.raise    0x000000000800ad28       0x10 /home/yusaku/Atollic/TrueSTUDIO/ARMTools/bin/../lib/gcc/arm-atollic-eabi/6.3.1/../../../../arm-atollic-eabi/lib/armv7-m/libc.a(lib_a-signal.o)
                0x000000000800ad28                raise
 .text._kill_r  0x000000000800ad38       0x24 /home/yusaku/Atollic/TrueSTUDIO/ARMTools/bin/../lib/gcc/arm-atollic-eabi/6.3.1/../../../../arm-atollic-eabi/lib/armv7-m/libc.a(lib_a-signalr.o)
                0x000000000800ad38                _kill_r
 .text._getpid_r
                0x000000000800ad5c        0x4 /home/yusaku/Atollic/TrueSTUDIO/ARMTools/bin/../lib/gcc/arm-atollic-eabi/6.3.1/../../../../arm-atollic-eabi/lib/armv7-m/libc.a(lib_a-signalr.o)
                0x000000000800ad5c                _getpid_r
 .text._getpid  0x000000000800ad60       0x10 /home/yusaku/Atollic/TrueSTUDIO/ARMTools/bin/../lib/gcc/arm-atollic-eabi/6.3.1/../../../../arm-atollic-eabi/lib/armv7-m/libnosys.a(getpid.o)
                0x000000000800ad60                _getpid
 .text._kill    0x000000000800ad70       0x10 /home/yusaku/Atollic/TrueSTUDIO/ARMTools/bin/../lib/gcc/arm-atollic-eabi/6.3.1/../../../../arm-atollic-eabi/lib/armv7-m/libnosys.a(kill.o)
                0x000000000800ad70                _kill
 .text._sbrk    0x000000000800ad80       0x1c /home/yusaku/Atollic/TrueSTUDIO/ARMTools/bin/../lib/gcc/arm-atollic-eabi/6.3.1/../../../../arm-atollic-eabi/lib/armv7-m/libnosys.a(sbrk.o)
                0x000000000800ad80                _sbrk
 .text._exit    0x000000000800ad9c        0x2 /home/yusaku/Atollic/TrueSTUDIO/ARMTools/bin/../lib/gcc/arm-atollic-eabi/6.3.1/../../../../arm-atollic-eabi/lib/armv7-m/libnosys.a(_exit.o)
                0x000000000800ad9c                _exit
 *(.glue_7)
 .glue_7        0x000000000800ad9e        0x0 linker stubs
 *(.glue_7t)
 .glue_7t       0x000000000800ad9e        0x0 linker stubs
 *(.eh_frame)
 *fill*         0x000000000800ad9e        0x2 
 .eh_frame      0x000000000800ada0        0x0 /home/yusaku/Atollic/TrueSTUDIO/ARMTools/bin/../lib/gcc/arm-atollic-eabi/6.3.1/armv7-m/crtbegin.o
 *(.init)
 .init          0x000000000800ada0        0x4 /home/yusaku/Atollic/TrueSTUDIO/ARMTools/bin/../lib/gcc/arm-atollic-eabi/6.3.1/armv7-m/crti.o
                0x000000000800ada0                _init
 .init          0x000000000800ada4        0x8 /home/yusaku/Atollic/TrueSTUDIO/ARMTools/bin/../lib/gcc/arm-atollic-eabi/6.3.1/armv7-m/crtn.o
 *(.fini)
 .fini          0x000000000800adac        0x4 /home/yusaku/Atollic/TrueSTUDIO/ARMTools/bin/../lib/gcc/arm-atollic-eabi/6.3.1/armv7-m/crti.o
                0x000000000800adac                _fini
 .fini          0x000000000800adb0        0x8 /home/yusaku/Atollic/TrueSTUDIO/ARMTools/bin/../lib/gcc/arm-atollic-eabi/6.3.1/armv7-m/crtn.o
                0x000000000800adb8                . = ALIGN (0x4)
                0x000000000800adb8                _etext = .

.vfp11_veneer   0x000000000800adb8        0x0
 .vfp11_veneer  0x000000000800adb8        0x0 linker stubs

.v4_bx          0x000000000800adb8        0x0
 .v4_bx         0x000000000800adb8        0x0 linker stubs

.iplt           0x000000000800adb8        0x0
 .iplt          0x000000000800adb8        0x0 /home/yusaku/Atollic/TrueSTUDIO/ARMTools/bin/../lib/gcc/arm-atollic-eabi/6.3.1/armv7-m/crtbegin.o

.rodata         0x000000000800adb8      0x5ec
                0x000000000800adb8                . = ALIGN (0x4)
 *(.rodata)
 *(.rodata*)
 .rodata.main.str1.4
                0x000000000800adb8       0x34 Src/main.o
 .rodata.APBPrescTable
                0x000000000800adec        0x8 Src/system_stm32f1xx.o
                0x000000000800adec                APBPrescTable
 .rodata._Z11uart_promptv.str1.4
                0x000000000800adf4        0x3 Src/uart_com.o
 *fill*         0x000000000800adf7        0x1 
 .rodata._Z12uart_processv.str1.4
                0x000000000800adf8      0x20a Src/uart_com.o
                                        0x20e (size before relaxing)
 *fill*         0x000000000800b002        0x2 
 .rodata._Z15uart_dump_valuePKcS0_d.str1.4
                0x000000000800b004       0x24 Src/uart_com.o
 .rodata._Z18uart_invalid_valuePKcd.str1.4
                0x000000000800b028       0x1c Src/uart_com.o
 .rodata._Z20uart_valid_value_setPKcS0_d.str1.4
                0x000000000800b044       0x14 Src/uart_com.o
                                         0x13 (size before relaxing)
 .rodata._svfprintf_r.str1.1
                0x000000000800b058       0x34 /home/yusaku/Atollic/TrueSTUDIO/ARMTools/bin/../lib/gcc/arm-atollic-eabi/6.3.1/../../../../arm-atollic-eabi/lib/armv7-m/libc.a(lib_a-svfprintf.o)
 .rodata.blanks.7236
                0x000000000800b08c       0x10 /home/yusaku/Atollic/TrueSTUDIO/ARMTools/bin/../lib/gcc/arm-atollic-eabi/6.3.1/../../../../arm-atollic-eabi/lib/armv7-m/libc.a(lib_a-svfprintf.o)
 .rodata.zeroes.7237
                0x000000000800b09c       0x10 /home/yusaku/Atollic/TrueSTUDIO/ARMTools/bin/../lib/gcc/arm-atollic-eabi/6.3.1/../../../../arm-atollic-eabi/lib/armv7-m/libc.a(lib_a-svfprintf.o)
 .rodata.__ssvfscanf_r.str1.1
                0x000000000800b0ac        0x5 /home/yusaku/Atollic/TrueSTUDIO/ARMTools/bin/../lib/gcc/arm-atollic-eabi/6.3.1/../../../../arm-atollic-eabi/lib/armv7-m/libc.a(lib_a-svfscanf.o)
 *fill*         0x000000000800b0b1        0x1 
 .rodata.basefix.7307
                0x000000000800b0b2       0x22 /home/yusaku/Atollic/TrueSTUDIO/ARMTools/bin/../lib/gcc/arm-atollic-eabi/6.3.1/../../../../arm-atollic-eabi/lib/armv7-m/libc.a(lib_a-svfscanf.o)
 .rodata._dtoa_r.str1.1
                0x000000000800b0d4        0xd /home/yusaku/Atollic/TrueSTUDIO/ARMTools/bin/../lib/gcc/arm-atollic-eabi/6.3.1/../../../../arm-atollic-eabi/lib/armv7-m/libc.a(lib_a-dtoa.o)
                                          0xf (size before relaxing)
 .rodata._setlocale_r.str1.1
                0x000000000800b0e1        0x8 /home/yusaku/Atollic/TrueSTUDIO/ARMTools/bin/../lib/gcc/arm-atollic-eabi/6.3.1/../../../../arm-atollic-eabi/lib/armv7-m/libc.a(lib_a-locale.o)
                                          0x9 (size before relaxing)
 .rodata.str1.1
                0x000000000800b0e9        0x2 /home/yusaku/Atollic/TrueSTUDIO/ARMTools/bin/../lib/gcc/arm-atollic-eabi/6.3.1/../../../../arm-atollic-eabi/lib/armv7-m/libc.a(lib_a-locale.o)
 .rodata._mbrtowc_r.str1.1
                0x000000000800b0eb        0x1 /home/yusaku/Atollic/TrueSTUDIO/ARMTools/bin/../lib/gcc/arm-atollic-eabi/6.3.1/../../../../arm-atollic-eabi/lib/armv7-m/libc.a(lib_a-mbrtowc.o)
 *fill*         0x000000000800b0eb        0x5 
 .rodata.__mprec_bigtens
                0x000000000800b0f0       0x28 /home/yusaku/Atollic/TrueSTUDIO/ARMTools/bin/../lib/gcc/arm-atollic-eabi/6.3.1/../../../../arm-atollic-eabi/lib/armv7-m/libc.a(lib_a-mprec.o)
                0x000000000800b0f0                __mprec_bigtens
 .rodata.__mprec_tens
                0x000000000800b118       0xc8 /home/yusaku/Atollic/TrueSTUDIO/ARMTools/bin/../lib/gcc/arm-atollic-eabi/6.3.1/../../../../arm-atollic-eabi/lib/armv7-m/libc.a(lib_a-mprec.o)
                0x000000000800b118                __mprec_tens
 .rodata.p05.6073
                0x000000000800b1e0        0xc /home/yusaku/Atollic/TrueSTUDIO/ARMTools/bin/../lib/gcc/arm-atollic-eabi/6.3.1/../../../../arm-atollic-eabi/lib/armv7-m/libc.a(lib_a-mprec.o)
 .rodata._strtod_l.str1.1
                0x000000000800b1ec        0x2 /home/yusaku/Atollic/TrueSTUDIO/ARMTools/bin/../lib/gcc/arm-atollic-eabi/6.3.1/../../../../arm-atollic-eabi/lib/armv7-m/libc.a(lib_a-strtod.o)
                                          0xc (size before relaxing)
 .rodata.fpi.6155
                0x000000000800b1ec       0x14 /home/yusaku/Atollic/TrueSTUDIO/ARMTools/bin/../lib/gcc/arm-atollic-eabi/6.3.1/../../../../arm-atollic-eabi/lib/armv7-m/libc.a(lib_a-strtod.o)
 .rodata.fpinan.6191
                0x000000000800b200       0x14 /home/yusaku/Atollic/TrueSTUDIO/ARMTools/bin/../lib/gcc/arm-atollic-eabi/6.3.1/../../../../arm-atollic-eabi/lib/armv7-m/libc.a(lib_a-strtod.o)
 *fill*         0x000000000800b214        0x4 
 .rodata.tinytens
                0x000000000800b218       0x28 /home/yusaku/Atollic/TrueSTUDIO/ARMTools/bin/../lib/gcc/arm-atollic-eabi/6.3.1/../../../../arm-atollic-eabi/lib/armv7-m/libc.a(lib_a-strtod.o)
 .rodata._ctype_
                0x000000000800b240      0x101 /home/yusaku/Atollic/TrueSTUDIO/ARMTools/bin/../lib/gcc/arm-atollic-eabi/6.3.1/../../../../arm-atollic-eabi/lib/armv7-m/libc.a(lib_a-ctype_.o)
                0x000000000800b240                _ctype_
 *fill*         0x000000000800b341        0x3 
 .rodata.__sf_fake_stderr
                0x000000000800b344       0x20 /home/yusaku/Atollic/TrueSTUDIO/ARMTools/bin/../lib/gcc/arm-atollic-eabi/6.3.1/../../../../arm-atollic-eabi/lib/armv7-m/libc.a(lib_a-findfp.o)
                0x000000000800b344                __sf_fake_stderr
 .rodata.__sf_fake_stdin
                0x000000000800b364       0x20 /home/yusaku/Atollic/TrueSTUDIO/ARMTools/bin/../lib/gcc/arm-atollic-eabi/6.3.1/../../../../arm-atollic-eabi/lib/armv7-m/libc.a(lib_a-findfp.o)
                0x000000000800b364                __sf_fake_stdin
 .rodata.__sf_fake_stdout
                0x000000000800b384       0x20 /home/yusaku/Atollic/TrueSTUDIO/ARMTools/bin/../lib/gcc/arm-atollic-eabi/6.3.1/../../../../arm-atollic-eabi/lib/armv7-m/libc.a(lib_a-findfp.o)
                0x000000000800b384                __sf_fake_stdout
                0x000000000800b3a4                . = ALIGN (0x4)

.ARM.extab      0x000000000800b3a4       0xa8
 *(.ARM.extab* .gnu.linkonce.armextab.*)
 .ARM.extab.text.can_set_filter
                0x000000000800b3a4        0xc Src/can.o
 .ARM.extab.text._Z9writeConfv
                0x000000000800b3b0        0xc Src/conf.o
 .ARM.extab.text.led_on
                0x000000000800b3bc        0xc Src/led.o
 .ARM.extab.text.led_process
                0x000000000800b3c8        0xc Src/led.o
 .ARM.extab.text._ZL11MX_CAN_Initv
                0x000000000800b3d4        0xc Src/main.o
 .ARM.extab.text._ZL19MX_USART1_UART_Initv
                0x000000000800b3e0        0xc Src/main.o
 .ARM.extab.text._ZN11SerialClass5writeEPKhi
                0x000000000800b3ec        0x0 Src/main.o
 .ARM.extab.text.SysTick_Handler
                0x000000000800b3ec        0xc Src/stm32f1xx_it.o
 .ARM.extab.text.USB_LP_CAN1_RX0_IRQHandler
                0x000000000800b3f8        0xc Src/stm32f1xx_it.o
 .ARM.extab.text.TIM3_IRQHandler
                0x000000000800b404        0xc Src/stm32f1xx_it.o
 .ARM.extab.text.DMA1_Channel4_IRQHandler
                0x000000000800b410        0xc Src/stm32f1xx_it.o
 .ARM.extab.text.DMA1_Channel5_IRQHandler
                0x000000000800b41c        0xc Src/stm32f1xx_it.o
 .ARM.extab.text.USART1_IRQHandler
                0x000000000800b428        0xc Src/stm32f1xx_it.o
 .ARM.extab     0x000000000800b434       0x18 /home/yusaku/Atollic/TrueSTUDIO/ARMTools/bin/../lib/gcc/arm-atollic-eabi/6.3.1/armv7-m/libgcc.a(pr-support.o)

.ARM            0x000000000800b44c      0x1e0
                0x000000000800b44c                __exidx_start = .
 *(.ARM.exidx*)
 .ARM.exidx.text._Z41__static_initialization_and_destruction_0ii
                0x000000000800b504        0x0 Src/SerialClass.o
                                          0x8 (size before relaxing)
 .ARM.exidx.text.HAL_UART_TxCpltCallback
                0x000000000800b504        0x0 Src/SerialClass.o
                                          0x8 (size before relaxing)
 .ARM.exidx.text._GLOBAL__sub_I_serial
                0x000000000800b504        0x0 Src/SerialClass.o
                                          0x8 (size before relaxing)
 .ARM.exidx.text._Z10can_unpackItEvRA8_KhRT_
                0x000000000800b504        0x0 Src/can.o
                                          0x8 (size before relaxing)
 .ARM.exidx.text._Z10can_unpackIdEvRA8_KhRT_
                0x000000000800b504        0x0 Src/can.o
                                          0x8 (size before relaxing)
 .ARM.exidx.text.can_init
                0x000000000800b504        0x0 Src/can.o
                                          0x8 (size before relaxing)
 .ARM.exidx.text.can_set_filter
                0x000000000800b504        0x8 Src/can.o
 .ARM.exidx.text.can_enable
                0x000000000800b50c        0x8 Src/can.o
 .ARM.exidx.text.can_set_bitrate
                0x000000000800b514        0x8 Src/can.o
 .ARM.exidx.text.can_rx
                0x000000000800b51c        0x8 Src/can.o
 .ARM.exidx.text.HAL_CAN_RxFifo0MsgPendingCallback
                0x000000000800b524        0x8 Src/can.o
 .ARM.exidx.text._Z11_eraseFlashv
                0x000000000800b52c        0x8 Src/conf.o
 .ARM.exidx.text._Z10writeFlashmPtm
                0x000000000800b534        0x8 Src/conf.o
 .ARM.exidx.text._Z9loadFlashmPhm
                0x000000000800b53c        0x8 Src/conf.o
 .ARM.exidx.text._Z8readConfv
                0x000000000800b544        0x0 Src/conf.o
                                          0x8 (size before relaxing)
 .ARM.exidx.text._Z9writeConfv
                0x000000000800b544        0x8 Src/conf.o
 .ARM.exidx.text.led_on
                0x000000000800b54c        0x8 Src/led.o
 .ARM.exidx.text.led_process
                0x000000000800b554        0x8 Src/led.o
 .ARM.exidx.text._ZL11MX_CRC_Initv
                0x000000000800b55c        0x8 Src/main.o
 .ARM.exidx.text._ZL12MX_GPIO_Initv
                0x000000000800b564        0x8 Src/main.o
 .ARM.exidx.text._ZL11MX_CAN_Initv
                0x000000000800b56c        0x8 Src/main.o
 .ARM.exidx.text._ZL12MX_TIM2_Initv
                0x000000000800b574        0x8 Src/main.o
 .ARM.exidx.text._ZL12MX_TIM3_Initv
                0x000000000800b57c        0x8 Src/main.o
 .ARM.exidx.text._ZL12MX_TIM1_Initv
                0x000000000800b584        0x8 Src/main.o
 .ARM.exidx.text._ZL11MX_DMA_Initv
                0x000000000800b58c        0x8 Src/main.o
 .ARM.exidx.text._ZL19MX_USART1_UART_Initv
                0x000000000800b594        0x8 Src/main.o
 .ARM.exidx.text._ZN11SerialClass5writeEPKhi
                0x000000000800b59c        0x8 Src/main.o
 .ARM.exidx.text._Z18SystemClock_Configv
                0x000000000800b5a4        0x8 Src/main.o
 .ARM.exidx.text.main
                0x000000000800b5ac        0x8 Src/main.o
 .ARM.exidx.text.Error_Handler
                0x000000000800b5b4        0x8 Src/main.o
 .ARM.exidx.text._ZN9MotorCtrl7ControlEv
                0x000000000800b5bc        0x0 Src/motor_ctrl.o
                                          0x8 (size before relaxing)
 .ARM.exidx.text._ZN9MotorCtrl9SetTargetEd
                0x000000000800b5bc        0x0 Src/motor_ctrl.o
                                          0x8 (size before relaxing)
 .ARM.exidx.text._ZN9MotorCtrl10ReadConfigEv
                0x000000000800b5bc        0x0 Src/motor_ctrl.o
                                          0x8 (size before relaxing)
 .ARM.exidx.text._ZN9MotorCtrl11WriteConfigEv
                0x000000000800b5bc        0x0 Src/motor_ctrl.o
                                          0x8 (size before relaxing)
 .ARM.exidx.text.NMI_Handler
                0x000000000800b5bc        0x0 Src/stm32f1xx_it.o
                                          0x8 (size before relaxing)
 .ARM.exidx.text.HardFault_Handler
                0x000000000800b5bc        0x0 Src/stm32f1xx_it.o
                                          0x8 (size before relaxing)
 .ARM.exidx.text.MemManage_Handler
                0x000000000800b5bc        0x0 Src/stm32f1xx_it.o
                                          0x8 (size before relaxing)
 .ARM.exidx.text.BusFault_Handler
                0x000000000800b5bc        0x0 Src/stm32f1xx_it.o
                                          0x8 (size before relaxing)
 .ARM.exidx.text.UsageFault_Handler
                0x000000000800b5bc        0x0 Src/stm32f1xx_it.o
                                          0x8 (size before relaxing)
 .ARM.exidx.text.SVC_Handler
                0x000000000800b5bc        0x0 Src/stm32f1xx_it.o
                                          0x8 (size before relaxing)
 .ARM.exidx.text.DebugMon_Handler
                0x000000000800b5bc        0x0 Src/stm32f1xx_it.o
                                          0x8 (size before relaxing)
 .ARM.exidx.text.PendSV_Handler
                0x000000000800b5bc        0x0 Src/stm32f1xx_it.o
                                          0x8 (size before relaxing)
 .ARM.exidx.text.SysTick_Handler
                0x000000000800b5bc        0x8 Src/stm32f1xx_it.o
 .ARM.exidx.text.USB_LP_CAN1_RX0_IRQHandler
                0x000000000800b5c4        0x8 Src/stm32f1xx_it.o
 .ARM.exidx.text.TIM1_UP_IRQHandler
                0x000000000800b5cc        0x8 Src/stm32f1xx_it.o
 .ARM.exidx.text.TIM3_IRQHandler
                0x000000000800b5d4        0x8 Src/stm32f1xx_it.o
 .ARM.exidx.text.DMA1_Channel4_IRQHandler
                0x000000000800b5dc        0x8 Src/stm32f1xx_it.o
 .ARM.exidx.text.DMA1_Channel5_IRQHandler
                0x000000000800b5e4        0x8 Src/stm32f1xx_it.o
 .ARM.exidx.text.USART1_IRQHandler
                0x000000000800b5ec       0x10 Src/stm32f1xx_it.o
                                          0x8 (size before relaxing)
 .ARM.exidx.text._Z11uart_promptv
                0x000000000800b5fc        0x8 Src/uart_com.o
 .ARM.exidx.text._Z15uart_dump_valuePKcS0_d
                0x000000000800b604        0x8 Src/uart_com.o
 .ARM.exidx.text._Z18uart_invalid_valuePKcd
                0x000000000800b60c        0x8 Src/uart_com.o
 .ARM.exidx.text._Z20uart_valid_value_setPKcS0_d
                0x000000000800b614        0x8 Src/uart_com.o
 .ARM.exidx.text._Z12uart_processv
                0x000000000800b61c       0x10 Src/uart_com.o
                                          0x8 (size before relaxing)
 .ARM.exidx     0x000000000800b44c        0x8 /home/yusaku/Atollic/TrueSTUDIO/ARMTools/bin/../lib/gcc/arm-atollic-eabi/6.3.1/armv7-m/libgcc.a(_udivmoddi4.o)
 .ARM.exidx     0x000000000800b454       0x78 /home/yusaku/Atollic/TrueSTUDIO/ARMTools/bin/../lib/gcc/arm-atollic-eabi/6.3.1/armv7-m/libgcc.a(unwind-arm.o)
                                         0xd8 (size before relaxing)
 .ARM.exidx     0x000000000800b4cc       0x38 /home/yusaku/Atollic/TrueSTUDIO/ARMTools/bin/../lib/gcc/arm-atollic-eabi/6.3.1/armv7-m/libgcc.a(pr-support.o)
                                         0x48 (size before relaxing)
                0x000000000800b62c                __exidx_end = .

.rel.dyn        0x000000000800b62c        0x0
 .rel.iplt      0x000000000800b62c        0x0 /home/yusaku/Atollic/TrueSTUDIO/ARMTools/bin/../lib/gcc/arm-atollic-eabi/6.3.1/armv7-m/crtbegin.o

.preinit_array  0x000000000800b62c        0x0
                0x000000000800b62c                PROVIDE (__preinit_array_start, .)
 *(.preinit_array*)
                0x000000000800b62c                PROVIDE (__preinit_array_end, .)

.init_array     0x000000000800b62c        0x8
                0x000000000800b62c                PROVIDE (__init_array_start, .)
 *(SORT(.init_array.*))
 *(.init_array*)
 .init_array    0x000000000800b62c        0x4 /home/yusaku/Atollic/TrueSTUDIO/ARMTools/bin/../lib/gcc/arm-atollic-eabi/6.3.1/armv7-m/crtbegin.o
 .init_array    0x000000000800b630        0x4 Src/SerialClass.o
                0x000000000800b634                PROVIDE (__init_array_end, .)

.fini_array     0x000000000800b634        0x4
                [!provide]                        PROVIDE (__fini_array_start, .)
 *(SORT(.fini_array.*))
 *(.fini_array*)
 .fini_array    0x000000000800b634        0x4 /home/yusaku/Atollic/TrueSTUDIO/ARMTools/bin/../lib/gcc/arm-atollic-eabi/6.3.1/armv7-m/crtbegin.o
                [!provide]                        PROVIDE (__fini_array_end, .)
                0x000000000800b638                _sidata = LOADADDR (.data)

.data           0x0000000020000000      0x724 load address 0x000000000800b638
                0x0000000020000000                . = ALIGN (0x4)
                0x0000000020000000                _sdata = .
 *(.data)
 *(.data*)
 .data.uwTickFreq
                0x0000000020000000        0x1 Drivers/STM32F1xx_HAL_Driver/Src/stm32f1xx_hal.o
                0x0000000020000000                uwTickFreq
 *fill*         0x0000000020000001        0x3 
 .data.uwTickPrio
                0x0000000020000004        0x4 Drivers/STM32F1xx_HAL_Driver/Src/stm32f1xx_hal.o
                0x0000000020000004                uwTickPrio
 .data.control  0x0000000020000008       0xa8 Src/main.o
                0x0000000020000008                control
 .data.SystemCoreClock
                0x00000000200000b0        0x4 Src/system_stm32f1xx.o
                0x00000000200000b0                SystemCoreClock
 .data._impure_ptr
                0x00000000200000b4        0x4 /home/yusaku/Atollic/TrueSTUDIO/ARMTools/bin/../lib/gcc/arm-atollic-eabi/6.3.1/../../../../arm-atollic-eabi/lib/armv7-m/libc.a(lib_a-impure.o)
                0x00000000200000b4                _impure_ptr
 .data.impure_data
                0x00000000200000b8       0xf0 /home/yusaku/Atollic/TrueSTUDIO/ARMTools/bin/../lib/gcc/arm-atollic-eabi/6.3.1/../../../../arm-atollic-eabi/lib/armv7-m/libc.a(lib_a-impure.o)
 .data.__global_locale
                0x00000000200001a8      0x16c /home/yusaku/Atollic/TrueSTUDIO/ARMTools/bin/../lib/gcc/arm-atollic-eabi/6.3.1/../../../../arm-atollic-eabi/lib/armv7-m/libc.a(lib_a-locale.o)
                0x00000000200001a8                __global_locale
 .data.__malloc_av_
                0x0000000020000314      0x408 /home/yusaku/Atollic/TrueSTUDIO/ARMTools/bin/../lib/gcc/arm-atollic-eabi/6.3.1/../../../../arm-atollic-eabi/lib/armv7-m/libc.a(lib_a-mallocr.o)
                0x0000000020000314                __malloc_av_
 .data.__malloc_sbrk_base
                0x000000002000071c        0x4 /home/yusaku/Atollic/TrueSTUDIO/ARMTools/bin/../lib/gcc/arm-atollic-eabi/6.3.1/../../../../arm-atollic-eabi/lib/armv7-m/libc.a(lib_a-mallocr.o)
                0x000000002000071c                __malloc_sbrk_base
 .data.__malloc_trim_threshold
                0x0000000020000720        0x4 /home/yusaku/Atollic/TrueSTUDIO/ARMTools/bin/../lib/gcc/arm-atollic-eabi/6.3.1/../../../../arm-atollic-eabi/lib/armv7-m/libc.a(lib_a-mallocr.o)
                0x0000000020000720                __malloc_trim_threshold
                0x0000000020000724                . = ALIGN (0x4)
                0x0000000020000724                _edata = .

.igot.plt       0x0000000020000724        0x0 load address 0x000000000800bd5c
 .igot.plt      0x0000000020000724        0x0 /home/yusaku/Atollic/TrueSTUDIO/ARMTools/bin/../lib/gcc/arm-atollic-eabi/6.3.1/armv7-m/crtbegin.o
                0x0000000020000724                . = ALIGN (0x4)

.bss            0x0000000020000728      0xb18 load address 0x000000000800bd5c
                0x0000000020000728                _sbss = .
                0x0000000020000728                __bss_start__ = _sbss
 *(.bss)
 .bss           0x0000000020000728       0x1c /home/yusaku/Atollic/TrueSTUDIO/ARMTools/bin/../lib/gcc/arm-atollic-eabi/6.3.1/armv7-m/crtbegin.o
 *(.bss*)
 .bss.serial    0x0000000020000744      0x80c Src/SerialClass.o
                0x0000000020000744                serial
 .bss.bus_state
                0x0000000020000f50        0x1 Src/can.o
                0x0000000020000f50                bus_state
 *fill*         0x0000000020000f51        0x3 
 .bss.filter    0x0000000020000f54       0x28 Src/can.o
                0x0000000020000f54                filter
 .bss.prescaler
                0x0000000020000f7c        0x4 Src/can.o
                0x0000000020000f7c                prescaler
 .bss.confStruct
                0x0000000020000f80       0x50 Src/conf.o
                0x0000000020000f80                confStruct
 .bss._ZL10led_laston
                0x0000000020000fd0        0x4 Src/led.o
 .bss._ZL11led_lastoff
                0x0000000020000fd4        0x4 Src/led.o
 .bss._ZL15led_laston_stat
                0x0000000020000fd8        0x4 Src/led.o
 .bss._ZL16led_lastoff_stat
                0x0000000020000fdc        0x4 Src/led.o
 .bss.hcan      0x0000000020000fe0       0x28 Src/main.o
                0x0000000020000fe0                hcan
 .bss.hdma_usart1_rx
                0x0000000020001008       0x44 Src/main.o
                0x0000000020001008                hdma_usart1_rx
 .bss.hdma_usart1_tx
                0x000000002000104c       0x44 Src/main.o
                0x000000002000104c                hdma_usart1_tx
 .bss.huart1    0x0000000020001090       0x40 Src/main.o
                0x0000000020001090                huart1
 .bss.cmd_buf   0x00000000200010d0       0x80 Src/uart_com.o
                0x00000000200010d0                cmd_buf
 .bss.cmd_buf_ptr
                0x0000000020001150        0x4 Src/uart_com.o
                0x0000000020001150                cmd_buf_ptr
 .bss.tx_buf    0x0000000020001154       0x80 Src/uart_com.o
                0x0000000020001154                tx_buf
 .bss.__malloc_current_mallinfo
                0x00000000200011d4       0x28 /home/yusaku/Atollic/TrueSTUDIO/ARMTools/bin/../lib/gcc/arm-atollic-eabi/6.3.1/../../../../arm-atollic-eabi/lib/armv7-m/libc.a(lib_a-mallocr.o)
                0x00000000200011d4                __malloc_current_mallinfo
 .bss.__malloc_max_sbrked_mem
                0x00000000200011fc        0x4 /home/yusaku/Atollic/TrueSTUDIO/ARMTools/bin/../lib/gcc/arm-atollic-eabi/6.3.1/../../../../arm-atollic-eabi/lib/armv7-m/libc.a(lib_a-mallocr.o)
                0x00000000200011fc                __malloc_max_sbrked_mem
 .bss.__malloc_max_total_mem
                0x0000000020001200        0x4 /home/yusaku/Atollic/TrueSTUDIO/ARMTools/bin/../lib/gcc/arm-atollic-eabi/6.3.1/../../../../arm-atollic-eabi/lib/armv7-m/libc.a(lib_a-mallocr.o)
                0x0000000020001200                __malloc_max_total_mem
 .bss.__malloc_top_pad
                0x0000000020001204        0x4 /home/yusaku/Atollic/TrueSTUDIO/ARMTools/bin/../lib/gcc/arm-atollic-eabi/6.3.1/../../../../arm-atollic-eabi/lib/armv7-m/libc.a(lib_a-mallocr.o)
                0x0000000020001204                __malloc_top_pad
 .bss.heap_end.4116
                0x0000000020001208        0x4 /home/yusaku/Atollic/TrueSTUDIO/ARMTools/bin/../lib/gcc/arm-atollic-eabi/6.3.1/../../../../arm-atollic-eabi/lib/armv7-m/libnosys.a(sbrk.o)
 *(COMMON)
 COMMON         0x000000002000120c        0x4 Drivers/STM32F1xx_HAL_Driver/Src/stm32f1xx_hal.o
                0x000000002000120c                uwTick
 COMMON         0x0000000020001210       0x20 Drivers/STM32F1xx_HAL_Driver/Src/stm32f1xx_hal_flash.o
                0x0000000020001210                pFlash
 COMMON         0x0000000020001230        0x4 /home/yusaku/Atollic/TrueSTUDIO/ARMTools/bin/../lib/gcc/arm-atollic-eabi/6.3.1/../../../../arm-atollic-eabi/lib/armv7-m/libc.a(lib_a-reent.o)
                0x0000000020001230                errno
 COMMON         0x0000000020001234        0x9 /home/yusaku/Atollic/TrueSTUDIO/ARMTools/bin/../lib/gcc/arm-atollic-eabi/6.3.1/../../../../arm-atollic-eabi/lib/armv7-m/libc.a(lib_a-lock.o)
                0x0000000020001234                __lock___atexit_recursive_mutex
                0x0000000020001235                __lock___arc4random_mutex
                0x0000000020001236                __lock___env_recursive_mutex
                0x0000000020001237                __lock___sinit_recursive_mutex
                0x0000000020001238                __lock___malloc_recursive_mutex
                0x0000000020001239                __lock___at_quick_exit_mutex
                0x000000002000123a                __lock___dd_hash_mutex
                0x000000002000123b                __lock___tz_mutex
                0x000000002000123c                __lock___sfp_recursive_mutex
                0x0000000020001240                . = ALIGN (0x4)
 *fill*         0x000000002000123d        0x3 
                0x0000000020001240                _ebss = .
                0x0000000020001240                __bss_end__ = _ebss

._user_heap_stack
                0x0000000020001240      0x600 load address 0x000000000800bd5c
                0x0000000020001240                . = ALIGN (0x4)
                0x0000000020001240                PROVIDE (end, .)
                [!provide]                        PROVIDE (_end, .)
                0x0000000020001440                . = (. + _Min_Heap_Size)
 *fill*         0x0000000020001240      0x200 
                0x0000000020001840                . = (. + _Min_Stack_Size)
 *fill*         0x0000000020001440      0x400 
                0x0000000020001840                . = ALIGN (0x4)

/DISCARD/
 libc.a(*)
 libm.a(*)
 libgcc.a(*)

.ARM.attributes
                0x0000000000000000       0x29
 *(.ARM.attributes)
 .ARM.attributes
                0x0000000000000000       0x1d /home/yusaku/Atollic/TrueSTUDIO/ARMTools/bin/../lib/gcc/arm-atollic-eabi/6.3.1/armv7-m/crti.o
 .ARM.attributes
                0x000000000000001d       0x2d /home/yusaku/Atollic/TrueSTUDIO/ARMTools/bin/../lib/gcc/arm-atollic-eabi/6.3.1/armv7-m/crtbegin.o
 .ARM.attributes
                0x000000000000004a       0x33 Drivers/STM32F1xx_HAL_Driver/Src/stm32f1xx_hal.o
 .ARM.attributes
                0x000000000000007d       0x33 Drivers/STM32F1xx_HAL_Driver/Src/stm32f1xx_hal_can.o
 .ARM.attributes
                0x00000000000000b0       0x33 Drivers/STM32F1xx_HAL_Driver/Src/stm32f1xx_hal_cortex.o
 .ARM.attributes
                0x00000000000000e3       0x33 Drivers/STM32F1xx_HAL_Driver/Src/stm32f1xx_hal_dma.o
 .ARM.attributes
                0x0000000000000116       0x33 Drivers/STM32F1xx_HAL_Driver/Src/stm32f1xx_hal_flash.o
 .ARM.attributes
                0x0000000000000149       0x33 Drivers/STM32F1xx_HAL_Driver/Src/stm32f1xx_hal_flash_ex.o
 .ARM.attributes
                0x000000000000017c       0x33 Drivers/STM32F1xx_HAL_Driver/Src/stm32f1xx_hal_gpio.o
 .ARM.attributes
                0x00000000000001af       0x33 Drivers/STM32F1xx_HAL_Driver/Src/stm32f1xx_hal_rcc.o
 .ARM.attributes
                0x00000000000001e2       0x33 Drivers/STM32F1xx_HAL_Driver/Src/stm32f1xx_hal_uart.o
 .ARM.attributes
                0x0000000000000215       0x33 Drivers/STM32F1xx_HAL_Driver/Src/stm32f1xx_ll_gpio.o
 .ARM.attributes
                0x0000000000000248       0x33 Drivers/STM32F1xx_HAL_Driver/Src/stm32f1xx_ll_tim.o
 .ARM.attributes
                0x000000000000027b       0x33 Drivers/STM32F1xx_HAL_Driver/Src/stm32f1xx_ll_utils.o
 .ARM.attributes
                0x00000000000002ae       0x33 Src/SerialClass.o
 .ARM.attributes
                0x00000000000002e1       0x33 Src/can.o
 .ARM.attributes
                0x0000000000000314       0x33 Src/conf.o
 .ARM.attributes
                0x0000000000000347       0x33 Src/led.o
 .ARM.attributes
                0x000000000000037a       0x33 Src/main.o
 .ARM.attributes
                0x00000000000003ad       0x33 Src/motor_ctrl.o
 .ARM.attributes
                0x00000000000003e0       0x33 Src/stm32f1xx_hal_msp.o
 .ARM.attributes
                0x0000000000000413       0x33 Src/stm32f1xx_it.o
 .ARM.attributes
                0x0000000000000446       0x33 Src/system_stm32f1xx.o
 .ARM.attributes
                0x0000000000000479       0x33 Src/uart_com.o
 .ARM.attributes
                0x00000000000004ac       0x21 startup/startup_stm32f103xb.o
 .ARM.attributes
                0x00000000000004cd       0x2d /home/yusaku/Atollic/TrueSTUDIO/ARMTools/bin/../lib/gcc/arm-atollic-eabi/6.3.1/../../../../arm-atollic-eabi/lib/armv7-m/libc.a(lib_a-init.o)
 .ARM.attributes
                0x00000000000004fa       0x2d /home/yusaku/Atollic/TrueSTUDIO/ARMTools/bin/../lib/gcc/arm-atollic-eabi/6.3.1/../../../../arm-atollic-eabi/lib/armv7-m/libc.a(lib_a-memcpy-stub.o)
 .ARM.attributes
                0x0000000000000527       0x2d /home/yusaku/Atollic/TrueSTUDIO/ARMTools/bin/../lib/gcc/arm-atollic-eabi/6.3.1/../../../../arm-atollic-eabi/lib/armv7-m/libc.a(lib_a-memset.o)
 .ARM.attributes
                0x0000000000000554       0x2d /home/yusaku/Atollic/TrueSTUDIO/ARMTools/bin/../lib/gcc/arm-atollic-eabi/6.3.1/../../../../arm-atollic-eabi/lib/armv7-m/libc.a(lib_a-sprintf.o)
 .ARM.attributes
                0x0000000000000581       0x2d /home/yusaku/Atollic/TrueSTUDIO/ARMTools/bin/../lib/gcc/arm-atollic-eabi/6.3.1/../../../../arm-atollic-eabi/lib/armv7-m/libc.a(lib_a-sscanf.o)
 .ARM.attributes
                0x00000000000005ae       0x2d /home/yusaku/Atollic/TrueSTUDIO/ARMTools/bin/../lib/gcc/arm-atollic-eabi/6.3.1/../../../../arm-atollic-eabi/lib/armv7-m/libc.a(lib_a-stdio.o)
 .ARM.attributes
                0x00000000000005db       0x1b /home/yusaku/Atollic/TrueSTUDIO/ARMTools/bin/../lib/gcc/arm-atollic-eabi/6.3.1/../../../../arm-atollic-eabi/lib/armv7-m/libc.a(lib_a-strcmp.o)
 .ARM.attributes
                0x00000000000005f6       0x17 /home/yusaku/Atollic/TrueSTUDIO/ARMTools/bin/../lib/gcc/arm-atollic-eabi/6.3.1/../../../../arm-atollic-eabi/lib/armv7-m/libc.a(lib_a-strlen.o)
 .ARM.attributes
                0x000000000000060d       0x2d /home/yusaku/Atollic/TrueSTUDIO/ARMTools/bin/../lib/gcc/arm-atollic-eabi/6.3.1/../../../../arm-atollic-eabi/lib/armv7-m/libc.a(lib_a-svfprintf.o)
 .ARM.attributes
                0x000000000000063a       0x2d /home/yusaku/Atollic/TrueSTUDIO/ARMTools/bin/../lib/gcc/arm-atollic-eabi/6.3.1/../../../../arm-atollic-eabi/lib/armv7-m/libc.a(lib_a-svfscanf.o)
 .ARM.attributes
                0x0000000000000667       0x2d /home/yusaku/Atollic/TrueSTUDIO/ARMTools/bin/../lib/gcc/arm-atollic-eabi/6.3.1/../../../../arm-atollic-eabi/lib/armv7-m/libc.a(lib_a-dtoa.o)
 .ARM.attributes
                0x0000000000000694       0x2d /home/yusaku/Atollic/TrueSTUDIO/ARMTools/bin/../lib/gcc/arm-atollic-eabi/6.3.1/../../../../arm-atollic-eabi/lib/armv7-m/libc.a(lib_a-impure.o)
 .ARM.attributes
                0x00000000000006c1       0x2d /home/yusaku/Atollic/TrueSTUDIO/ARMTools/bin/../lib/gcc/arm-atollic-eabi/6.3.1/../../../../arm-atollic-eabi/lib/armv7-m/libc.a(lib_a-iswspace.o)
 .ARM.attributes
                0x00000000000006ee       0x2d /home/yusaku/Atollic/TrueSTUDIO/ARMTools/bin/../lib/gcc/arm-atollic-eabi/6.3.1/../../../../arm-atollic-eabi/lib/armv7-m/libc.a(lib_a-locale.o)
 .ARM.attributes
                0x000000000000071b       0x2d /home/yusaku/Atollic/TrueSTUDIO/ARMTools/bin/../lib/gcc/arm-atollic-eabi/6.3.1/../../../../arm-atollic-eabi/lib/armv7-m/libc.a(lib_a-localeconv.o)
 .ARM.attributes
                0x0000000000000748       0x2d /home/yusaku/Atollic/TrueSTUDIO/ARMTools/bin/../lib/gcc/arm-atollic-eabi/6.3.1/../../../../arm-atollic-eabi/lib/armv7-m/libc.a(lib_a-malloc.o)
 .ARM.attributes
                0x0000000000000775       0x2d /home/yusaku/Atollic/TrueSTUDIO/ARMTools/bin/../lib/gcc/arm-atollic-eabi/6.3.1/../../../../arm-atollic-eabi/lib/armv7-m/libc.a(lib_a-mallocr.o)
 .ARM.attributes
                0x00000000000007a2       0x2d /home/yusaku/Atollic/TrueSTUDIO/ARMTools/bin/../lib/gcc/arm-atollic-eabi/6.3.1/../../../../arm-atollic-eabi/lib/armv7-m/libc.a(lib_a-mbrtowc.o)
 .ARM.attributes
                0x00000000000007cf       0x2d /home/yusaku/Atollic/TrueSTUDIO/ARMTools/bin/../lib/gcc/arm-atollic-eabi/6.3.1/../../../../arm-atollic-eabi/lib/armv7-m/libc.a(lib_a-mbtowc_r.o)
 .ARM.attributes
                0x00000000000007fc       0x2d /home/yusaku/Atollic/TrueSTUDIO/ARMTools/bin/../lib/gcc/arm-atollic-eabi/6.3.1/../../../../arm-atollic-eabi/lib/armv7-m/libc.a(lib_a-memchr-stub.o)
 .ARM.attributes
                0x0000000000000829       0x2d /home/yusaku/Atollic/TrueSTUDIO/ARMTools/bin/../lib/gcc/arm-atollic-eabi/6.3.1/../../../../arm-atollic-eabi/lib/armv7-m/libc.a(lib_a-mlock.o)
 .ARM.attributes