stm32f1xx_hal_can.c:414:13:HAL_CAN_MspInit	0	static
stm32f1xx_hal_can.c:222:19:HAL_CAN_Init	16	static
stm32f1xx_hal_can.c:430:13:HAL_CAN_MspDeInit	0	static
stm32f1xx_hal_can.c:468:19:HAL_CAN_ConfigFilter	12	static
stm32f1xx_hal_can.c:634:19:HAL_CAN_Start	16	static
stm32f1xx_hal_can.c:686:19:HAL_CAN_Stop	16	static
stm32f1xx_hal_can.c:378:19:HAL_CAN_DeInit	8	static
stm32f1xx_hal_can.c:741:19:HAL_CAN_RequestSleep	0	static
stm32f1xx_hal_can.c:772:19:HAL_CAN_WakeUp	8	static
stm32f1xx_hal_can.c:821:10:HAL_CAN_IsSleepActive	0	static
stm32f1xx_hal_can.c:852:19:HAL_CAN_AddTxMessage	12	static
stm32f1xx_hal_can.c:960:19:HAL_CAN_AbortTxRequest	0	static
stm32f1xx_hal_can.c:1009:10:HAL_CAN_GetTxMailboxesFreeLevel	0	static
stm32f1xx_hal_can.c:1052:10:HAL_CAN_IsTxMessagePending	0	static
stm32f1xx_hal_can.c:1084:10:HAL_CAN_GetTxTimestamp	0	static
stm32f1xx_hal_can.c:1118:19:HAL_CAN_GetRxMessage	8	static
stm32f1xx_hal_can.c:1208:10:HAL_CAN_GetRxFifoFillLevel	0	static
stm32f1xx_hal_can.c:1261:19:HAL_CAN_ActivateNotification	0	static
stm32f1xx_hal_can.c:1294:19:HAL_CAN_DeactivateNotification	0	static
stm32f1xx_hal_can.c:1671:13:HAL_CAN_TxMailbox0CompleteCallback	0	static
stm32f1xx_hal_can.c:1688:13:HAL_CAN_TxMailbox1CompleteCallback	0	static
stm32f1xx_hal_can.c:1705:13:HAL_CAN_TxMailbox2CompleteCallback	0	static
stm32f1xx_hal_can.c:1722:13:HAL_CAN_TxMailbox0AbortCallback	0	static
stm32f1xx_hal_can.c:1739:13:HAL_CAN_TxMailbox1AbortCallback	0	static
stm32f1xx_hal_can.c:1756:13:HAL_CAN_TxMailbox2AbortCallback	0	static
stm32f1xx_hal_can.c:1773:13:HAL_CAN_RxFifo0MsgPendingCallback	0	static
stm32f1xx_hal_can.c:1790:13:HAL_CAN_RxFifo0FullCallback	0	static
stm32f1xx_hal_can.c:1807:13:HAL_CAN_RxFifo1MsgPendingCallback	0	static
stm32f1xx_hal_can.c:1824:13:HAL_CAN_RxFifo1FullCallback	0	static
stm32f1xx_hal_can.c:1841:13:HAL_CAN_SleepCallback	0	static
stm32f1xx_hal_can.c:1857:13:HAL_CAN_WakeUpFromRxMsgCallback	0	static
stm32f1xx_hal_can.c:1874:13:HAL_CAN_ErrorCallback	0	static
stm32f1xx_hal_can.c:1325:6:HAL_CAN_IRQHandler	40	static
stm32f1xx_hal_can.c:1911:22:HAL_CAN_GetState	0	static
stm32f1xx_hal_can.c:1946:10:HAL_CAN_GetError	0	static
stm32f1xx_hal_can.c:1958:19:HAL_CAN_ResetError	0	static
