stm32f1xx_ll_tim.c:765:20:OC1Config	8	static
stm32f1xx_ll_tim.c:844:20:OC2Config	8	static
stm32f1xx_ll_tim.c:923:20:OC3Config	8	static
stm32f1xx_ll_tim.c:1002:20:OC4Config	8	static
stm32f1xx_ll_tim.c:1073:20:IC1Config	4	static
stm32f1xx_ll_tim.c:1106:20:IC2Config	4	static
stm32f1xx_ll_tim.c:1139:20:IC3Config	4	static
stm32f1xx_ll_tim.c:1172:20:IC4Config	4	static
stm32f1xx_ll_tim.c:184:13:LL_TIM_DeInit	0	static
stm32f1xx_ll_tim.c:322:6:LL_TIM_StructInit	0	static
stm32f1xx_ll_tim.c:340:13:LL_TIM_Init	0	static
stm32f1xx_ll_tim.c:391:6:LL_TIM_OC_StructInit	0	static
stm32f1xx_ll_tim.c:417:13:LL_TIM_OC_Init	8	static
stm32f1xx_ll_tim.c:448:6:LL_TIM_IC_StructInit	0	static
stm32f1xx_ll_tim.c:470:13:LL_TIM_IC_Init	8	static
stm32f1xx_ll_tim.c:500:6:LL_TIM_ENCODER_StructInit	0	static
stm32f1xx_ll_tim.c:522:13:LL_TIM_ENCODER_Init	4	static
stm32f1xx_ll_tim.c:584:6:LL_TIM_HALLSENSOR_StructInit	0	static
stm32f1xx_ll_tim.c:611:13:LL_TIM_HALLSENSOR_Init	12	static
stm32f1xx_ll_tim.c:689:6:LL_TIM_BDTR_StructInit	0	static
stm32f1xx_ll_tim.c:714:13:LL_TIM_BDTR_Init	0	static
