Archive member included to satisfy reference by file (symbol)

/home/yusaku/Atollic/TrueSTUDIO/ARMTools/bin/../lib/gcc/arm-atollic-eabi/6.3.1/../../../../arm-atollic-eabi/lib/armv7-m/libc.a(lib_a-init.o)
                              startup/startup_stm32f103xb.o (__libc_init_array)
/home/yusaku/Atollic/TrueSTUDIO/ARMTools/bin/../lib/gcc/arm-atollic-eabi/6.3.1/../../../../arm-atollic-eabi/lib/armv7-m/libc.a(lib_a-memcpy-stub.o)
                              Src/conf.o (memcpy)
/home/yusaku/Atollic/TrueSTUDIO/ARMTools/bin/../lib/gcc/arm-atollic-eabi/6.3.1/../../../../arm-atollic-eabi/lib/armv7-m/libc.a(lib_a-memset.o)
                              Src/main.o (memset)
/home/yusaku/Atollic/TrueSTUDIO/ARMTools/bin/../lib/gcc/arm-atollic-eabi/6.3.1/../../../../arm-atollic-eabi/lib/armv7-m/libc.a(lib_a-sprintf.o)
                              Src/motor_ctrl.o (sprintf)
/home/yusaku/Atollic/TrueSTUDIO/ARMTools/bin/../lib/gcc/arm-atollic-eabi/6.3.1/../../../../arm-atollic-eabi/lib/armv7-m/libc.a(lib_a-sscanf.o)
                              Src/uart_com.o (sscanf)
/home/yusaku/Atollic/TrueSTUDIO/ARMTools/bin/../lib/gcc/arm-atollic-eabi/6.3.1/../../../../arm-atollic-eabi/lib/armv7-m/libc.a(lib_a-stdio.o)
                              /home/yusaku/Atollic/TrueSTUDIO/ARMTools/bin/../lib/gcc/arm-atollic-eabi/6.3.1/../../../../arm-atollic-eabi/lib/armv7-m/libc.a(lib_a-sscanf.o) (__seofread)
/home/yusaku/Atollic/TrueSTUDIO/ARMTools/bin/../lib/gcc/arm-atollic-eabi/6.3.1/../../../../arm-atollic-eabi/lib/armv7-m/libc.a(lib_a-strcmp.o)
                              Src/uart_com.o (strcmp)
/home/yusaku/Atollic/TrueSTUDIO/ARMTools/bin/../lib/gcc/arm-atollic-eabi/6.3.1/../../../../arm-atollic-eabi/lib/armv7-m/libc.a(lib_a-strlen.o)
                              /home/yusaku/Atollic/TrueSTUDIO/ARMTools/bin/../lib/gcc/arm-atollic-eabi/6.3.1/../../../../arm-atollic-eabi/lib/armv7-m/libc.a(lib_a-sscanf.o) (strlen)
/home/yusaku/Atollic/TrueSTUDIO/ARMTools/bin/../lib/gcc/arm-atollic-eabi/6.3.1/../../../../arm-atollic-eabi/lib/armv7-m/libc.a(lib_a-svfprintf.o)
                              /home/yusaku/Atollic/TrueSTUDIO/ARMTools/bin/../lib/gcc/arm-atollic-eabi/6.3.1/../../../../arm-atollic-eabi/lib/armv7-m/libc.a(lib_a-sprintf.o) (_svfprintf_r)
/home/yusaku/Atollic/TrueSTUDIO/ARMTools/bin/../lib/gcc/arm-atollic-eabi/6.3.1/../../../../arm-atollic-eabi/lib/armv7-m/libc.a(lib_a-svfscanf.o)
                              /home/yusaku/Atollic/TrueSTUDIO/ARMTools/bin/../lib/gcc/arm-atollic-eabi/6.3.1/../../../../arm-atollic-eabi/lib/armv7-m/libc.a(lib_a-sscanf.o) (__ssvfscanf_r)
/home/yusaku/Atollic/TrueSTUDIO/ARMTools/bin/../lib/gcc/arm-atollic-eabi/6.3.1/../../../../arm-atollic-eabi/lib/armv7-m/libc.a(lib_a-writer.o)
                              /home/yusaku/Atollic/TrueSTUDIO/ARMTools/bin/../lib/gcc/arm-atollic-eabi/6.3.1/../../../../arm-atollic-eabi/lib/armv7-m/libc.a(lib_a-stdio.o) (_write_r)
/home/yusaku/Atollic/TrueSTUDIO/ARMTools/bin/../lib/gcc/arm-atollic-eabi/6.3.1/../../../../arm-atollic-eabi/lib/armv7-m/libc.a(lib_a-closer.o)
                              /home/yusaku/Atollic/TrueSTUDIO/ARMTools/bin/../lib/gcc/arm-atollic-eabi/6.3.1/../../../../arm-atollic-eabi/lib/armv7-m/libc.a(lib_a-stdio.o) (_close_r)
/home/yusaku/Atollic/TrueSTUDIO/ARMTools/bin/../lib/gcc/arm-atollic-eabi/6.3.1/../../../../arm-atollic-eabi/lib/armv7-m/libc.a(lib_a-dtoa.o)
                              /home/yusaku/Atollic/TrueSTUDIO/ARMTools/bin/../lib/gcc/arm-atollic-eabi/6.3.1/../../../../arm-atollic-eabi/lib/armv7-m/libc.a(lib_a-svfprintf.o) (_dtoa_r)
/home/yusaku/Atollic/TrueSTUDIO/ARMTools/bin/../lib/gcc/arm-atollic-eabi/6.3.1/../../../../arm-atollic-eabi/lib/armv7-m/libc.a(lib_a-impure.o)
                              /home/yusaku/Atollic/TrueSTUDIO/ARMTools/bin/../lib/gcc/arm-atollic-eabi/6.3.1/../../../../arm-atollic-eabi/lib/armv7-m/libc.a(lib_a-sprintf.o) (_impure_ptr)
/home/yusaku/Atollic/TrueSTUDIO/ARMTools/bin/../lib/gcc/arm-atollic-eabi/6.3.1/../../../../arm-atollic-eabi/lib/armv7-m/libc.a(lib_a-iswspace.o)
                              /home/yusaku/Atollic/TrueSTUDIO/ARMTools/bin/../lib/gcc/arm-atollic-eabi/6.3.1/../../../../arm-atollic-eabi/lib/armv7-m/libc.a(lib_a-svfscanf.o) (iswspace)
/home/yusaku/Atollic/TrueSTUDIO/ARMTools/bin/../lib/gcc/arm-atollic-eabi/6.3.1/../../../../arm-atollic-eabi/lib/armv7-m/libc.a(lib_a-locale.o)
                              /home/yusaku/Atollic/TrueSTUDIO/ARMTools/bin/../lib/gcc/arm-atollic-eabi/6.3.1/../../../../arm-atollic-eabi/lib/armv7-m/libc.a(lib_a-svfscanf.o) (__locale_mb_cur_max)
/home/yusaku/Atollic/TrueSTUDIO/ARMTools/bin/../lib/gcc/arm-atollic-eabi/6.3.1/../../../../arm-atollic-eabi/lib/armv7-m/libc.a(lib_a-localeconv.o)
                              /home/yusaku/Atollic/TrueSTUDIO/ARMTools/bin/../lib/gcc/arm-atollic-eabi/6.3.1/../../../../arm-atollic-eabi/lib/armv7-m/libc.a(lib_a-svfprintf.o) (_localeconv_r)
[...]
Memory Configuration

Name             Origin             Length             Attributes
FLASH            0x0000000008000000 0x000000000000fc00 xr
DATA             0x000000000800fc00 0x0000000000000400 r
RAM              0x0000000020000000 0x0000000000005000 xrw
*default*        0x0000000000000000 0xffffffffffffffff

Linker script and memory map

LOAD /home/yusaku/Atollic/TrueSTUDIO/ARMTools/bin/../lib/gcc/arm-atollic-eabi/6.3.1/armv7-m/crti.o
LOAD /home/yusaku/Atollic/TrueSTUDIO/ARMTools/bin/../lib/gcc/arm-atollic-eabi/6.3.1/armv7-m/crtbegin.o
LOAD Drivers/STM32F1xx_HAL_Driver/Src/stm32f1xx_hal.o
LOAD Drivers/STM32F1xx_HAL_Driver/Src/stm32f1xx_hal_can.o
LOAD Drivers/STM32F1xx_HAL_Driver/Src/stm32f1xx_hal_cortex.o
LOAD Drivers/STM32F1xx_HAL_Driver/Src/stm32f1xx_hal_dma.o
LOAD Drivers/STM32F1xx_HAL_Driver/Src/stm32f1xx_hal_flash.o
LOAD Drivers/STM32F1xx_HAL_Driver/Src/stm32f1xx_hal_flash_ex.o
LOAD Drivers/STM32F1xx_HAL_Driver/Src/stm32f1xx_hal_gpio.o
LOAD Drivers/STM32F1xx_HAL_Driver/Src/stm32f1xx_hal_gpio_ex.o
LOAD Drivers/STM32F1xx_HAL_Driver/Src/stm32f1xx_hal_pwr.o
LOAD Drivers/STM32F1xx_HAL_Driver/Src/stm32f1xx_hal_rcc.o
LOAD Drivers/STM32F1xx_HAL_Driver/Src/stm32f1xx_hal_rcc_ex.o
LOAD Drivers/STM32F1xx_HAL_Driver/Src/stm32f1xx_hal_tim.o
LOAD Drivers/STM32F1xx_HAL_Driver/Src/stm32f1xx_hal_tim_ex.o
LOAD Drivers/STM32F1xx_HAL_Driver/Src/stm32f1xx_hal_uart.o
LOAD Drivers/STM32F1xx_HAL_Driver/Src/stm32f1xx_ll_crc.o
LOAD Drivers/STM32F1xx_HAL_Driver/Src/stm32f1xx_ll_dma.o
LOAD Drivers/STM32F1xx_HAL_Driver/Src/stm32f1xx_ll_exti.o
LOAD Drivers/STM32F1xx_HAL_Driver/Src/stm32f1xx_ll_gpio.o
LOAD Drivers/STM32F1xx_HAL_Driver/Src/stm32f1xx_ll_rcc.o
LOAD Drivers/STM32F1xx_HAL_Driver/Src/stm32f1xx_ll_tim.o
LOAD Drivers/STM32F1xx_HAL_Driver/Src/stm32f1xx_ll_usart.o
LOAD Drivers/STM32F1xx_HAL_Driver/Src/stm32f1xx_ll_utils.o
LOAD Src/SerialClass.o
LOAD Src/can.o
LOAD Src/conf.o
LOAD Src/led.o
LOAD Src/main.o
LOAD Src/motor_ctrl.o
LOAD Src/stm32f1xx_hal_msp.o
LOAD Src/stm32f1xx_it.o
LOAD Src/system_stm32f1xx.o
LOAD Src/uart_com.o
LOAD startup/startup_stm32f103xb.o
                0x0000000000001000                malloc_getpagesize_P = 0x1000
START GROUP
LOAD /home/yusaku/Atollic/TrueSTUDIO/ARMTools/bin/../lib/gcc/arm-atollic-eabi/6.3.1/../../../../arm-atollic-eabi/lib/armv7-m/libstdc++_nano.a
LOAD /home/yusaku/Atollic/TrueSTUDIO/ARMTools/bin/../lib/gcc/arm-atollic-eabi/6.3.1/../../../../arm-atollic-eabi/lib/armv7-m/libsupc++_nano.a
END GROUP
LOAD /home/yusaku/Atollic/TrueSTUDIO/ARMTools/bin/../lib/gcc/arm-atollic-eabi/6.3.1/../../../../arm-atollic-eabi/lib/armv7-m/libstdc++_nano.a
LOAD /home/yusaku/Atollic/TrueSTUDIO/ARMTools/bin/../lib/gcc/arm-atollic-eabi/6.3.1/../../../../arm-atollic-eabi/lib/armv7-m/libm.a
LOAD /home/yusaku/Atollic/TrueSTUDIO/ARMTools/bin/../lib/gcc/arm-atollic-eabi/6.3.1/../../../../arm-atollic-eabi/lib/armv7-m/libc.a
START GROUP
LOAD /home/yusaku/Atollic/TrueSTUDIO/ARMTools/bin/../lib/gcc/arm-atollic-eabi/6.3.1/armv7-m/libgcc.a
LOAD /home/yusaku/Atollic/TrueSTUDIO/ARMTools/bin/../lib/gcc/arm-atollic-eabi/6.3.1/../../../../arm-atollic-eabi/lib/armv7-m/libc.a
END GROUP
START GROUP
LOAD /home/yusaku/Atollic/TrueSTUDIO/ARMTools/bin/../lib/gcc/arm-atollic-eabi/6.3.1/armv7-m/libgcc.a
LOAD /home/yusaku/Atollic/TrueSTUDIO/ARMTools/bin/../lib/gcc/arm-atollic-eabi/6.3.1/../../../../arm-atollic-eabi/lib/armv7-m/libc.a
LOAD /home/yusaku/Atollic/TrueSTUDIO/ARMTools/bin/../lib/gcc/arm-atollic-eabi/6.3.1/../../../../arm-atollic-eabi/lib/armv7-m/libnosys.a
END GROUP
START GROUP
LOAD /home/yusaku/Atollic/TrueSTUDIO/ARMTools/bin/../lib/gcc/arm-atollic-eabi/6.3.1/armv7-m/libgcc.a
LOAD /home/yusaku/Atollic/TrueSTUDIO/ARMTools/bin/../lib/gcc/arm-atollic-eabi/6.3.1/../../../../arm-atollic-eabi/lib/armv7-m/libc.a
LOAD /home/yusaku/Atollic/TrueSTUDIO/ARMTools/bin/../lib/gcc/arm-atollic-eabi/6.3.1/../../../../arm-atollic-eabi/lib/armv7-m/libnosys.a
END GROUP
LOAD /home/yusaku/Atollic/TrueSTUDIO/ARMTools/bin/../lib/gcc/arm-atollic-eabi/6.3.1/armv7-m/crtend.o
LOAD /home/yusaku/Atollic/TrueSTUDIO/ARMTools/bin/../lib/gcc/arm-atollic-eabi/6.3.1/armv7-m/crtn.o
                0x0000000020005000                _estack = 0x20005000
                0x0000000000000200                _Min_Heap_Size = 0x200
                0x0000000000000400                _Min_Stack_Size = 0x400

.isr_vector     0x0000000008000000      0x10c
                0x0000000008000000                . = ALIGN (0x4)
 *(.isr_vector)
 .isr_vector    0x0000000008000000      0x10c startup/startup_stm32f103xb.o
                0x0000000008000000                g_pfnVectors
                0x000000000800010c                . = ALIGN (0x4)

.text           0x0000000008000110     0x9bcc
                0x0000000008000110                . = ALIGN (0x4)
 *(.text)
 .text          0x0000000008000110       0x40 /home/yusaku/Atollic/TrueSTUDIO/ARMTools/bin/../lib/gcc/arm-atollic-eabi/6.3.1/armv7-m/crtbegin.o
 .text          0x0000000008000150       0x14 /home/yusaku/Atollic/TrueSTUDIO/ARMTools/bin/../lib/gcc/arm-atollic-eabi/6.3.1/../../../../arm-atollic-eabi/lib/armv7-m/libc.a(lib_a-strcmp.o)
                0x0000000008000150                strcmp
 .text          0x0000000008000164       0x10 /home/yusaku/Atollic/TrueSTUDIO/ARMTools/bin/../lib/gcc/arm-atollic-eabi/6.3.1/../../../../arm-atollic-eabi/lib/armv7-m/libc.a(lib_a-strlen.o)
                0x0000000008000164                strlen
 .text          0x0000000008000174      0x370 /home/yusaku/Atollic/TrueSTUDIO/ARMTools/bin/../lib/gcc/arm-atollic-eabi/6.3.1/armv7-m/libgcc.a(_arm_addsubdf3.o)
                0x0000000008000174                __aeabi_drsub
                0x000000000800017c                __aeabi_dsub
                0x000000000800017c                __subdf3
                0x0000000008000180                __adddf3
                0x0000000008000180                __aeabi_dadd
                0x00000000080003f8                __aeabi_ui2d
                0x00000000080003f8                __floatunsidf
                0x0000000008000418                __floatsidf
                0x0000000008000418                __aeabi_i2d
                0x000000000800043c                __extendsfdf2
                0x000000000800043c                __aeabi_f2d
                0x0000000008000478                __aeabi_ul2d
                0x0000000008000478                __floatundidf
                0x0000000008000488                __floatdidf
                0x0000000008000488                __aeabi_l2d
 .text          0x00000000080004e4      0x424 /home/yusaku/Atollic/TrueSTUDIO/ARMTools/bin/../lib/gcc/arm-atollic-eabi/6.3.1/armv7-m/libgcc.a(_arm_muldivdf3.o)
                0x00000000080004e4                __aeabi_dmul
                0x00000000080004e4                __muldf3
                0x0000000008000738                __aeabi_ddiv
                0x0000000008000738                __divdf3
 .text          0x0000000008000908      0x110 /home/yusaku/Atollic/TrueSTUDIO/ARMTools/bin/../lib/gcc/arm-atollic-eabi/6.3.1/armv7-m/libgcc.a(_arm_cmpdf2.o)
                0x0000000008000908                __gtdf2
                0x0000000008000908                __gedf2
                0x0000000008000910                __ltdf2
                0x0000000008000910                __ledf2
                0x0000000008000918                __cmpdf2
                0x0000000008000918                __eqdf2
                0x0000000008000918                __nedf2
                0x0000000008000994                __aeabi_cdrcmple
                0x00000000080009a4                __aeabi_cdcmple
                0x00000000080009a4                __aeabi_cdcmpeq
                0x00000000080009b4                __aeabi_dcmpeq
                0x00000000080009c8                __aeabi_dcmplt
                0x00000000080009dc                __aeabi_dcmple
                0x00000000080009f0                __aeabi_dcmpge
                0x0000000008000a04                __aeabi_dcmpgt
 .text          0x0000000008000a18       0x2c /home/yusaku/Atollic/TrueSTUDIO/ARMTools/bin/../lib/gcc/arm-atollic-eabi/6.3.1/armv7-m/libgcc.a(_arm_unorddf2.o)
                0x0000000008000a18                __aeabi_dcmpun
                0x0000000008000a18                __unorddf2
 .text          0x0000000008000a44       0x50 /home/yusaku/Atollic/TrueSTUDIO/ARMTools/bin/../lib/gcc/arm-atollic-eabi/6.3.1/armv7-m/libgcc.a(_arm_fixdfsi.o)
                0x0000000008000a44                __fixdfsi
                0x0000000008000a44                __aeabi_d2iz
 .text          0x0000000008000a94       0x40 /home/yusaku/Atollic/TrueSTUDIO/ARMTools/bin/../lib/gcc/arm-atollic-eabi/6.3.1/armv7-m/libgcc.a(_arm_fixunsdfsi.o)
                0x0000000008000a94                __fixunsdfsi
                0x0000000008000a94                __aeabi_d2uiz
 .text          0x0000000008000ad4       0xa0 /home/yusaku/Atollic/TrueSTUDIO/ARMTools/bin/../lib/gcc/arm-atollic-eabi/6.3.1/armv7-m/libgcc.a(_arm_truncdfsf2.o)
                0x0000000008000ad4                __aeabi_d2f
                0x0000000008000ad4                __truncdfsf2
 .text          0x0000000008000b74       0x30 /home/yusaku/Atollic/TrueSTUDIO/ARMTools/bin/../lib/gcc/arm-atollic-eabi/6.3.1/armv7-m/libgcc.a(_aeabi_uldivmod.o)
                0x0000000008000b74                __aeabi_uldivmod
 .text          0x0000000008000ba4      0x2dc /home/yusaku/Atollic/TrueSTUDIO/ARMTools/bin/../lib/gcc/arm-atollic-eabi/6.3.1/armv7-m/libgcc.a(_udivmoddi4.o)
                0x0000000008000ba4                __udivmoddi4
 .text          0x0000000008000e80        0x4 /home/yusaku/Atollic/TrueSTUDIO/ARMTools/bin/../lib/gcc/arm-atollic-eabi/6.3.1/armv7-m/libgcc.a(_dvmd_tls.o)
                0x0000000008000e80                __aeabi_ldiv0
                0x0000000008000e80                __aeabi_idiv0
 *(.text*)
 .text.HAL_InitTick
                0x0000000008000e84       0x48 Drivers/STM32F1xx_HAL_Driver/Src/stm32f1xx_hal.o
                0x0000000008000e84                HAL_InitTick
 .text.HAL_Init
                0x0000000008000ecc       0x24 Drivers/STM32F1xx_HAL_Driver/Src/stm32f1xx_hal.o
                0x0000000008000ecc                HAL_Init
 .text.HAL_IncTick
                0x0000000008000ef0       0x18 Drivers/STM32F1xx_HAL_Driver/Src/stm32f1xx_hal.o
                0x0000000008000ef0                HAL_IncTick
 .text.HAL_GetTick
                0x0000000008000f08        0xc Drivers/STM32F1xx_HAL_Driver/Src/stm32f1xx_hal.o
                0x0000000008000f08                HAL_GetTick
 .text.HAL_Delay
                0x0000000008000f14       0x24 Drivers/STM32F1xx_HAL_Driver/Src/stm32f1xx_hal.o
                0x0000000008000f14                HAL_Delay
 .text.HAL_CAN_Init
                0x0000000008000f38      0x104 Drivers/STM32F1xx_HAL_Driver/Src/stm32f1xx_hal_can.o
                0x0000000008000f38                HAL_CAN_Init
 .text.HAL_CAN_ConfigFilter
                0x000000000800103c       0xf8 Drivers/STM32F1xx_HAL_Driver/Src/stm32f1xx_hal_can.o
                0x000000000800103c                HAL_CAN_ConfigFilter
 .text.HAL_CAN_Start
                0x0000000008001134       0x5c Drivers/STM32F1xx_HAL_Driver/Src/stm32f1xx_hal_can.o
                0x0000000008001134                HAL_CAN_Start
 .text.HAL_CAN_GetRxMessage
                0x0000000008001190      0x108 Drivers/STM32F1xx_HAL_Driver/Src/stm32f1xx_hal_can.o
                0x0000000008001190                HAL_CAN_GetRxMessage
 .text.HAL_CAN_ActivateNotification
                0x0000000008001298       0x24 Drivers/STM32F1xx_HAL_Driver/Src/stm32f1xx_hal_can.o
                0x0000000008001298                HAL_CAN_ActivateNotification
 .text.HAL_CAN_TxMailbox0CompleteCallback
                0x00000000080012bc        0x4 Drivers/STM32F1xx_HAL_Driver/Src/stm32f1xx_hal_can.o
                0x00000000080012bc                HAL_CAN_TxMailbox0CompleteCallback
 .text.HAL_CAN_TxMailbox1CompleteCallback
                0x00000000080012c0        0x4 Drivers/STM32F1xx_HAL_Driver/Src/stm32f1xx_hal_can.o
                0x00000000080012c0                HAL_CAN_TxMailbox1CompleteCallback
 .text.HAL_CAN_TxMailbox2CompleteCallback
                0x00000000080012c4        0x4 Drivers/STM32F1xx_HAL_Driver/Src/stm32f1xx_hal_can.o
                0x00000000080012c4                HAL_CAN_TxMailbox2CompleteCallback
 .text.HAL_CAN_TxMailbox0AbortCallback
                0x00000000080012c8        0x4 Drivers/STM32F1xx_HAL_Driver/Src/stm32f1xx_hal_can.o
                0x00000000080012c8                HAL_CAN_TxMailbox0AbortCallback
 .text.HAL_CAN_TxMailbox1AbortCallback
                0x00000000080012cc        0x4 Drivers/STM32F1xx_HAL_Driver/Src/stm32f1xx_hal_can.o
                0x00000000080012cc                HAL_CAN_TxMailbox1AbortCallback
 .text.HAL_CAN_TxMailbox2AbortCallback
                0x00000000080012d0        0x4 Drivers/STM32F1xx_HAL_Driver/Src/stm32f1xx_hal_can.o
                0x00000000080012d0                HAL_CAN_TxMailbox2AbortCallback
 .text.HAL_CAN_RxFifo0FullCallback
                0x00000000080012d4        0x4 Drivers/STM32F1xx_HAL_Driver/Src/stm32f1xx_hal_can.o
                0x00000000080012d4                HAL_CAN_RxFifo0FullCallback
 .text.HAL_CAN_RxFifo1MsgPendingCallback
                0x00000000080012d8        0x4 Drivers/STM32F1xx_HAL_Driver/Src/stm32f1xx_hal_can.o
                0x00000000080012d8                HAL_CAN_RxFifo1MsgPendingCallback
 .text.HAL_CAN_RxFifo1FullCallback
                0x00000000080012dc        0x4 Drivers/STM32F1xx_HAL_Driver/Src/stm32f1xx_hal_can.o
                0x00000000080012dc                HAL_CAN_RxFifo1FullCallback
 .text.HAL_CAN_SleepCallback
                0x00000000080012e0        0x4 Drivers/STM32F1xx_HAL_Driver/Src/stm32f1xx_hal_can.o
                0x00000000080012e0                HAL_CAN_SleepCallback
 .text.HAL_CAN_WakeUpFromRxMsgCallback
                0x00000000080012e4        0x4 Drivers/STM32F1xx_HAL_Driver/Src/stm32f1xx_hal_can.o
                0x00000000080012e4                HAL_CAN_WakeUpFromRxMsgCallback
 .text.HAL_CAN_ErrorCallback
                0x00000000080012e8        0x4 Drivers/STM32F1xx_HAL_Driver/Src/stm32f1xx_hal_can.o
                0x00000000080012e8                HAL_CAN_ErrorCallback
 .text.HAL_CAN_IRQHandler
                0x00000000080012ec      0x254 Drivers/STM32F1xx_HAL_Driver/Src/stm32f1xx_hal_can.o
                0x00000000080012ec                HAL_CAN_IRQHandler
 .text.HAL_NVIC_SetPriorityGrouping
                0x0000000008001540       0x24 Drivers/STM32F1xx_HAL_Driver/Src/stm32f1xx_hal_cortex.o
                0x0000000008001540                HAL_NVIC_SetPriorityGrouping
 .text.HAL_NVIC_SetPriority
                0x0000000008001564       0x6c Drivers/STM32F1xx_HAL_Driver/Src/stm32f1xx_hal_cortex.o
                0x0000000008001564                HAL_NVIC_SetPriority
 .text.HAL_NVIC_EnableIRQ
                0x00000000080015d0       0x18 Drivers/STM32F1xx_HAL_Driver/Src/stm32f1xx_hal_cortex.o
                0x00000000080015d0                HAL_NVIC_EnableIRQ
 .text.HAL_SYSTICK_Config
                0x00000000080015e8       0x30 Drivers/STM32F1xx_HAL_Driver/Src/stm32f1xx_hal_cortex.o
                0x00000000080015e8                HAL_SYSTICK_Config
 .text.HAL_SYSTICK_Callback
                0x0000000008001618        0x4 Drivers/STM32F1xx_HAL_Driver/Src/stm32f1xx_hal_cortex.o
                0x0000000008001618                HAL_SYSTICK_Callback
 .text.HAL_SYSTICK_IRQHandler
                0x000000000800161c        0x8 Drivers/STM32F1xx_HAL_Driver/Src/stm32f1xx_hal_cortex.o
                0x000000000800161c                HAL_SYSTICK_IRQHandler
 .text.HAL_DMA_Init
                0x0000000008001624       0x68 Drivers/STM32F1xx_HAL_Driver/Src/stm32f1xx_hal_dma.o
                0x0000000008001624                HAL_DMA_Init
 .text.HAL_DMA_Start_IT
                0x000000000800168c       0x88 Drivers/STM32F1xx_HAL_Driver/Src/stm32f1xx_hal_dma.o
                0x000000000800168c                HAL_DMA_Start_IT
 .text.HAL_DMA_Abort_IT
                0x0000000008001714       0x98 Drivers/STM32F1xx_HAL_Driver/Src/stm32f1xx_hal_dma.o
                0x0000000008001714                HAL_DMA_Abort_IT
 .text.HAL_DMA_IRQHandler
                0x00000000080017ac      0x12c Drivers/STM32F1xx_HAL_Driver/Src/stm32f1xx_hal_dma.o
                0x00000000080017ac                HAL_DMA_IRQHandler
 .text.HAL_FLASH_Program
                0x00000000080018d8      0x1e0 Drivers/STM32F1xx_HAL_Driver/Src/stm32f1xx_hal_flash.o
                0x00000000080018d8                HAL_FLASH_Program
 .text.HAL_FLASH_Unlock
                0x0000000008001ab8       0x28 Drivers/STM32F1xx_HAL_Driver/Src/stm32f1xx_hal_flash.o
                0x0000000008001ab8                HAL_FLASH_Unlock
 .text.HAL_FLASH_Lock
                0x0000000008001ae0       0x14 Drivers/STM32F1xx_HAL_Driver/Src/stm32f1xx_hal_flash.o
                0x0000000008001ae0                HAL_FLASH_Lock
 .text.FLASH_WaitForLastOperation
                0x0000000008001af4       0xb8 Drivers/STM32F1xx_HAL_Driver/Src/stm32f1xx_hal_flash.o
                0x0000000008001af4                FLASH_WaitForLastOperation
 .text.HAL_FLASHEx_Erase
                0x0000000008001bac       0xc8 Drivers/STM32F1xx_HAL_Driver/Src/stm32f1xx_hal_flash_ex.o
                0x0000000008001bac                HAL_FLASHEx_Erase
 .text.HAL_GPIO_Init
                0x0000000008001c74      0x200 Drivers/STM32F1xx_HAL_Driver/Src/stm32f1xx_hal_gpio.o
                0x0000000008001c74                HAL_GPIO_Init
 .text.HAL_RCC_GetPCLK1Freq
                0x0000000008001e74       0x20 Drivers/STM32F1xx_HAL_Driver/Src/stm32f1xx_hal_rcc.o
                0x0000000008001e74                HAL_RCC_GetPCLK1Freq
 .text.HAL_RCC_GetPCLK2Freq
                0x0000000008001e94       0x20 Drivers/STM32F1xx_HAL_Driver/Src/stm32f1xx_hal_rcc.o
                0x0000000008001e94                HAL_RCC_GetPCLK2Freq
 .text.UART_SetConfig
                0x0000000008001eb4      0x184 Drivers/STM32F1xx_HAL_Driver/Src/stm32f1xx_hal_uart.o
 .text.HAL_UART_Init
                0x0000000008002038       0x60 Drivers/STM32F1xx_HAL_Driver/Src/stm32f1xx_hal_uart.o
                0x0000000008002038                HAL_UART_Init
 .text.HAL_UART_Transmit_DMA
                0x0000000008002098       0x78 Drivers/STM32F1xx_HAL_Driver/Src/stm32f1xx_hal_uart.o
                0x0000000008002098                HAL_UART_Transmit_DMA
 .text.HAL_UART_Receive_DMA
                0x0000000008002110       0x94 Drivers/STM32F1xx_HAL_Driver/Src/stm32f1xx_hal_uart.o
                0x0000000008002110                HAL_UART_Receive_DMA
 .text.UART_DMATransmitCplt
                0x00000000080021a4       0x2c Drivers/STM32F1xx_HAL_Driver/Src/stm32f1xx_hal_uart.o
 .text.HAL_UART_TxHalfCpltCallback
                0x00000000080021d0        0x4 Drivers/STM32F1xx_HAL_Driver/Src/stm32f1xx_hal_uart.o
                0x00000000080021d0                HAL_UART_TxHalfCpltCallback
 .text.UART_DMATxHalfCplt
                0x00000000080021d4        0xc Drivers/STM32F1xx_HAL_Driver/Src/stm32f1xx_hal_uart.o
 .text.HAL_UART_RxCpltCallback
                0x00000000080021e0        0x4 Drivers/STM32F1xx_HAL_Driver/Src/stm32f1xx_hal_uart.o
                0x00000000080021e0                HAL_UART_RxCpltCallback
 .text.UART_DMAReceiveCplt
                0x00000000080021e4       0x38 Drivers/STM32F1xx_HAL_Driver/Src/stm32f1xx_hal_uart.o
 .text.UART_Receive_IT.part.1
                0x000000000800221c       0x88 Drivers/STM32F1xx_HAL_Driver/Src/stm32f1xx_hal_uart.o
 .text.HAL_UART_RxHalfCpltCallback
                0x00000000080022a4        0x4 Drivers/STM32F1xx_HAL_Driver/Src/stm32f1xx_hal_uart.o
                0x00000000080022a4                HAL_UART_RxHalfCpltCallback
 .text.UART_DMARxHalfCplt
                0x00000000080022a8        0xc Drivers/STM32F1xx_HAL_Driver/Src/stm32f1xx_hal_uart.o
 .text.HAL_UART_ErrorCallback
                0x00000000080022b4        0x4 Drivers/STM32F1xx_HAL_Driver/Src/stm32f1xx_hal_uart.o
                0x00000000080022b4                HAL_UART_ErrorCallback
 .text.UART_DMAError
                0x00000000080022b8       0x64 Drivers/STM32F1xx_HAL_Driver/Src/stm32f1xx_hal_uart.o
 .text.HAL_UART_IRQHandler
                0x000000000800231c      0x18c Drivers/STM32F1xx_HAL_Driver/Src/stm32f1xx_hal_uart.o
                0x000000000800231c                HAL_UART_IRQHandler
 .text.UART_DMAAbortOnError
                0x00000000080024a8       0x14 Drivers/STM32F1xx_HAL_Driver/Src/stm32f1xx_hal_uart.o
 .text.LL_GPIO_Init
                0x00000000080024bc      0x108 Drivers/STM32F1xx_HAL_Driver/Src/stm32f1xx_ll_gpio.o
                0x00000000080024bc                LL_GPIO_Init
 .text.LL_TIM_Init
                0x00000000080025c4       0x84 Drivers/STM32F1xx_HAL_Driver/Src/stm32f1xx_ll_tim.o
                0x00000000080025c4                LL_TIM_Init
 .text.LL_TIM_OC_Init
                0x0000000008002648      0x1b4 Drivers/STM32F1xx_HAL_Driver/Src/stm32f1xx_ll_tim.o
                0x0000000008002648                LL_TIM_OC_Init
 .text.LL_TIM_BDTR_Init
                0x00000000080027fc       0x38 Drivers/STM32F1xx_HAL_Driver/Src/stm32f1xx_ll_tim.o
                0x00000000080027fc                LL_TIM_BDTR_Init
 .text.LL_Init1msTick
                0x0000000008002834       0x24 Drivers/STM32F1xx_HAL_Driver/Src/stm32f1xx_ll_utils.o
                0x0000000008002834                LL_Init1msTick
 .text.LL_SetSystemCoreClock
                0x0000000008002858        0xc Drivers/STM32F1xx_HAL_Driver/Src/stm32f1xx_ll_utils.o
                0x0000000008002858                LL_SetSystemCoreClock
 .text.HAL_UART_TxCpltCallback
                0x0000000008002864       0x1c Src/SerialClass.o
                0x0000000008002864                HAL_UART_TxCpltCallback
 .text.startup._GLOBAL__sub_I_serial
                0x0000000008002880       0x28 Src/SerialClass.o
 .text.HAL_CAN_RxFifo0MsgPendingCallback
                0x00000000080028a8      0x180 Src/can.o
                0x00000000080028a8                HAL_CAN_RxFifo0MsgPendingCallback
 .text.can_init
                0x0000000008002a28       0x28 Src/can.o
                0x0000000008002a28                can_init
 .text.can_enable
                0x0000000008002a50       0x84 Src/can.o
                0x0000000008002a50                can_enable
 .text.can_set_bitrate
                0x0000000008002ad4       0x6c Src/can.o
                0x0000000008002ad4                can_set_bitrate
 .text._Z8readConfv
                0x0000000008002b40       0x18 Src/conf.o
                0x0000000008002b40                readConf()
 .text._Z9writeConfv
                0x0000000008002b58       0x50 Src/conf.o
                0x0000000008002b58                writeConf()
 .text.led_on   0x0000000008002ba8       0x34 Src/led.o
                0x0000000008002ba8                led_on
 .text.led_process
                0x0000000008002bdc       0x94 Src/led.o
                0x0000000008002bdc                led_process
 .text._ZN11SerialClass5writeEPKhi
                0x0000000008002c70       0xc0 Src/main.o
                0x0000000008002c70                SerialClass::write(unsigned char const*, int)
 .text._Z18SystemClock_Configv
                0x0000000008002d30       0xa0 Src/main.o
                0x0000000008002d30                SystemClock_Config()
 .text.startup.main
                0x0000000008002dd0      0x478 Src/main.o
                0x0000000008002dd0                main
 .text.Error_Handler
                0x0000000008003248        0x4 Src/main.o
                0x0000000008003248                Error_Handler
 .text._ZN9MotorCtrl7ControlEv
                0x000000000800324c      0x244 Src/motor_ctrl.o
                0x000000000800324c                MotorCtrl::Control()
 .text._ZN9MotorCtrl9SetTargetEd
                0x0000000008003490       0x50 Src/motor_ctrl.o
                0x0000000008003490                MotorCtrl::SetTarget(double)
 .text._ZN9MotorCtrl10ReadConfigEv
                0x00000000080034e0       0x94 Src/motor_ctrl.o
                0x00000000080034e0                MotorCtrl::ReadConfig()
 .text._ZN9MotorCtrl11WriteConfigEv
                0x0000000008003574       0x54 Src/motor_ctrl.o
                0x0000000008003574                MotorCtrl::WriteConfig()
 .text.HAL_MspInit
                0x00000000080035c8       0xa0 Src/stm32f1xx_hal_msp.o
                0x00000000080035c8                HAL_MspInit
 .text.HAL_CAN_MspInit
                0x0000000008003668       0x98 Src/stm32f1xx_hal_msp.o
                0x0000000008003668                HAL_CAN_MspInit
 .text.HAL_UART_MspInit
                0x0000000008003700       0xf4 Src/stm32f1xx_hal_msp.o
                0x0000000008003700                HAL_UART_MspInit
 .text.NMI_Handler
                0x00000000080037f4        0x4 Src/stm32f1xx_it.o
                0x00000000080037f4                NMI_Handler
 .text.HardFault_Handler
                0x00000000080037f8        0x4 Src/stm32f1xx_it.o
                0x00000000080037f8                HardFault_Handler
 .text.MemManage_Handler
                0x00000000080037fc        0x4 Src/stm32f1xx_it.o
                0x00000000080037fc                MemManage_Handler
 .text.BusFault_Handler
                0x0000000008003800        0x4 Src/stm32f1xx_it.o
                0x0000000008003800                BusFault_Handler
 .text.UsageFault_Handler
                0x0000000008003804        0x4 Src/stm32f1xx_it.o
                0x0000000008003804                UsageFault_Handler
 .text.SVC_Handler
                0x0000000008003808        0x4 Src/stm32f1xx_it.o
                0x0000000008003808                SVC_Handler
 .text.DebugMon_Handler
                0x000000000800380c        0x4 Src/stm32f1xx_it.o
                0x000000000800380c                DebugMon_Handler
 .text.PendSV_Handler
                0x0000000008003810        0x4 Src/stm32f1xx_it.o
                0x0000000008003810                PendSV_Handler
 .text.SysTick_Handler
                0x0000000008003814       0x10 Src/stm32f1xx_it.o
                0x0000000008003814                SysTick_Handler
 .text.USB_LP_CAN1_RX0_IRQHandler
                0x0000000008003824        0xc Src/stm32f1xx_it.o
                0x0000000008003824                USB_LP_CAN1_RX0_IRQHandler
 .text.TIM1_UP_IRQHandler
                0x0000000008003830       0x14 Src/stm32f1xx_it.o
                0x0000000008003830                TIM1_UP_IRQHandler
 .text.TIM3_IRQHandler
                0x0000000008003844       0x20 Src/stm32f1xx_it.o
                0x0000000008003844                TIM3_IRQHandler
 .text.DMA1_Channel4_IRQHandler
                0x0000000008003864        0xc Src/stm32f1xx_it.o
                0x0000000008003864                DMA1_Channel4_IRQHandler
 .text.DMA1_Channel5_IRQHandler
                0x0000000008003870        0xc Src/stm32f1xx_it.o
                0x0000000008003870                DMA1_Channel5_IRQHandler
 .text.USART1_IRQHandler
                0x000000000800387c        0xc Src/stm32f1xx_it.o
                0x000000000800387c                USART1_IRQHandler
 .text.SystemInit
                0x0000000008003888       0x50 Src/system_stm32f1xx.o
                0x0000000008003888                SystemInit
 .text._Z11uart_promptv
                0x00000000080038d8       0x60 Src/uart_com.o
                0x00000000080038d8                uart_prompt()
 .text._Z15uart_dump_valuePKcS0_d
                0x0000000008003938      0x118 Src/uart_com.o
                0x0000000008003938                uart_dump_value(char const*, char const*, double)
 .text._Z18uart_invalid_valuePKcd
                0x0000000008003a50       0x74 Src/uart_com.o
                0x0000000008003a50                uart_invalid_value(char const*, double)
 .text._Z20uart_valid_value_setPKcS0_d
                0x0000000008003ac4       0x74 Src/uart_com.o
                0x0000000008003ac4                uart_valid_value_set(char const*, char const*, double)
 .text._Z12uart_processv
                0x0000000008003b38      0xb04 Src/uart_com.o
                0x0000000008003b38                uart_process()
 .text.Reset_Handler
                0x000000000800463c       0x48 startup/startup_stm32f103xb.o
                0x000000000800463c                Reset_Handler
 .text.Default_Handler
                0x0000000008004684        0x2 startup/startup_stm32f103xb.o
                0x0000000008004684                RTC_Alarm_IRQHandler
                0x0000000008004684                EXTI2_IRQHandler
                0x0000000008004684                TIM1_CC_IRQHandler
                0x0000000008004684                PVD_IRQHandler
                0x0000000008004684                EXTI3_IRQHandler
                0x0000000008004684                EXTI0_IRQHandler
                0x0000000008004684                I2C2_EV_IRQHandler
                0x0000000008004684                ADC1_2_IRQHandler
                0x0000000008004684                SPI1_IRQHandler
                0x0000000008004684                TAMPER_IRQHandler
                0x0000000008004684                USART3_IRQHandler
                0x0000000008004684                RTC_IRQHandler
                0x0000000008004684                DMA1_Channel7_IRQHandler
                0x0000000008004684                CAN1_RX1_IRQHandler
                0x0000000008004684                TIM4_IRQHandler
                0x0000000008004684                I2C1_EV_IRQHandler
                0x0000000008004684                DMA1_Channel6_IRQHandler
                0x0000000008004684                RCC_IRQHandler
                0x0000000008004684                TIM1_TRG_COM_IRQHandler
                0x0000000008004684                DMA1_Channel1_IRQHandler
                0x0000000008004684                Default_Handler
                0x0000000008004684                EXTI15_10_IRQHandler
                0x0000000008004684                EXTI9_5_IRQHandler
                0x0000000008004684                SPI2_IRQHandler
                0x0000000008004684                EXTI4_IRQHandler
                0x0000000008004684                USB_HP_CAN1_TX_IRQHandler
                0x0000000008004684                DMA1_Channel3_IRQHandler
                0x0000000008004684                WWDG_IRQHandler
                0x0000000008004684                TIM2_IRQHandler
                0x0000000008004684                TIM1_BRK_IRQHandler
                0x0000000008004684                EXTI1_IRQHandler
                0x0000000008004684                USART2_IRQHandler
                0x0000000008004684                I2C2_ER_IRQHandler
                0x0000000008004684                DMA1_Channel2_IRQHandler
                0x0000000008004684                CAN1_SCE_IRQHandler
                0x0000000008004684                FLASH_IRQHandler
                0x0000000008004684                I2C1_ER_IRQHandler
                0x0000000008004684                USBWakeUp_IRQHandler
 *fill*         0x0000000008004686        0x2 
 .text.__libc_init_array
                0x0000000008004688       0x48 /home/yusaku/Atollic/TrueSTUDIO/ARMTools/bin/../lib/gcc/arm-atollic-eabi/6.3.1/../../../../arm-atollic-eabi/lib/armv7-m/libc.a(lib_a-init.o)
                0x0000000008004688                __libc_init_array
 .text.memcpy   0x00000000080046d0       0x16 /home/yusaku/Atollic/TrueSTUDIO/ARMTools/bin/../lib/gcc/arm-atollic-eabi/6.3.1/../../../../arm-atollic-eabi/lib/armv7-m/libc.a(lib_a-memcpy-stub.o)
                0x00000000080046d0                memcpy
 .text.memset   0x00000000080046e6       0x10 /home/yusaku/Atollic/TrueSTUDIO/ARMTools/bin/../lib/gcc/arm-atollic-eabi/6.3.1/../../../../arm-atollic-eabi/lib/armv7-m/libc.a(lib_a-memset.o)
                0x00000000080046e6                memset
 *fill*         0x00000000080046f6        0x2 
 .text.sprintf  0x00000000080046f8       0x48 /home/yusaku/Atollic/TrueSTUDIO/ARMTools/bin/../lib/gcc/arm-atollic-eabi/6.3.1/../../../../arm-atollic-eabi/lib/armv7-m/libc.a(lib_a-sprintf.o)
                0x00000000080046f8                sprintf
 .text.sscanf   0x0000000008004740       0x54 /home/yusaku/Atollic/TrueSTUDIO/ARMTools/bin/../lib/gcc/arm-atollic-eabi/6.3.1/../../../../arm-atollic-eabi/lib/armv7-m/libc.a(lib_a-sscanf.o)
                0x0000000008004740                sscanf
 .text.__seofread
                0x0000000008004794        0x4 /home/yusaku/Atollic/TrueSTUDIO/ARMTools/bin/../lib/gcc/arm-atollic-eabi/6.3.1/../../../../arm-atollic-eabi/lib/armv7-m/libc.a(lib_a-stdio.o)
                0x0000000008004794                __seofread
 .text._svfprintf_r
                0x0000000008004798      0xfa0 /home/yusaku/Atollic/TrueSTUDIO/ARMTools/bin/../lib/gcc/arm-atollic-eabi/6.3.1/../../../../arm-atollic-eabi/lib/armv7-m/libc.a(lib_a-svfprintf.o)
                0x0000000008004798                _svfprintf_r
 .text.__ssvfscanf_r
                0x0000000008005738      0xadc /home/yusaku/Atollic/TrueSTUDIO/ARMTools/bin/../lib/gcc/arm-atollic-eabi/6.3.1/../../../../arm-atollic-eabi/lib/armv7-m/libc.a(lib_a-svfscanf.o)
                0x0000000008005738                __ssvfscanf_r
 .text.quorem   0x0000000008006214      0x118 /home/yusaku/Atollic/TrueSTUDIO/ARMTools/bin/../lib/gcc/arm-atollic-eabi/6.3.1/../../../../arm-atollic-eabi/lib/armv7-m/libc.a(lib_a-dtoa.o)
 *fill*         0x000000000800632c        0x4 
 .text._dtoa_r  0x0000000008006330      0xba8 /home/yusaku/Atollic/TrueSTUDIO/ARMTools/bin/../lib/gcc/arm-atollic-eabi/6.3.1/../../../../arm-atollic-eabi/lib/armv7-m/libc.a(lib_a-dtoa.o)
                0x0000000008006330                _dtoa_r
 .text.iswspace
                0x0000000008006ed8       0x1a /home/yusaku/Atollic/TrueSTUDIO/ARMTools/bin/../lib/gcc/arm-atollic-eabi/6.3.1/../../../../arm-atollic-eabi/lib/armv7-m/libc.a(lib_a-iswspace.o)
                0x0000000008006ed8                iswspace
 *fill*         0x0000000008006ef2        0x2 
 .text.__locale_mb_cur_max
                0x0000000008006ef4       0x1c /home/yusaku/Atollic/TrueSTUDIO/ARMTools/bin/../lib/gcc/arm-atollic-eabi/6.3.1/../../../../arm-atollic-eabi/lib/armv7-m/libc.a(lib_a-locale.o)
                0x0000000008006ef4                __locale_mb_cur_max
 .text.__locale_ctype_ptr_l
                0x0000000008006f10        0x6 /home/yusaku/Atollic/TrueSTUDIO/ARMTools/bin/../lib/gcc/arm-atollic-eabi/6.3.1/../../../../arm-atollic-eabi/lib/armv7-m/libc.a(lib_a-locale.o)
                0x0000000008006f10                __locale_ctype_ptr_l
 *fill*         0x0000000008006f16        0x2 
 .text.__locale_ctype_ptr
                0x0000000008006f18       0x1c /home/yusaku/Atollic/TrueSTUDIO/ARMTools/bin/../lib/gcc/arm-atollic-eabi/6.3.1/../../../../arm-atollic-eabi/lib/armv7-m/libc.a(lib_a-locale.o)
                0x0000000008006f18                __locale_ctype_ptr
 .text.__localeconv_l
                0x0000000008006f34        0x4 /home/yusaku/Atollic/TrueSTUDIO/ARMTools/bin/../lib/gcc/arm-atollic-eabi/6.3.1/../../../../arm-atollic-eabi/lib/armv7-m/libc.a(lib_a-localeconv.o)
                0x0000000008006f34                __localeconv_l
 .text._localeconv_r
                0x0000000008006f38       0x1c /home/yusaku/Atollic/TrueSTUDIO/ARMTools/bin/../lib/gcc/arm-atollic-eabi/6.3.1/../../../../arm-atollic-eabi/lib/armv7-m/libc.a(lib_a-localeconv.o)
                0x0000000008006f38                _localeconv_r
 .text.malloc   0x0000000008006f54       0x10 /home/yusaku/Atollic/TrueSTUDIO/ARMTools/bin/../lib/gcc/arm-atollic-eabi/6.3.1/../../../../arm-atollic-eabi/lib/armv7-m/libc.a(lib_a-malloc.o)
                0x0000000008006f54                malloc
 .text._malloc_r
                0x0000000008006f64      0x418 /home/yusaku/Atollic/TrueSTUDIO/ARMTools/bin/../lib/gcc/arm-atollic-eabi/6.3.1/../../../../arm-atollic-eabi/lib/armv7-m/libc.a(lib_a-mallocr.o)
                0x0000000008006f64                _malloc_r
 .text._mbrtowc_r
                0x000000000800737c       0x58 /home/yusaku/Atollic/TrueSTUDIO/ARMTools/bin/../lib/gcc/arm-atollic-eabi/6.3.1/../../../../arm-atollic-eabi/lib/armv7-m/libc.a(lib_a-mbrtowc.o)
                0x000000000800737c                _mbrtowc_r
 .text.__ascii_mbtowc
                0x00000000080073d4       0x24 /home/yusaku/Atollic/TrueSTUDIO/ARMTools/bin/../lib/gcc/arm-atollic-eabi/6.3.1/../../../../arm-atollic-eabi/lib/armv7-m/libc.a(lib_a-mbtowc_r.o)
                0x00000000080073d4                __ascii_mbtowc
 .text.memchr   0x00000000080073f8       0x1c /home/yusaku/Atollic/TrueSTUDIO/ARMTools/bin/../lib/gcc/arm-atollic-eabi/6.3.1/../../../../arm-atollic-eabi/lib/armv7-m/libc.a(lib_a-memchr-stub.o)
                0x00000000080073f8                memchr
 .text.__malloc_lock
                0x0000000008007414        0xc /home/yusaku/Atollic/TrueSTUDIO/ARMTools/bin/../lib/gcc/arm-atollic-eabi/6.3.1/../../../../arm-atollic-eabi/lib/armv7-m/libc.a(lib_a-mlock.o)
                0x0000000008007414                __malloc_lock
 .text.__malloc_unlock
                0x0000000008007420        0xc /home/yusaku/Atollic/TrueSTUDIO/ARMTools/bin/../lib/gcc/arm-atollic-eabi/6.3.1/../../../../arm-atollic-eabi/lib/armv7-m/libc.a(lib_a-mlock.o)
                0x0000000008007420                __malloc_unlock
 .text._Balloc  0x000000000800742c       0x68 /home/yusaku/Atollic/TrueSTUDIO/ARMTools/bin/../lib/gcc/arm-atollic-eabi/6.3.1/../../../../arm-atollic-eabi/lib/armv7-m/libc.a(lib_a-mprec.o)
                0x000000000800742c                _Balloc
 .text._Bfree   0x0000000008007494       0x2e /home/yusaku/Atollic/TrueSTUDIO/ARMTools/bin/../lib/gcc/arm-atollic-eabi/6.3.1/../../../../arm-atollic-eabi/lib/armv7-m/libc.a(lib_a-mprec.o)
                0x0000000008007494                _Bfree
 .text.__multadd
                0x00000000080074c2       0x76 /home/yusaku/Atollic/TrueSTUDIO/ARMTools/bin/../lib/gcc/arm-atollic-eabi/6.3.1/../../../../arm-atollic-eabi/lib/armv7-m/libc.a(lib_a-mprec.o)
                0x00000000080074c2                __multadd
 .text.__s2b    0x0000000008007538       0x7c /home/yusaku/Atollic/TrueSTUDIO/ARMTools/bin/../lib/gcc/arm-atollic-eabi/6.3.1/../../../../arm-atollic-eabi/lib/armv7-m/libc.a(lib_a-mprec.o)
                0x0000000008007538                __s2b
 .text.__hi0bits
                0x00000000080075b4       0x3e /home/yusaku/Atollic/TrueSTUDIO/ARMTools/bin/../lib/gcc/arm-atollic-eabi/6.3.1/../../../../arm-atollic-eabi/lib/armv7-m/libc.a(lib_a-mprec.o)
                0x00000000080075b4                __hi0bits
 .text.__lo0bits
                0x00000000080075f2       0x5e /home/yusaku/Atollic/TrueSTUDIO/ARMTools/bin/../lib/gcc/arm-atollic-eabi/6.3.1/../../../../arm-atollic-eabi/lib/armv7-m/libc.a(lib_a-mprec.o)
                0x00000000080075f2                __lo0bits
 .text.__i2b    0x0000000008007650       0x12 /home/yusaku/Atollic/TrueSTUDIO/ARMTools/bin/../lib/gcc/arm-atollic-eabi/6.3.1/../../../../arm-atollic-eabi/lib/armv7-m/libc.a(lib_a-mprec.o)
                0x0000000008007650                __i2b
 .text.__multiply
                0x0000000008007662      0x118 /home/yusaku/Atollic/TrueSTUDIO/ARMTools/bin/../lib/gcc/arm-atollic-eabi/6.3.1/../../../../arm-atollic-eabi/lib/armv7-m/libc.a(lib_a-mprec.o)
                0x0000000008007662                __multiply
 *fill*         0x000000000800777a        0x2 
 .text.__pow5mult
                0x000000000800777c       0x9c /home/yusaku/Atollic/TrueSTUDIO/ARMTools/bin/../lib/gcc/arm-atollic-eabi/6.3.1/../../../../arm-atollic-eabi/lib/armv7-m/libc.a(lib_a-mprec.o)
                0x000000000800777c                __pow5mult
 .text.__lshift
                0x0000000008007818       0xa2 /home/yusaku/Atollic/TrueSTUDIO/ARMTools/bin/../lib/gcc/arm-atollic-eabi/6.3.1/../../../../arm-atollic-eabi/lib/armv7-m/libc.a(lib_a-mprec.o)
                0x0000000008007818                __lshift
 .text.__mcmp   0x00000000080078ba       0x34 /home/yusaku/Atollic/TrueSTUDIO/ARMTools/bin/../lib/gcc/arm-atollic-eabi/6.3.1/../../../../arm-atollic-eabi/lib/armv7-m/libc.a(lib_a-mprec.o)
                0x00000000080078ba                __mcmp
 .text.__mdiff  0x00000000080078ee       0xbe /home/yusaku/Atollic/TrueSTUDIO/ARMTools/bin/../lib/gcc/arm-atollic-eabi/6.3.1/../../../../arm-atollic-eabi/lib/armv7-m/libc.a(lib_a-mprec.o)
                0x00000000080078ee                __mdiff
 .text.__ulp    0x00000000080079ac       0x48 /home/yusaku/Atollic/TrueSTUDIO/ARMTools/bin/../lib/gcc/arm-atollic-eabi/6.3.1/../../../../arm-atollic-eabi/lib/armv7-m/libc.a(lib_a-mprec.o)
                0x00000000080079ac                __ulp
 .text.__b2d    0x00000000080079f4       0xa4 /home/yusaku/Atollic/TrueSTUDIO/ARMTools/bin/../lib/gcc/arm-atollic-eabi/6.3.1/../../../../arm-atollic-eabi/lib/armv7-m/libc.a(lib_a-mprec.o)
                0x00000000080079f4                __b2d
 .text.__d2b    0x0000000008007a98       0x9e /home/yusaku/Atollic/TrueSTUDIO/ARMTools/bin/../lib/gcc/arm-atollic-eabi/6.3.1/../../../../arm-atollic-eabi/lib/armv7-m/libc.a(lib_a-mprec.o)
                0x0000000008007a98                __d2b
 .text.__ratio  0x0000000008007b36       0x50 /home/yusaku/Atollic/TrueSTUDIO/ARMTools/bin/../lib/gcc/arm-atollic-eabi/6.3.1/../../../../arm-atollic-eabi/lib/armv7-m/libc.a(lib_a-mprec.o)
                0x0000000008007b36                __ratio
 .text.__copybits
                0x0000000008007b86       0x34 /home/yusaku/Atollic/TrueSTUDIO/ARMTools/bin/../lib/gcc/arm-atollic-eabi/6.3.1/../../../../arm-atollic-eabi/lib/armv7-m/libc.a(lib_a-mprec.o)
                0x0000000008007b86                __copybits
 .text.__any_on
                0x0000000008007bba       0x42 /home/yusaku/Atollic/TrueSTUDIO/ARMTools/bin/../lib/gcc/arm-atollic-eabi/6.3.1/../../../../arm-atollic-eabi/lib/armv7-m/libc.a(lib_a-mprec.o)
                0x0000000008007bba                __any_on
 .text._sbrk_r  0x0000000008007bfc       0x20 /home/yusaku/Atollic/TrueSTUDIO/ARMTools/bin/../lib/gcc/arm-atollic-eabi/6.3.1/../../../../arm-atollic-eabi/lib/armv7-m/libc.a(lib_a-sbrkr.o)
                0x0000000008007bfc                _sbrk_r
 .text.__sccl   0x0000000008007c1c       0x5e /home/yusaku/Atollic/TrueSTUDIO/ARMTools/bin/../lib/gcc/arm-atollic-eabi/6.3.1/../../../../arm-atollic-eabi/lib/armv7-m/libc.a(lib_a-sccl.o)
                0x0000000008007c1c                __sccl
 *fill*         0x0000000008007c7a        0x2 
 .text.nanf     0x0000000008007c7c        0x8 /home/yusaku/Atollic/TrueSTUDIO/ARMTools/bin/../lib/gcc/arm-atollic-eabi/6.3.1/../../../../arm-atollic-eabi/lib/armv7-m/libc.a(lib_a-sf_nan.o)
                0x0000000008007c7c                nanf
 .text.unlikely.sulp
                0x0000000008007c84       0x42 /home/yusaku/Atollic/TrueSTUDIO/ARMTools/bin/../lib/gcc/arm-atollic-eabi/6.3.1/../../../../arm-atollic-eabi/lib/armv7-m/libc.a(lib_a-strtod.o)
 *fill*         0x0000000008007cc6        0x2 
 .text._strtod_l
                0x0000000008007cc8      0xbf0 /home/yusaku/Atollic/TrueSTUDIO/ARMTools/bin/../lib/gcc/arm-atollic-eabi/6.3.1/../../../../arm-atollic-eabi/lib/armv7-m/libc.a(lib_a-strtod.o)
                0x0000000008007cc8                _strtod_l
 .text._strtod_r
                0x00000000080088b8       0x20 /home/yusaku/Atollic/TrueSTUDIO/ARMTools/bin/../lib/gcc/arm-atollic-eabi/6.3.1/../../../../arm-atollic-eabi/lib/armv7-m/libc.a(lib_a-strtod.o)
                0x00000000080088b8                _strtod_r
 .text._strtol_l.isra.0
                0x00000000080088d8      0x100 /home/yusaku/Atollic/TrueSTUDIO/ARMTools/bin/../lib/gcc/arm-atollic-eabi/6.3.1/../../../../arm-atollic-eabi/lib/armv7-m/libc.a(lib_a-strtol.o)
 .text._strtol_r
                0x00000000080089d8       0x24 /home/yusaku/Atollic/TrueSTUDIO/ARMTools/bin/../lib/gcc/arm-atollic-eabi/6.3.1/../../../../arm-atollic-eabi/lib/armv7-m/libc.a(lib_a-strtol.o)
                0x00000000080089d8                _strtol_r
 .text._strtoll_l.isra.0
                0x00000000080089fc      0x148 /home/yusaku/Atollic/TrueSTUDIO/ARMTools/bin/../lib/gcc/arm-atollic-eabi/6.3.1/../../../../arm-atollic-eabi/lib/armv7-m/libc.a(lib_a-strtoll.o)
 .text._strtoll_r
                0x0000000008008b44       0x24 /home/yusaku/Atollic/TrueSTUDIO/ARMTools/bin/../lib/gcc/arm-atollic-eabi/6.3.1/../../../../arm-atollic-eabi/lib/armv7-m/libc.a(lib_a-strtoll.o)
                0x0000000008008b44                _strtoll_r
 .text._strtoul_l.isra.0
                0x0000000008008b68       0xfa /home/yusaku/Atollic/TrueSTUDIO/ARMTools/bin/../lib/gcc/arm-atollic-eabi/6.3.1/../../../../arm-atollic-eabi/lib/armv7-m/libc.a(lib_a-strtoul.o)
 *fill*         0x0000000008008c62        0x2 
 .text._strtoul_r
                0x0000000008008c64       0x24 /home/yusaku/Atollic/TrueSTUDIO/ARMTools/bin/../lib/gcc/arm-atollic-eabi/6.3.1/../../../../arm-atollic-eabi/lib/armv7-m/libc.a(lib_a-strtoul.o)
                0x0000000008008c64                _strtoul_r
 .text._strtoull_l.isra.0
                0x0000000008008c88      0x140 /home/yusaku/Atollic/TrueSTUDIO/ARMTools/bin/../lib/gcc/arm-atollic-eabi/6.3.1/../../../../arm-atollic-eabi/lib/armv7-m/libc.a(lib_a-strtoull.o)
 .text._strtoull_r
                0x0000000008008dc8       0x24 /home/yusaku/Atollic/TrueSTUDIO/ARMTools/bin/../lib/gcc/arm-atollic-eabi/6.3.1/../../../../arm-atollic-eabi/lib/armv7-m/libc.a(lib_a-strtoull.o)
                0x0000000008008dc8                _strtoull_r
 .text.__ssprint_r
                0x0000000008008dec       0xf4 /home/yusaku/Atollic/TrueSTUDIO/ARMTools/bin/../lib/gcc/arm-atollic-eabi/6.3.1/../../../../arm-atollic-eabi/lib/armv7-m/libc.a(lib_a-svfiprintf.o)
                0x0000000008008dec                __ssprint_r
 .text._sungetc_r
                0x0000000008008ee0       0x7a /home/yusaku/Atollic/TrueSTUDIO/ARMTools/bin/../lib/gcc/arm-atollic-eabi/6.3.1/../../../../arm-atollic-eabi/lib/armv7-m/libc.a(lib_a-svfiscanf.o)
                0x0000000008008ee0                _sungetc_r
 .text.__ssrefill_r
                0x0000000008008f5a       0x3a /home/yusaku/Atollic/TrueSTUDIO/ARMTools/bin/../lib/gcc/arm-atollic-eabi/6.3.1/../../../../arm-atollic-eabi/lib/armv7-m/libc.a(lib_a-svfiscanf.o)
                0x0000000008008f5a                __ssrefill_r
 .text._sfread_r
                0x0000000008008f94       0x6e /home/yusaku/Atollic/TrueSTUDIO/ARMTools/bin/../lib/gcc/arm-atollic-eabi/6.3.1/../../../../arm-atollic-eabi/lib/armv7-m/libc.a(lib_a-svfiscanf.o)
                0x0000000008008f94                _sfread_r
 .text.__submore
                0x0000000008009002       0x72 /home/yusaku/Atollic/TrueSTUDIO/ARMTools/bin/../lib/gcc/arm-atollic-eabi/6.3.1/../../../../arm-atollic-eabi/lib/armv7-m/libc.a(lib_a-ungetc.o)
                0x0000000008009002                __submore
 .text.__ascii_wctomb
                0x0000000008009074       0x1a /home/yusaku/Atollic/TrueSTUDIO/ARMTools/bin/../lib/gcc/arm-atollic-eabi/6.3.1/../../../../arm-atollic-eabi/lib/armv7-m/libc.a(lib_a-wctomb_r.o)
                0x0000000008009074                __ascii_wctomb
 .text._calloc_r
                0x000000000800908e       0x5a /home/yusaku/Atollic/TrueSTUDIO/ARMTools/bin/../lib/gcc/arm-atollic-eabi/6.3.1/../../../../arm-atollic-eabi/lib/armv7-m/libc.a(lib_a-callocr.o)
                0x000000000800908e                _calloc_r
 .text._malloc_trim_r
                0x00000000080090e8       0xac /home/yusaku/Atollic/TrueSTUDIO/ARMTools/bin/../lib/gcc/arm-atollic-eabi/6.3.1/../../../../arm-atollic-eabi/lib/armv7-m/libc.a(lib_a-freer.o)
                0x00000000080090e8                _malloc_trim_r
 .text._free_r  0x0000000008009194      0x178 /home/yusaku/Atollic/TrueSTUDIO/ARMTools/bin/../lib/gcc/arm-atollic-eabi/6.3.1/../../../../arm-atollic-eabi/lib/armv7-m/libc.a(lib_a-freer.o)
                0x0000000008009194                _free_r
 .text.rshift   0x000000000800930c       0x6a /home/yusaku/Atollic/TrueSTUDIO/ARMTools/bin/../lib/gcc/arm-atollic-eabi/6.3.1/../../../../arm-atollic-eabi/lib/armv7-m/libc.a(lib_a-gdtoa-gethex.o)
 .text.__hexdig_fun
                0x0000000008009376       0x2a /home/yusaku/Atollic/TrueSTUDIO/ARMTools/bin/../lib/gcc/arm-atollic-eabi/6.3.1/../../../../arm-atollic-eabi/lib/armv7-m/libc.a(lib_a-gdtoa-gethex.o)
                0x0000000008009376                __hexdig_fun
 .text.__gethex
                0x00000000080093a0      0x43e /home/yusaku/Atollic/TrueSTUDIO/ARMTools/bin/../lib/gcc/arm-atollic-eabi/6.3.1/../../../../arm-atollic-eabi/lib/armv7-m/libc.a(lib_a-gdtoa-gethex.o)
                0x00000000080093a0                __gethex
 .text.L_shift  0x00000000080097de       0x24 /home/yusaku/Atollic/TrueSTUDIO/ARMTools/bin/../lib/gcc/arm-atollic-eabi/6.3.1/../../../../arm-atollic-eabi/lib/armv7-m/libc.a(lib_a-gdtoa-hexnan.o)
 .text.__match  0x0000000008009802       0x26 /home/yusaku/Atollic/TrueSTUDIO/ARMTools/bin/../lib/gcc/arm-atollic-eabi/6.3.1/../../../../arm-atollic-eabi/lib/armv7-m/libc.a(lib_a-gdtoa-hexnan.o)
                0x0000000008009802                __match
 .text.__hexnan
                0x0000000008009828      0x120 /home/yusaku/Atollic/TrueSTUDIO/ARMTools/bin/../lib/gcc/arm-atollic-eabi/6.3.1/../../../../arm-atollic-eabi/lib/armv7-m/libc.a(lib_a-gdtoa-hexnan.o)
                0x0000000008009828                __hexnan
 .text.__retarget_lock_acquire_recursive
                0x0000000008009948        0x2 /home/yusaku/Atollic/TrueSTUDIO/ARMTools/bin/../lib/gcc/arm-atollic-eabi/6.3.1/../../../../arm-atollic-eabi/lib/armv7-m/libc.a(lib_a-lock.o)
                0x0000000008009948                __retarget_lock_acquire_recursive
 .text.__retarget_lock_release_recursive
                0x000000000800994a        0x2 /home/yusaku/Atollic/TrueSTUDIO/ARMTools/bin/../lib/gcc/arm-atollic-eabi/6.3.1/../../../../arm-atollic-eabi/lib/armv7-m/libc.a(lib_a-lock.o)
                0x000000000800994a                __retarget_lock_release_recursive
 .text.memmove  0x000000000800994c       0x34 /home/yusaku/Atollic/TrueSTUDIO/ARMTools/bin/../lib/gcc/arm-atollic-eabi/6.3.1/../../../../arm-atollic-eabi/lib/armv7-m/libc.a(lib_a-memmove.o)
                0x000000000800994c                memmove
 .text._realloc_r
                0x0000000008009980      0x304 /home/yusaku/Atollic/TrueSTUDIO/ARMTools/bin/../lib/gcc/arm-atollic-eabi/6.3.1/../../../../arm-atollic-eabi/lib/armv7-m/libc.a(lib_a-reallocr.o)
                0x0000000008009980                _realloc_r
 .text.strncmp  0x0000000008009c84       0x24 /home/yusaku/Atollic/TrueSTUDIO/ARMTools/bin/../lib/gcc/arm-atollic-eabi/6.3.1/../../../../arm-atollic-eabi/lib/armv7-m/libc.a(lib_a-strncmp.o)
                0x0000000008009c84                strncmp
 .text._sbrk    0x0000000008009ca8       0x1c /home/yusaku/Atollic/TrueSTUDIO/ARMTools/bin/../lib/gcc/arm-atollic-eabi/6.3.1/../../../../arm-atollic-eabi/lib/armv7-m/libnosys.a(sbrk.o)
                0x0000000008009ca8                _sbrk
 *(.glue_7)
 .glue_7        0x0000000008009cc4        0x0 linker stubs
 *(.glue_7t)
 .glue_7t       0x0000000008009cc4        0x0 linker stubs
 *(.eh_frame)
 .eh_frame      0x0000000008009cc4        0x0 /home/yusaku/Atollic/TrueSTUDIO/ARMTools/bin/../lib/gcc/arm-atollic-eabi/6.3.1/armv7-m/crtbegin.o
 *(.init)
 .init          0x0000000008009cc4        0x4 /home/yusaku/Atollic/TrueSTUDIO/ARMTools/bin/../lib/gcc/arm-atollic-eabi/6.3.1/armv7-m/crti.o
                0x0000000008009cc4                _init
 .init          0x0000000008009cc8        0x8 /home/yusaku/Atollic/TrueSTUDIO/ARMTools/bin/../lib/gcc/arm-atollic-eabi/6.3.1/armv7-m/crtn.o
 *(.fini)
 .fini          0x0000000008009cd0        0x4 /home/yusaku/Atollic/TrueSTUDIO/ARMTools/bin/../lib/gcc/arm-atollic-eabi/6.3.1/armv7-m/crti.o
                0x0000000008009cd0                _fini
 .fini          0x0000000008009cd4        0x8 /home/yusaku/Atollic/TrueSTUDIO/ARMTools/bin/../lib/gcc/arm-atollic-eabi/6.3.1/armv7-m/crtn.o
                0x0000000008009cdc                . = ALIGN (0x4)
                0x0000000008009cdc                _etext = .

.vfp11_veneer   0x0000000008009cdc        0x0
 .vfp11_veneer  0x0000000008009cdc        0x0 linker stubs

.v4_bx          0x0000000008009cdc        0x0
 .v4_bx         0x0000000008009cdc        0x0 linker stubs

.iplt           0x0000000008009cdc        0x0
 .iplt          0x0000000008009cdc        0x0 /home/yusaku/Atollic/TrueSTUDIO/ARMTools/bin/../lib/gcc/arm-atollic-eabi/6.3.1/armv7-m/crtbegin.o

.rodata         0x0000000008009ce0      0x5e4
                0x0000000008009ce0                . = ALIGN (0x4)
 *(.rodata)
 *(.rodata*)
 .rodata.main.str1.4
                0x0000000008009ce0       0x34 Src/main.o
 .rodata.APBPrescTable
                0x0000000008009d14        0x8 Src/system_stm32f1xx.o
                0x0000000008009d14                APBPrescTable
 .rodata._Z12uart_processv.str1.4
                0x0000000008009d1c      0x206 Src/uart_com.o
 *fill*         0x0000000008009f22        0x2 
 .rodata._Z15uart_dump_valuePKcS0_d.str1.4
                0x0000000008009f24       0x24 Src/uart_com.o
 .rodata._Z18uart_invalid_valuePKcd.str1.4
                0x0000000008009f48       0x1c Src/uart_com.o
 .rodata._Z20uart_valid_value_setPKcS0_d.str1.4
                0x0000000008009f64       0x14 Src/uart_com.o
                                         0x13 (size before relaxing)
 .rodata._svfprintf_r.str1.1
                0x0000000008009f78       0x34 /home/yusaku/Atollic/TrueSTUDIO/ARMTools/bin/../lib/gcc/arm-atollic-eabi/6.3.1/../../../../arm-atollic-eabi/lib/armv7-m/libc.a(lib_a-svfprintf.o)
 .rodata.blanks.7236
                0x0000000008009fac       0x10 /home/yusaku/Atollic/TrueSTUDIO/ARMTools/bin/../lib/gcc/arm-atollic-eabi/6.3.1/../../../../arm-atollic-eabi/lib/armv7-m/libc.a(lib_a-svfprintf.o)
 .rodata.zeroes.7237
                0x0000000008009fbc       0x10 /home/yusaku/Atollic/TrueSTUDIO/ARMTools/bin/../lib/gcc/arm-atollic-eabi/6.3.1/../../../../arm-atollic-eabi/lib/armv7-m/libc.a(lib_a-svfprintf.o)
 .rodata.__ssvfscanf_r.str1.1
                0x0000000008009fcc        0x5 /home/yusaku/Atollic/TrueSTUDIO/ARMTools/bin/../lib/gcc/arm-atollic-eabi/6.3.1/../../../../arm-atollic-eabi/lib/armv7-m/libc.a(lib_a-svfscanf.o)
 *fill*         0x0000000008009fd1        0x1 
 .rodata.basefix.7307
                0x0000000008009fd2       0x22 /home/yusaku/Atollic/TrueSTUDIO/ARMTools/bin/../lib/gcc/arm-atollic-eabi/6.3.1/../../../../arm-atollic-eabi/lib/armv7-m/libc.a(lib_a-svfscanf.o)
 .rodata._dtoa_r.str1.1
                0x0000000008009ff4        0xd /home/yusaku/Atollic/TrueSTUDIO/ARMTools/bin/../lib/gcc/arm-atollic-eabi/6.3.1/../../../../arm-atollic-eabi/lib/armv7-m/libc.a(lib_a-dtoa.o)
                                          0xf (size before relaxing)
 .rodata._setlocale_r.str1.1
                0x000000000800a001        0x8 /home/yusaku/Atollic/TrueSTUDIO/ARMTools/bin/../lib/gcc/arm-atollic-eabi/6.3.1/../../../../arm-atollic-eabi/lib/armv7-m/libc.a(lib_a-locale.o)
                                          0x9 (size before relaxing)
 .rodata.str1.1
                0x000000000800a009        0x2 /home/yusaku/Atollic/TrueSTUDIO/ARMTools/bin/../lib/gcc/arm-atollic-eabi/6.3.1/../../../../arm-atollic-eabi/lib/armv7-m/libc.a(lib_a-locale.o)
 .rodata._mbrtowc_r.str1.1
                0x000000000800a00b        0x1 /home/yusaku/Atollic/TrueSTUDIO/ARMTools/bin/../lib/gcc/arm-atollic-eabi/6.3.1/../../../../arm-atollic-eabi/lib/armv7-m/libc.a(lib_a-mbrtowc.o)
 *fill*         0x000000000800a00b        0x5 
 .rodata.__mprec_bigtens
                0x000000000800a010       0x28 /home/yusaku/Atollic/TrueSTUDIO/ARMTools/bin/../lib/gcc/arm-atollic-eabi/6.3.1/../../../../arm-atollic-eabi/lib/armv7-m/libc.a(lib_a-mprec.o)
                0x000000000800a010                __mprec_bigtens
 .rodata.__mprec_tens
                0x000000000800a038       0xc8 /home/yusaku/Atollic/TrueSTUDIO/ARMTools/bin/../lib/gcc/arm-atollic-eabi/6.3.1/../../../../arm-atollic-eabi/lib/armv7-m/libc.a(lib_a-mprec.o)
                0x000000000800a038                __mprec_tens
 .rodata.p05.6073
                0x000000000800a100        0xc /home/yusaku/Atollic/TrueSTUDIO/ARMTools/bin/../lib/gcc/arm-atollic-eabi/6.3.1/../../../../arm-atollic-eabi/lib/armv7-m/libc.a(lib_a-mprec.o)
 .rodata._strtod_l.str1.1
                0x000000000800a10c        0x2 /home/yusaku/Atollic/TrueSTUDIO/ARMTools/bin/../lib/gcc/arm-atollic-eabi/6.3.1/../../../../arm-atollic-eabi/lib/armv7-m/libc.a(lib_a-strtod.o)
                                          0xc (size before relaxing)
 .rodata.fpi.6155
                0x000000000800a10c       0x14 /home/yusaku/Atollic/TrueSTUDIO/ARMTools/bin/../lib/gcc/arm-atollic-eabi/6.3.1/../../../../arm-atollic-eabi/lib/armv7-m/libc.a(lib_a-strtod.o)
 .rodata.fpinan.6191
                0x000000000800a120       0x14 /home/yusaku/Atollic/TrueSTUDIO/ARMTools/bin/../lib/gcc/arm-atollic-eabi/6.3.1/../../../../arm-atollic-eabi/lib/armv7-m/libc.a(lib_a-strtod.o)
 *fill*         0x000000000800a134        0x4 
 .rodata.tinytens
                0x000000000800a138       0x28 /home/yusaku/Atollic/TrueSTUDIO/ARMTools/bin/../lib/gcc/arm-atollic-eabi/6.3.1/../../../../arm-atollic-eabi/lib/armv7-m/libc.a(lib_a-strtod.o)
 .rodata._ctype_
                0x000000000800a160      0x101 /home/yusaku/Atollic/TrueSTUDIO/ARMTools/bin/../lib/gcc/arm-atollic-eabi/6.3.1/../../../../arm-atollic-eabi/lib/armv7-m/libc.a(lib_a-ctype_.o)
                0x000000000800a160                _ctype_
 *fill*         0x000000000800a261        0x3 
 .rodata.__sf_fake_stderr
                0x000000000800a264       0x20 /home/yusaku/Atollic/TrueSTUDIO/ARMTools/bin/../lib/gcc/arm-atollic-eabi/6.3.1/../../../../arm-atollic-eabi/lib/armv7-m/libc.a(lib_a-findfp.o)
                0x000000000800a264                __sf_fake_stderr
 .rodata.__sf_fake_stdin
                0x000000000800a284       0x20 /home/yusaku/Atollic/TrueSTUDIO/ARMTools/bin/../lib/gcc/arm-atollic-eabi/6.3.1/../../../../arm-atollic-eabi/lib/armv7-m/libc.a(lib_a-findfp.o)
                0x000000000800a284                __sf_fake_stdin
 .rodata.__sf_fake_stdout
                0x000000000800a2a4       0x20 /home/yusaku/Atollic/TrueSTUDIO/ARMTools/bin/../lib/gcc/arm-atollic-eabi/6.3.1/../../../../arm-atollic-eabi/lib/armv7-m/libc.a(lib_a-findfp.o)
                0x000000000800a2a4                __sf_fake_stdout
                0x000000000800a2c4                . = ALIGN (0x4)

.ARM.extab
 *(.ARM.extab* .gnu.linkonce.armextab.*)

.ARM            0x000000000800a2c4        0x8
                0x000000000800a2c4                __exidx_start = .
 *(.ARM.exidx*)
 .ARM.exidx     0x000000000800a2c4        0x8 /home/yusaku/Atollic/TrueSTUDIO/ARMTools/bin/../lib/gcc/arm-atollic-eabi/6.3.1/armv7-m/libgcc.a(_udivmoddi4.o)
                0x000000000800a2cc                __exidx_end = .

.rel.dyn        0x000000000800a2cc        0x0
 .rel.iplt      0x000000000800a2cc        0x0 /home/yusaku/Atollic/TrueSTUDIO/ARMTools/bin/../lib/gcc/arm-atollic-eabi/6.3.1/armv7-m/crtbegin.o

.preinit_array  0x000000000800a2cc        0x0
                0x000000000800a2cc                PROVIDE (__preinit_array_start, .)
 *(.preinit_array*)
                0x000000000800a2cc                PROVIDE (__preinit_array_end, .)

.init_array     0x000000000800a2cc        0x8
                0x000000000800a2cc                PROVIDE (__init_array_start, .)
 *(SORT(.init_array.*))
 *(.init_array*)
 .init_array    0x000000000800a2cc        0x4 /home/yusaku/Atollic/TrueSTUDIO/ARMTools/bin/../lib/gcc/arm-atollic-eabi/6.3.1/armv7-m/crtbegin.o
 .init_array    0x000000000800a2d0        0x4 Src/SerialClass.o
                0x000000000800a2d4                PROVIDE (__init_array_end, .)

.fini_array     0x000000000800a2d4        0x4
                [!provide]                        PROVIDE (__fini_array_start, .)
 *(SORT(.fini_array.*))
 *(.fini_array*)
 .fini_array    0x000000000800a2d4        0x4 /home/yusaku/Atollic/TrueSTUDIO/ARMTools/bin/../lib/gcc/arm-atollic-eabi/6.3.1/armv7-m/crtbegin.o
                [!provide]                        PROVIDE (__fini_array_end, .)
                0x000000000800a2d8                _sidata = LOADADDR (.data)

.data           0x0000000020000000      0x724 load address 0x000000000800a2d8
                0x0000000020000000                . = ALIGN (0x4)
                0x0000000020000000                _sdata = .
 *(.data)
 *(.data*)
 .data.uwTickFreq
                0x0000000020000000        0x1 Drivers/STM32F1xx_HAL_Driver/Src/stm32f1xx_hal.o
                0x0000000020000000                uwTickFreq
 *fill*         0x0000000020000001        0x3 
 .data.uwTickPrio
                0x0000000020000004        0x4 Drivers/STM32F1xx_HAL_Driver/Src/stm32f1xx_hal.o
                0x0000000020000004                uwTickPrio
 .data.control  0x0000000020000008       0xa8 Src/main.o
                0x0000000020000008                control
 .data.SystemCoreClock
                0x00000000200000b0        0x4 Src/system_stm32f1xx.o
                0x00000000200000b0                SystemCoreClock
 .data._impure_ptr
                0x00000000200000b4        0x4 /home/yusaku/Atollic/TrueSTUDIO/ARMTools/bin/../lib/gcc/arm-atollic-eabi/6.3.1/../../../../arm-atollic-eabi/lib/armv7-m/libc.a(lib_a-impure.o)
                0x00000000200000b4                _impure_ptr
 .data.impure_data
                0x00000000200000b8       0xf0 /home/yusaku/Atollic/TrueSTUDIO/ARMTools/bin/../lib/gcc/arm-atollic-eabi/6.3.1/../../../../arm-atollic-eabi/lib/armv7-m/libc.a(lib_a-impure.o)
 .data.__global_locale
                0x00000000200001a8      0x16c /home/yusaku/Atollic/TrueSTUDIO/ARMTools/bin/../lib/gcc/arm-atollic-eabi/6.3.1/../../../../arm-atollic-eabi/lib/armv7-m/libc.a(lib_a-locale.o)
                0x00000000200001a8                __global_locale
 .data.__malloc_av_
                0x0000000020000314      0x408 /home/yusaku/Atollic/TrueSTUDIO/ARMTools/bin/../lib/gcc/arm-atollic-eabi/6.3.1/../../../../arm-atollic-eabi/lib/armv7-m/libc.a(lib_a-mallocr.o)
                0x0000000020000314                __malloc_av_
 .data.__malloc_sbrk_base
                0x000000002000071c        0x4 /home/yusaku/Atollic/TrueSTUDIO/ARMTools/bin/../lib/gcc/arm-atollic-eabi/6.3.1/../../../../arm-atollic-eabi/lib/armv7-m/libc.a(lib_a-mallocr.o)
                0x000000002000071c                __malloc_sbrk_base
 .data.__malloc_trim_threshold
                0x0000000020000720        0x4 /home/yusaku/Atollic/TrueSTUDIO/ARMTools/bin/../lib/gcc/arm-atollic-eabi/6.3.1/../../../../arm-atollic-eabi/lib/armv7-m/libc.a(lib_a-mallocr.o)
                0x0000000020000720                __malloc_trim_threshold
                0x0000000020000724                . = ALIGN (0x4)
                0x0000000020000724                _edata = .

.igot.plt       0x0000000020000724        0x0 load address 0x000000000800a9fc
 .igot.plt      0x0000000020000724        0x0 /home/yusaku/Atollic/TrueSTUDIO/ARMTools/bin/../lib/gcc/arm-atollic-eabi/6.3.1/armv7-m/crtbegin.o
                0x0000000020000724                . = ALIGN (0x4)

.bss            0x0000000020000728      0xb18 load address 0x000000000800a9fc
                0x0000000020000728                _sbss = .
                0x0000000020000728                __bss_start__ = _sbss
 *(.bss)
 .bss           0x0000000020000728       0x1c /home/yusaku/Atollic/TrueSTUDIO/ARMTools/bin/../lib/gcc/arm-atollic-eabi/6.3.1/armv7-m/crtbegin.o
 *(.bss*)
 .bss.serial    0x0000000020000744      0x80c Src/SerialClass.o
                0x0000000020000744                serial
 .bss.bus_state
                0x0000000020000f50        0x1 Src/can.o
                0x0000000020000f50                bus_state
 *fill*         0x0000000020000f51        0x3 
 .bss.filter    0x0000000020000f54       0x28 Src/can.o
                0x0000000020000f54                filter
 .bss.prescaler
                0x0000000020000f7c        0x4 Src/can.o
                0x0000000020000f7c                prescaler
 .bss.confStruct
                0x0000000020000f80       0x50 Src/conf.o
                0x0000000020000f80                confStruct
 .bss._ZL10led_laston
                0x0000000020000fd0        0x4 Src/led.o
 .bss._ZL11led_lastoff
                0x0000000020000fd4        0x4 Src/led.o
 .bss._ZL15led_laston_stat
                0x0000000020000fd8        0x4 Src/led.o
 .bss._ZL16led_lastoff_stat
                0x0000000020000fdc        0x4 Src/led.o
 .bss.hcan      0x0000000020000fe0       0x28 Src/main.o
                0x0000000020000fe0                hcan
 .bss.hdma_usart1_rx
                0x0000000020001008       0x44 Src/main.o
                0x0000000020001008                hdma_usart1_rx
 .bss.hdma_usart1_tx
                0x000000002000104c       0x44 Src/main.o
                0x000000002000104c                hdma_usart1_tx
 .bss.huart1    0x0000000020001090       0x40 Src/main.o
                0x0000000020001090                huart1
 .bss.cmd_buf   0x00000000200010d0       0x80 Src/uart_com.o
                0x00000000200010d0                cmd_buf
 .bss.cmd_buf_ptr
                0x0000000020001150        0x4 Src/uart_com.o
                0x0000000020001150                cmd_buf_ptr
 .bss.tx_buf    0x0000000020001154       0x80 Src/uart_com.o
                0x0000000020001154                tx_buf
 .bss.__malloc_current_mallinfo
                0x00000000200011d4       0x28 /home/yusaku/Atollic/TrueSTUDIO/ARMTools/bin/../lib/gcc/arm-atollic-eabi/6.3.1/../../../../arm-atollic-eabi/lib/armv7-m/libc.a(lib_a-mallocr.o)
                0x00000000200011d4                __malloc_current_mallinfo
 .bss.__malloc_max_sbrked_mem
                0x00000000200011fc        0x4 /home/yusaku/Atollic/TrueSTUDIO/ARMTools/bin/../lib/gcc/arm-atollic-eabi/6.3.1/../../../../arm-atollic-eabi/lib/armv7-m/libc.a(lib_a-mallocr.o)
                0x00000000200011fc                __malloc_max_sbrked_mem
 .bss.__malloc_max_total_mem
                0x0000000020001200        0x4 /home/yusaku/Atollic/TrueSTUDIO/ARMTools/bin/../lib/gcc/arm-atollic-eabi/6.3.1/../../../../arm-atollic-eabi/lib/armv7-m/libc.a(lib_a-mallocr.o)
                0x0000000020001200                __malloc_max_total_mem
 .bss.__malloc_top_pad
                0x0000000020001204        0x4 /home/yusaku/Atollic/TrueSTUDIO/ARMTools/bin/../lib/gcc/arm-atollic-eabi/6.3.1/../../../../arm-atollic-eabi/lib/armv7-m/libc.a(lib_a-mallocr.o)
                0x0000000020001204                __malloc_top_pad
 .bss.heap_end.4116
                0x0000000020001208        0x4 /home/yusaku/Atollic/TrueSTUDIO/ARMTools/bin/../lib/gcc/arm-atollic-eabi/6.3.1/../../../../arm-atollic-eabi/lib/armv7-m/libnosys.a(sbrk.o)
 *(COMMON)
 COMMON         0x000000002000120c        0x4 Drivers/STM32F1xx_HAL_Driver/Src/stm32f1xx_hal.o
                0x000000002000120c                uwTick
 COMMON         0x0000000020001210       0x20 Drivers/STM32F1xx_HAL_Driver/Src/stm32f1xx_hal_flash.o
                0x0000000020001210                pFlash
 COMMON         0x0000000020001230        0x4 /home/yusaku/Atollic/TrueSTUDIO/ARMTools/bin/../lib/gcc/arm-atollic-eabi/6.3.1/../../../../arm-atollic-eabi/lib/armv7-m/libc.a(lib_a-reent.o)
                0x0000000020001230                errno
 COMMON         0x0000000020001234        0x9 /home/yusaku/Atollic/TrueSTUDIO/ARMTools/bin/../lib/gcc/arm-atollic-eabi/6.3.1/../../../../arm-atollic-eabi/lib/armv7-m/libc.a(lib_a-lock.o)
                0x0000000020001234                __lock___atexit_recursive_mutex
                0x0000000020001235                __lock___arc4random_mutex
                0x0000000020001236                __lock___env_recursive_mutex
                0x0000000020001237                __lock___sinit_recursive_mutex
                0x0000000020001238                __lock___malloc_recursive_mutex
                0x0000000020001239                __lock___at_quick_exit_mutex
                0x000000002000123a                __lock___dd_hash_mutex
                0x000000002000123b                __lock___tz_mutex
                0x000000002000123c                __lock___sfp_recursive_mutex
                0x0000000020001240                . = ALIGN (0x4)
 *fill*         0x000000002000123d        0x3 
                0x0000000020001240                _ebss = .
                0x0000000020001240                __bss_end__ = _ebss

._user_heap_stack
                0x0000000020001240      0x600 load address 0x000000000800a9fc
                0x0000000020001240                . = ALIGN (0x4)
                0x0000000020001240                PROVIDE (end, .)
                [!provide]                        PROVIDE (_end, .)
                0x0000000020001440                . = (. + _Min_Heap_Size)
 *fill*         0x0000000020001240      0x200 
                0x0000000020001840                . = (. + _Min_Stack_Size)
 *fill*         0x0000000020001440      0x400 
                0x0000000020001840                . = ALIGN (0x4)

/DISCARD/
 libc.a(*)
 libm.a(*)
 libgcc.a(*)

.ARM.attributes
                0x0000000000000000       0x29
 *(.ARM.attributes)
 .ARM.attributes
                0x0000000000000000       0x1d /home/yusaku/Atollic/TrueSTUDIO/ARMTools/bin/../lib/gcc/arm-atollic-eabi/6.3.1/armv7-m/crti.o
 .ARM.attributes
                0x000000000000001d       0x2d /home/yusaku/Atollic/TrueSTUDIO/ARMTools/bin/../lib/gcc/arm-atollic-eabi/6.3.1/armv7-m/crtbegin.o
 .ARM.attributes
                0x000000000000004a       0x33 Drivers/STM32F1xx_HAL_Driver/Src/stm32f1xx_hal.o
 .ARM.attributes
                0x000000000000007d       0x33 Drivers/STM32F1xx_HAL_Driver/Src/stm32f1xx_hal_can.o
 .ARM.attributes
                0x00000000000000b0       0x33 Drivers/STM32F1xx_HAL_Driver/Src/stm32f1xx_hal_cortex.o
 .ARM.attributes
                0x00000000000000e3       0x33 Drivers/STM32F1xx_HAL_Driver/Src/stm32f1xx_hal_dma.o
 .ARM.attributes
                0x0000000000000116       0x33 Drivers/STM32F1xx_HAL_Driver/Src/stm32f1xx_hal_flash.o
 .ARM.attributes
                0x0000000000000149       0x33 Drivers/STM32F1xx_HAL_Driver/Src/stm32f1xx_hal_flash_ex.o
 .ARM.attributes
                0x000000000000017c       0x33 Drivers/STM32F1xx_HAL_Driver/Src/stm32f1xx_hal_gpio.o
 .ARM.attributes
                0x00000000000001af       0x33 Drivers/STM32F1xx_HAL_Driver/Src/stm32f1xx_hal_rcc.o
 .ARM.attributes
                0x00000000000001e2       0x33 Drivers/STM32F1xx_HAL_Driver/Src/stm32f1xx_hal_uart.o
 .ARM.attributes
                0x0000000000000215       0x33 Drivers/STM32F1xx_HAL_Driver/Src/stm32f1xx_ll_gpio.o
 .ARM.attributes
                0x0000000000000248       0x33 Drivers/STM32F1xx_HAL_Driver/Src/stm32f1xx_ll_tim.o
 .ARM.attributes
                0x000000000000027b       0x33 Drivers/STM32F1xx_HAL_Driver/Src/stm32f1xx_ll_utils.o
 .ARM.attributes
                0x00000000000002ae       0x33 Src/SerialClass.o
 .ARM.attributes
                0x00000000000002e1       0x33 Src/can.o
 .ARM.attributes
                0x0000000000000314       0x33 Src/conf.o
 .ARM.attributes
                0x0000000000000347       0x33 Src/led.o
 .ARM.attributes
                0x000000000000037a       0x33 Src/main.o
 .ARM.attributes
                0x00000000000003ad       0x33 Src/motor_ctrl.o
 .ARM.attributes
                0x00000000000003e0       0x33 Src/stm32f1xx_hal_msp.o
 .ARM.attributes
                0x0000000000000413       0x33 Src/stm32f1xx_it.o
 .ARM.attributes
                0x0000000000000446       0x33 Src/system_stm32f1xx.o
 .ARM.attributes
                0x0000000000000479       0x33 Src/uart_com.o
 .ARM.attributes
                0x00000000000004ac       0x21 startup/startup_stm32f103xb.o
 .ARM.attributes
                0x00000000000004cd       0x2d /home/yusaku/Atollic/TrueSTUDIO/ARMTools/bin/../lib/gcc/arm-atollic-eabi/6.3.1/../../../../arm-atollic-eabi/lib/armv7-m/libc.a(lib_a-init.o)
 .ARM.attributes
                0x00000000000004fa       0x2d /home/yusaku/Atollic/TrueSTUDIO/ARMTools/bin/../lib/gcc/arm-atollic-eabi/6.3.1/../../../../arm-atollic-eabi/lib/armv7-m/libc.a(lib_a-memcpy-stub.o)
 .ARM.attributes
                0x0000000000000527       0x2d /home/yusaku/Atollic/TrueSTUDIO/ARMTools/bin/../lib/gcc/arm-atollic-eabi/6.3.1/../../../../arm-atollic-eabi/lib/armv7-m/libc.a(lib_a-memset.o)
 .ARM.attributes
                0x0000000000000554       0x2d /home/yusaku/Atollic/TrueSTUDIO/ARMTools/bin/../lib/gcc/arm-atollic-eabi/6.3.1/../../../../arm-atollic-eabi/lib/armv7-m/libc.a(lib_a-sprintf.o)
 .ARM.attributes
                0x0000000000000581       0x2d /home/yusaku/Atollic/TrueSTUDIO/ARMTools/bin/../lib/gcc/arm-atollic-eabi/6.3.1/../../../../arm-atollic-eabi/lib/armv7-m/libc.a(lib_a-sscanf.o)
 .ARM.attributes
                0x00000000000005ae       0x2d /home/yusaku/Atollic/TrueSTUDIO/ARMTools/bin/../lib/gcc/arm-atollic-eabi/6.3.1/../../../../arm-atollic-eabi/lib/armv7-m/libc.a(lib_a-stdio.o)
 .ARM.attributes
                0x00000000000005db       0x1b /home/yusaku/Atollic/TrueSTUDIO/ARMTools/bin/../lib/gcc/arm-atollic-eabi/6.3.1/../../../../arm-atollic-eabi/lib/armv7-m/libc.a(lib_a-strcmp.o)
 .ARM.attributes
                0x00000000000005f6       0x17 /home/yusaku/Atollic/TrueSTUDIO/ARMTools/bin/../lib/gcc/arm-atollic-eabi/6.3.1/../../../../arm-atollic-eabi/lib/armv7-m/libc.a(lib_a-strlen.o)
 .ARM.attributes
                0x000000000000060d       0x2d /home/yusaku/Atollic/TrueSTUDIO/ARMTools/bin/../lib/gcc/arm-atollic-eabi/6.3.1/../../../../arm-atollic-eabi/lib/armv7-m/libc.a(lib_a-svfprintf.o)
 .ARM.attributes
                0x000000000000063a       0x2d /home/yusaku/Atollic/TrueSTUDIO/ARMTools/bin/../lib/gcc/arm-atollic-eabi/6.3.1/../../../../arm-atollic-eabi/lib/armv7-m/libc.a(lib_a-svfscanf.o)
 .ARM.attributes
                0x0000000000000667       0x2d /home/yusaku/Atollic/TrueSTUDIO/ARMTools/bin/../lib/gcc/arm-atollic-eabi/6.3.1/../../../../arm-atollic-eabi/lib/armv7-m/libc.a(lib_a-dtoa.o)
 .ARM.attributes
                0x0000000000000694       0x2d /home/yusaku/Atollic/TrueSTUDIO/ARMTools/bin/../lib/gcc/arm-atollic-eabi/6.3.1/../../../../arm-atollic-eabi/lib/armv7-m/libc.a(lib_a-impure.o)
 .ARM.attributes
                0x00000000000006c1       0x2d /home/yusaku/Atollic/TrueSTUDIO/ARMTools/bin/../lib/gcc/arm-atollic-eabi/6.3.1/../../../../arm-atollic-eabi/lib/armv7-m/libc.a(lib_a-iswspace.o)
 .ARM.attributes
                0x00000000000006ee       0x2d /home/yusaku/Atollic/TrueSTUDIO/ARMTools/bin/../lib/gcc/arm-atollic-eabi/6.3.1/../../../../arm-atollic-eabi/lib/armv7-m/libc.a(lib_a-locale.o)
 .ARM.attributes
                0x000000000000071b       0x2d /home/yusaku/Atollic/TrueSTUDIO/ARMTools/bin/../lib/gcc/arm-atollic-eabi/6.3.1/../../../../arm-atollic-eabi/lib/armv7-m/libc.a(lib_a-localeconv.o)
 .ARM.attributes
                0x0000000000000748       0x2d /home/yusaku/Atollic/TrueSTUDIO/ARMTools/bin/../lib/gcc/arm-atollic-eabi/6.3.1/../../../../arm-atollic-eabi/lib/armv7-m/libc.a(lib_a-malloc.o)
 .ARM.attributes
                0x0000000000000775       0x2d /home/yusaku/Atollic/TrueSTUDIO/ARMTools/bin/../lib/gcc/arm-atollic-eabi/6.3.1/../../../../arm-atollic-eabi/lib/armv7-m/libc.a(lib_a-mallocr.o)
 .ARM.attributes
                0x00000000000007a2       0x2d /home/yusaku/Atollic/TrueSTUDIO/ARMTools/bin/../lib/gcc/arm-atollic-eabi/6.3.1/../../../../arm-atollic-eabi/lib/armv7-m/libc.a(lib_a-mbrtowc.o)
 .ARM.attributes
                0x00000000000007cf       0x2d /home/yusaku/Atollic/TrueSTUDIO/ARMTools/bin/../lib/gcc/arm-atollic-eabi/6.3.1/../../../../arm-atollic-eabi/lib/armv7-m/libc.a(lib_a-mbtowc_r.o)
 .ARM.attributes
                0x00000000000007fc       0x2d /home/yusaku/Atollic/TrueSTUDIO/ARMTools/bin/../lib/gcc/arm-atollic-eabi/6.3.1/../../../../arm-atollic-eabi/lib/armv7-m/libc.a(lib_a-memchr-stub.o)
 .ARM.attributes
                0x0000000000000829       0x2d /home/yusaku/Atollic/TrueSTUDIO/ARMTools/bin/../lib/gcc/arm-atollic-eabi/6.3.1/../../../../arm-atollic-eabi/lib/armv7-m/libc.a(lib_a-mlock.o)
 .ARM.attributes
                0x0000000000000856       0x2d /home/yusaku/Atollic/TrueSTUDIO/ARMTools/bin/../lib/gcc/arm-atollic-eabi/6.3.1/../../../../arm-atollic-eabi/lib/armv7-m/libc.a(lib_a-mprec.o)
 .ARM.attributes
                0x0000000000000883       0x2d /home/yusaku/Atollic/TrueSTUDIO/ARMTools/bin/../lib/gcc/arm-atollic-eabi/6.3.1/../../../../arm-atollic-eabi/lib/armv7-m/libc.a(lib_a-reent.o)
 .ARM.attributes
                0x00000000000008b0       0x2d /home/yusaku/Atollic/TrueSTUDIO/ARMTools/bin/../lib/gcc/arm-atollic-eabi/6.3.1/../../../../arm-atollic-eabi/lib/armv7-m/libc.a(lib_a-sbrkr.o)
 .ARM.attributes
                0x00000000000008dd       0x2d /home/yusaku/Atollic/TrueSTUDIO/ARMTools/bin/../lib/gcc/arm-atollic-eabi/6.3.1/../../../../arm-atollic-eabi/lib/armv7-m/libc.a(lib_a-sccl.o)
 .ARM.attributes
                0x000000000000090a       0x2d /home/yusaku/Atollic/TrueSTUDIO/ARMTools/bin/../lib/gcc/arm-atollic-eabi/6.3.1/../../../../arm-atollic-eabi/lib/armv7-m/libc.a(lib_a-sf_nan.o)
 .ARM.attributes
                0x0000000000000937       0x2d /home/yusaku/Atollic/TrueSTUDIO/ARMTools/bin/../lib/gcc/arm-atollic-eabi/6.3.1/../../../../arm-atollic-eabi/lib/armv7-m/libc.a(lib_a-strtod.o)
 .ARM.attributes
                0x0000000000000964       0x2d /home/yusaku/Atollic/TrueSTUDIO/ARMTools/bin/../lib/gcc/arm-atollic-eabi/6.3.1/../../../../arm-atollic-eabi/lib/armv7-m/libc.a(lib_a-strtol.o)
 .ARM.attributes
                0x0000000000000991       0x2d /home/yusaku/Atollic/TrueSTUDIO/ARMTools/bin/../lib/gcc/arm-atollic-eabi/6.3.1/../../../../arm-atollic-eabi/lib/armv7-m/libc.a(lib_a-strtoll.o)
 .ARM.attributes
                0x00000000000009be       0x2d /home/yusaku/Atollic/TrueSTUDIO/ARMTools/bin/../lib/gcc/arm-atollic-eabi/6.3.1/../../../../arm-atollic-eabi/lib/armv7-m/libc.a(lib_a-strtoul.o)
 .ARM.attributes
                0x00000000000009eb       0x2d /home/yusaku/Atollic/TrueSTUDIO/ARMTools/bin/../lib/gcc/arm-atollic-eabi/6.3.1/../../../../arm-atollic-eabi/lib/armv7-m/libc.a(lib_a-strtoull.o)
 .ARM.attributes
                0x0000000000000a18       0x2d /home/yusaku/Atollic/TrueSTUDIO/ARMTools/bin/../lib/gcc/arm-atollic-eabi/6.3.1/../../../../arm-atollic-eabi/lib/armv7-m/libc.a(lib_a-svfiprintf.o)
 .ARM.attributes
                0x0000000000000a45       0x2d /home/yusaku/Atollic/TrueSTUDIO/ARMTools/bin/../lib/gcc/arm-atollic-eabi/6.3.1/../../../../arm-atollic-eabi/lib/armv7-m/libc.a(lib_a-svfiscanf.o)
 .ARM.attributes
                0x0000000000000a72       0x2d /home/yusaku/Atollic/TrueSTUDIO/ARMTools/bin/../lib/gcc/arm-atollic-eabi/6.3.1/../../../../arm-atollic-eabi/lib/armv7-m/libc.a(lib_a-ungetc.o)
 .ARM.attributes
                0x0000000000000a9f       0x2d /home/yusaku/Atollic/TrueSTUDIO/ARMTools/bin/../lib/gcc/arm-atollic-eabi/6.3.1/../../../../arm-atollic-eabi/lib/armv7-m/libc.a(lib_a-wctomb_r.o)
 .ARM.attributes
                0x0000000000000acc       0x2d /home/yusaku/Atollic/TrueSTUDIO/ARMTools/bin/../lib/gcc/arm-atollic-eabi/6.3.1/../../../../arm-atollic-eabi/lib/armv7-m/libc.a(lib_a-callocr.o)
 .ARM.attributes
                0x0000000000000af9       0x2d /home/yusaku/Atollic/TrueSTUDIO/ARMTools/bin/../lib/gcc/arm-atollic-eabi/6.3.1/../../../../arm-atollic-eabi/lib/armv7-m/libc.a(lib_a-ctype_.o)
 .ARM.attributes
                0x0000000000000b26       0x2d /home/yusaku/Atollic/TrueSTUDIO/ARMTools/bin/../lib/gcc/arm-atollic-eabi/6.3.1/../../../../arm-atollic-eabi/lib/armv7-m/libc.a(lib_a-findfp.o)
 .ARM.attributes
                0x0000000000000b53       0x2d /home/yusaku/Atollic/TrueSTUDIO/ARMTools/bin/../lib/gcc/arm-atollic-eabi/6.3.1/../../../../arm-atollic-eabi/lib/armv7-m/libc.a(lib_a-freer.o)
 .ARM.attributes
                0x0000000000000b80       0x2d /home/yusaku/Atollic/TrueSTUDIO/ARMTools/bin/../lib/gcc/arm-atollic-eabi/6.3.1/../../../../arm-atollic-eabi/lib/armv7-m/libc.a(lib_a-gdtoa-gethex.o)
 .ARM.attributes
                0x0000000000000bad       0x2d /home/yusaku/Atollic/TrueSTUDIO/ARMTools/bin/../lib/gcc/arm-atollic-eabi/6.3.1/../../../../arm-atollic-eabi/lib/armv7-m/libc.a(lib_a-gdtoa-hexnan.o)
 .ARM.attributes
                0x0000000000000bda       0x2d /home/yusaku/Atollic/TrueSTUDIO/ARMTools/bin/../lib/gcc/arm-atollic-eabi/6.3.1/../../../../arm-atollic-eabi/lib/armv7-m/libc.a(lib_a-lock.o)
 .ARM.attributes
                0x0000000000000c07       0x2d /home/yusaku/Atollic/TrueSTUDIO/ARMTools/bin/../lib/gcc/arm-atollic-eabi/6.3.1/../../../../arm-atollic-eabi/lib/armv7-m/libc.a(lib_a-memmove.o)
 .ARM.attributes
                0x0000000000000c34       0x2d /home/yusaku/Atollic/TrueSTUDIO/ARMTools/bin/../lib/gcc/arm-atollic-eabi/6.3.1/../../../../arm-atollic-eabi/lib/armv7-m/libc.a(lib_a-reallocr.o)
 .ARM.attributes
                0x0000000000000c61       0x2d /home/yusaku/Atollic/TrueSTUDIO/ARMTools/bin/../lib/gcc/arm-atollic-eabi/6.3.1/../../../../arm-atollic-eabi/lib/armv7-m/libc.a(lib_a-strncmp.o)
 .ARM.attributes
                0x0000000000000c8e       0x1d /home/yusaku/Atollic/TrueSTUDIO/ARMTools/bin/../lib/gcc/arm-atollic-eabi/6.3.1/armv7-m/libgcc.a(_arm_addsubdf3.o)
 .ARM.attributes
                0x0000000000000cab       0x1d /home/yusaku/Atollic/TrueSTUDIO/ARMTools/bin/../lib/gcc/arm-atollic-eabi/6.3.1/armv7-m/libgcc.a(_arm_muldivdf3.o)
 .ARM.attributes
                0x0000000000000cc8       0x1d /home/yusaku/Atollic/TrueSTUDIO/ARMTools/bin/../lib/gcc/arm-atollic-eabi/6.3.1/armv7-m/libgcc.a(_arm_cmpdf2.o)
 .ARM.attributes
                0x0000000000000ce5       0x1d /home/yusaku/Atollic/TrueSTUDIO/ARMTools/bin/../lib/gcc/arm-atollic-eabi/6.3.1/armv7-m/libgcc.a(_arm_unorddf2.o)
 .ARM.attributes
                0x0000000000000d02       0x1d /home/yusaku/Atollic/TrueSTUDIO/ARMTools/bin/../lib/gcc/arm-atollic-eabi/6.3.1/armv7-m/libgcc.a(_arm_fixdfsi.o)
 .ARM.attributes
                0x0000000000000d1f       0x1d /home/yusaku/Atollic/TrueSTUDIO/ARMTools/bin/../lib/gcc/arm-atollic-eabi/6.3.1/armv7-m/libgcc.a(_arm_fixunsdfsi.o)
 .ARM.attributes
                0x0000000000000d3c       0x1d /home/yusaku/Atollic/TrueSTUDIO/ARMTools/bin/../lib/gcc/arm-atollic-eabi/6.3.1/armv7-m/libgcc.a(_arm_truncdfsf2.o)
 .ARM.attributes
                0x0000000000000d59       0x1d /home/yusaku/Atollic/TrueSTUDIO/ARMTools/bin/../lib/gcc/arm-atollic-eabi/6.3.1/armv7-m/libgcc.a(_aeabi_uldivmod.o)
 .ARM.attributes
                0x0000000000000d76       0x2d /home/yusaku/Atollic/TrueSTUDIO/ARMTools/bin/../lib/gcc/arm-atollic-eabi/6.3.1/armv7-m/libgcc.a(_udivmoddi4.o)
 .ARM.attributes
                0x0000000000000da3       0x1d /home/yusaku/Atollic/TrueSTUDIO/ARMTools/bin/../lib/gcc/arm-atollic-eabi/6.3.1/armv7-m/libgcc.a(_dvmd_tls.o)
 .ARM.attributes
                0x0000000000000dc0       0x2d /home/yusaku/Atollic/TrueSTUDIO/ARMTools/bin/../lib/gcc/arm-atollic-eabi/6.3.1/../../../../arm-atollic-eabi/lib/armv7-m/libnosys.a(sbrk.o)
 .ARM.attributes
                0x0000000000000ded       0x1d /home/yusaku/Atollic/TrueSTUDIO/ARMTools/bin/../lib/gcc/arm-atollic-eabi/6.3.1/armv7-m/crtn.o
OUTPUT(md201x.elf elf32-littlearm)

.debug_info     0x0000000000000000    0x21272
 .debug_info    0x0000000000000000      0xfe1 Drivers/STM32F1xx_HAL_Driver/Src/stm32f1xx_hal.o
 .debug_info    0x0000000000000fe1     0x1959 Drivers/STM32F1xx_HAL_Driver/Src/stm32f1xx_hal_can.o
 .debug_info    0x000000000000293a     0x14c8 Drivers/STM32F1xx_HAL_Driver/Src/stm32f1xx_hal_cortex.o
 .debug_info    0x0000000000003e02     0x1063 Drivers/STM32F1xx_HAL_Driver/Src/stm32f1xx_hal_dma.o
 .debug_info    0x0000000000004e65      0xfda Drivers/STM32F1xx_HAL_Driver/Src/stm32f1xx_hal_flash.o
 .debug_info    0x0000000000005e3f     0x146b Drivers/STM32F1xx_HAL_Driver/Src/stm32f1xx_hal_flash_ex.o
 .debug_info    0x00000000000072aa      0xedd Drivers/STM32F1xx_HAL_Driver/Src/stm32f1xx_hal_gpio.o
 .debug_info    0x0000000000008187     0x12d2 Drivers/STM32F1xx_HAL_Driver/Src/stm32f1xx_hal_rcc.o
 .debug_info    0x0000000000009459     0x1f4d Drivers/STM32F1xx_HAL_Driver/Src/stm32f1xx_hal_uart.o
 .debug_info    0x000000000000b3a6     0x1078 Drivers/STM32F1xx_HAL_Driver/Src/stm32f1xx_ll_gpio.o
 .debug_info    0x000000000000c41e     0x1935 Drivers/STM32F1xx_HAL_Driver/Src/stm32f1xx_ll_tim.o
 .debug_info    0x000000000000dd53     0x14f6 Drivers/STM32F1xx_HAL_Driver/Src/stm32f1xx_ll_utils.o
 .debug_info    0x000000000000f249     0x1091 Src/SerialClass.o
 .debug_info    0x00000000000102da     0x248d Src/can.o
 .debug_info    0x0000000000012767      0xf0a Src/conf.o
 .debug_info    0x0000000000013671      0xb51 Src/led.o
 .debug_info    0x00000000000141c2     0x3af1 Src/main.o
 .debug_info    0x0000000000017cb3     0x1afa Src/motor_ctrl.o
 .debug_info    0x00000000000197ad     0x1961 Src/stm32f1xx_hal_msp.o
 .debug_info    0x000000000001b10e     0x1c67 Src/stm32f1xx_it.o
 .debug_info    0x000000000001cd75      0xc66 Src/system_stm32f1xx.o
 .debug_info    0x000000000001d9db     0x3820 Src/uart_com.o
 .debug_info    0x00000000000211fb       0x77 startup/startup_stm32f103xb.o

.debug_abbrev   0x0000000000000000     0x4c36
 .debug_abbrev  0x0000000000000000      0x315 Drivers/STM32F1xx_HAL_Driver/Src/stm32f1xx_hal.o
 .debug_abbrev  0x0000000000000315      0x382 Drivers/STM32F1xx_HAL_Driver/Src/stm32f1xx_hal_can.o
 .debug_abbrev  0x0000000000000697      0x390 Drivers/STM32F1xx_HAL_Driver/Src/stm32f1xx_hal_cortex.o
 .debug_abbrev  0x0000000000000a27      0x2b1 Drivers/STM32F1xx_HAL_Driver/Src/stm32f1xx_hal_dma.o
 .debug_abbrev  0x0000000000000cd8      0x391 Drivers/STM32F1xx_HAL_Driver/Src/stm32f1xx_hal_flash.o
 .debug_abbrev  0x0000000000001069      0x394 Drivers/STM32F1xx_HAL_Driver/Src/stm32f1xx_hal_flash_ex.o
 .debug_abbrev  0x00000000000013fd      0x277 Drivers/STM32F1xx_HAL_Driver/Src/stm32f1xx_hal_gpio.o
 .debug_abbrev  0x0000000000001674      0x388 Drivers/STM32F1xx_HAL_Driver/Src/stm32f1xx_hal_rcc.o
 .debug_abbrev  0x00000000000019fc      0x35d Drivers/STM32F1xx_HAL_Driver/Src/stm32f1xx_hal_uart.o
 .debug_abbrev  0x0000000000001d59      0x2ca Drivers/STM32F1xx_HAL_Driver/Src/stm32f1xx_ll_gpio.o
 .debug_abbrev  0x0000000000002023      0x31a Drivers/STM32F1xx_HAL_Driver/Src/stm32f1xx_ll_tim.o
 .debug_abbrev  0x000000000000233d      0x34b Drivers/STM32F1xx_HAL_Driver/Src/stm32f1xx_ll_utils.o
 .debug_abbrev  0x0000000000002688      0x2dd Src/SerialClass.o
 .debug_abbrev  0x0000000000002965      0x58c Src/can.o
 .debug_abbrev  0x0000000000002ef1      0x2d9 Src/conf.o
 .debug_abbrev  0x00000000000031ca      0x1d8 Src/led.o
 .debug_abbrev  0x00000000000033a2      0x619 Src/main.o
 .debug_abbrev  0x00000000000039bb      0x474 Src/motor_ctrl.o
 .debug_abbrev  0x0000000000003e2f      0x2ab Src/stm32f1xx_hal_msp.o
 .debug_abbrev  0x00000000000040da      0x3a7 Src/stm32f1xx_it.o
 .debug_abbrev  0x0000000000004481      0x1eb Src/system_stm32f1xx.o
 .debug_abbrev  0x000000000000466c      0x5b8 Src/uart_com.o
 .debug_abbrev  0x0000000000004c24       0x12 startup/startup_stm32f103xb.o

.debug_loc      0x0000000000000000     0x7f61
 .debug_loc     0x0000000000000000      0x11c Drivers/STM32F1xx_HAL_Driver/Src/stm32f1xx_hal.o
 .debug_loc     0x000000000000011c      0xca9 Drivers/STM32F1xx_HAL_Driver/Src/stm32f1xx_hal_can.o
 .debug_loc     0x0000000000000dc5      0x5dd Drivers/STM32F1xx_HAL_Driver/Src/stm32f1xx_hal_cortex.o
 .debug_loc     0x00000000000013a2      0x8e1 Drivers/STM32F1xx_HAL_Driver/Src/stm32f1xx_hal_dma.o
 .debug_loc     0x0000000000001c83      0x4d5 Drivers/STM32F1xx_HAL_Driver/Src/stm32f1xx_hal_flash.o
 .debug_loc     0x0000000000002158      0x763 Drivers/STM32F1xx_HAL_Driver/Src/stm32f1xx_hal_flash_ex.o
 .debug_loc     0x00000000000028bb      0x465 Drivers/STM32F1xx_HAL_Driver/Src/stm32f1xx_hal_gpio.o
 .debug_loc     0x0000000000002d20      0x640 Drivers/STM32F1xx_HAL_Driver/Src/stm32f1xx_hal_rcc.o
 .debug_loc     0x0000000000003360     0x13ef Drivers/STM32F1xx_HAL_Driver/Src/stm32f1xx_hal_uart.o
 .debug_loc     0x000000000000474f      0x4fe Drivers/STM32F1xx_HAL_Driver/Src/stm32f1xx_ll_gpio.o
 .debug_loc     0x0000000000004c4d      0xf91 Drivers/STM32F1xx_HAL_Driver/Src/stm32f1xx_ll_tim.o
 .debug_loc     0x0000000000005bde      0x72d Drivers/STM32F1xx_HAL_Driver/Src/stm32f1xx_ll_utils.o
 .debug_loc     0x000000000000630b       0x2a Src/SerialClass.o
 .debug_loc     0x0000000000006335      0x260 Src/can.o
 .debug_loc     0x0000000000006595      0x1ad Src/conf.o
 .debug_loc     0x0000000000006742      0x6f0 Src/main.o
 .debug_loc     0x0000000000006e32      0x245 Src/motor_ctrl.o
 .debug_loc     0x0000000000007077       0xdf Src/stm32f1xx_hal_msp.o
 .debug_loc     0x0000000000007156       0xcd Src/system_stm32f1xx.o
 .debug_loc     0x0000000000007223      0xd3e Src/uart_com.o

.debug_aranges  0x0000000000000000      0x948
 .debug_aranges
                0x0000000000000000       0xc8 Drivers/STM32F1xx_HAL_Driver/Src/stm32f1xx_hal.o
 .debug_aranges
                0x00000000000000c8       0xc8 Drivers/STM32F1xx_HAL_Driver/Src/stm32f1xx_hal_can.o
 .debug_aranges
                0x0000000000000190       0x90 Drivers/STM32F1xx_HAL_Driver/Src/stm32f1xx_hal_cortex.o
 .debug_aranges
                0x0000000000000220       0x78 Drivers/STM32F1xx_HAL_Driver/Src/stm32f1xx_hal_dma.o
 .debug_aranges
                0x0000000000000298       0x70 Drivers/STM32F1xx_HAL_Driver/Src/stm32f1xx_hal_flash.o
 .debug_aranges
                0x0000000000000308       0x50 Drivers/STM32F1xx_HAL_Driver/Src/stm32f1xx_hal_flash_ex.o
 .debug_aranges
                0x0000000000000358       0x58 Drivers/STM32F1xx_HAL_Driver/Src/stm32f1xx_hal_gpio.o
 .debug_aranges
                0x00000000000003b0       0x88 Drivers/STM32F1xx_HAL_Driver/Src/stm32f1xx_hal_rcc.o
 .debug_aranges
                0x0000000000000438      0x160 Drivers/STM32F1xx_HAL_Driver/Src/stm32f1xx_hal_uart.o
 .debug_aranges
                0x0000000000000598       0x30 Drivers/STM32F1xx_HAL_Driver/Src/stm32f1xx_ll_gpio.o
 .debug_aranges
                0x00000000000005c8       0x80 Drivers/STM32F1xx_HAL_Driver/Src/stm32f1xx_ll_tim.o
 .debug_aranges
                0x0000000000000648       0x40 Drivers/STM32F1xx_HAL_Driver/Src/stm32f1xx_ll_utils.o
 .debug_aranges
                0x0000000000000688       0x28 Src/SerialClass.o
 .debug_aranges
                0x00000000000006b0       0x68 Src/can.o
 .debug_aranges
                0x0000000000000718       0x40 Src/conf.o
 .debug_aranges
                0x0000000000000758       0x28 Src/led.o
 .debug_aranges
                0x0000000000000780       0x38 Src/main.o
 .debug_aranges
                0x00000000000007b8       0x40 Src/motor_ctrl.o
 .debug_aranges
                0x00000000000007f8       0x40 Src/stm32f1xx_hal_msp.o
 .debug_aranges
                0x0000000000000838       0x78 Src/stm32f1xx_it.o
 .debug_aranges
                0x00000000000008b0       0x28 Src/system_stm32f1xx.o
 .debug_aranges
                0x00000000000008d8       0x48 Src/uart_com.o
 .debug_aranges
                0x0000000000000920       0x28 startup/startup_stm32f103xb.o

.debug_ranges   0x0000000000000000     0x2048
 .debug_ranges  0x0000000000000000       0xb8 Drivers/STM32F1xx_HAL_Driver/Src/stm32f1xx_hal.o
 .debug_ranges  0x00000000000000b8       0xd0 Drivers/STM32F1xx_HAL_Driver/Src/stm32f1xx_hal_can.o
 .debug_ranges  0x0000000000000188      0x158 Drivers/STM32F1xx_HAL_Driver/Src/stm32f1xx_hal_cortex.o
 .debug_ranges  0x00000000000002e0       0xc0 Drivers/STM32F1xx_HAL_Driver/Src/stm32f1xx_hal_dma.o
 .debug_ranges  0x00000000000003a0      0x188 Drivers/STM32F1xx_HAL_Driver/Src/stm32f1xx_hal_flash.o
 .debug_ranges  0x0000000000000528      0x190 Drivers/STM32F1xx_HAL_Driver/Src/stm32f1xx_hal_flash_ex.o
 .debug_ranges  0x00000000000006b8       0x68 Drivers/STM32F1xx_HAL_Driver/Src/stm32f1xx_hal_gpio.o
 .debug_ranges  0x0000000000000720       0xf8 Drivers/STM32F1xx_HAL_Driver/Src/stm32f1xx_hal_rcc.o
 .debug_ranges  0x0000000000000818      0x2a0 Drivers/STM32F1xx_HAL_Driver/Src/stm32f1xx_hal_uart.o
 .debug_ranges  0x0000000000000ab8       0xd8 Drivers/STM32F1xx_HAL_Driver/Src/stm32f1xx_ll_gpio.o
 .debug_ranges  0x0000000000000b90      0x230 Drivers/STM32F1xx_HAL_Driver/Src/stm32f1xx_ll_tim.o
 .debug_ranges  0x0000000000000dc0      0x368 Drivers/STM32F1xx_HAL_Driver/Src/stm32f1xx_ll_utils.o
 .debug_ranges  0x0000000000001128       0x18 Src/SerialClass.o
 .debug_ranges  0x0000000000001140       0xe8 Src/can.o
 .debug_ranges  0x0000000000001228       0x30 Src/conf.o
 .debug_ranges  0x0000000000001258       0x18 Src/led.o
 .debug_ranges  0x0000000000001270      0x5f0 Src/main.o
 .debug_ranges  0x0000000000001860       0xa0 Src/motor_ctrl.o
 .debug_ranges  0x0000000000001900      0x100 Src/stm32f1xx_hal_msp.o
 .debug_ranges  0x0000000000001a00       0x68 Src/stm32f1xx_it.o
 .debug_ranges  0x0000000000001a68       0x18 Src/system_stm32f1xx.o
 .debug_ranges  0x0000000000001a80      0x5a8 Src/uart_com.o
 .debug_ranges  0x0000000000002028       0x20 startup/startup_stm32f103xb.o

.debug_line     0x0000000000000000     0x7cf7
 .debug_line    0x0000000000000000      0x41a Drivers/STM32F1xx_HAL_Driver/Src/stm32f1xx_hal.o
 .debug_line    0x000000000000041a      0x755 Drivers/STM32F1xx_HAL_Driver/Src/stm32f1xx_hal_can.o
 .debug_line    0x0000000000000b6f      0x44c Drivers/STM32F1xx_HAL_Driver/Src/stm32f1xx_hal_cortex.o
 .debug_line    0x0000000000000fbb      0x774 Drivers/STM32F1xx_HAL_Driver/Src/stm32f1xx_hal_dma.o
 .debug_line    0x000000000000172f      0x560 Drivers/STM32F1xx_HAL_Driver/Src/stm32f1xx_hal_flash.o
 .debug_line    0x0000000000001c8f      0x565 Drivers/STM32F1xx_HAL_Driver/Src/stm32f1xx_hal_flash_ex.o
 .debug_line    0x00000000000021f4      0x492 Drivers/STM32F1xx_HAL_Driver/Src/stm32f1xx_hal_gpio.o
 .debug_line    0x0000000000002686      0x6b7 Drivers/STM32F1xx_HAL_Driver/Src/stm32f1xx_hal_rcc.o
 .debug_line    0x0000000000002d3d      0xdcf Drivers/STM32F1xx_HAL_Driver/Src/stm32f1xx_hal_uart.o
 .debug_line    0x0000000000003b0c      0x3d7 Drivers/STM32F1xx_HAL_Driver/Src/stm32f1xx_ll_gpio.o
 .debug_line    0x0000000000003ee3      0x6f1 Drivers/STM32F1xx_HAL_Driver/Src/stm32f1xx_ll_tim.o
 .debug_line    0x00000000000045d4      0x52a Drivers/STM32F1xx_HAL_Driver/Src/stm32f1xx_ll_utils.o
 .debug_line    0x0000000000004afe      0x29f Src/SerialClass.o
 .debug_line    0x0000000000004d9d      0x5e1 Src/can.o
 .debug_line    0x000000000000537e      0x429 Src/conf.o
 .debug_line    0x00000000000057a7      0x264 Src/led.o