stm32f1xx_it.cpp:96:10:void NMI_Handler()	0	static
stm32f1xx_it.cpp:109:10:void HardFault_Handler()	0	static
stm32f1xx_it.cpp:124:10:void MemManage_Handler()	0	static
stm32f1xx_it.cpp:139:10:void BusFault_Handler()	0	static
stm32f1xx_it.cpp:154:10:void UsageFault_Handler()	0	static
stm32f1xx_it.cpp:169:10:void SVC_Handler()	0	static
stm32f1xx_it.cpp:182:10:void DebugMon_Handler()	0	static
stm32f1xx_it.cpp:195:10:void PendSV_Handler()	0	static
stm32f1xx_it.cpp:208:10:void SysTick_Handler()	8	static
stm32f1xx_it.cpp:230:10:void USB_LP_CAN1_RX0_IRQHandler()	8	static
stm32f1xx_it.cpp:241:10:void TIM1_UP_IRQHandler()	0	static
stm32f1xx_it.cpp:256:10:void TIM3_IRQHandler()	8	static
stm32f1xx_it.cpp:269:10:void DMA1_Channel4_IRQHandler()	8	static
stm32f1xx_it.cpp:277:10:void DMA1_Channel5_IRQHandler()	8	static
stm32f1xx_it.cpp:282:10:void USART1_IRQHandler()	8	static
